Archive member included to satisfy reference by file (symbol)

C:/devkitPro/libtonc/lib\libtonc.a(tonc_oam.o)
                              main.o (oam_init)
C:/devkitPro/libtonc/lib\libtonc.a(tonc_input.o)
                              main.o (key_poll)
C:/devkitPro/libtonc/lib\libtonc.a(tonc_bios.o)
                              main.o (RegisterRamReset)
C:/devkitPro/libtonc/lib\libtonc.a(tonc_memcpy.o)
                              main.o (memcpy32)
C:/devkitPro/libtonc/lib\libtonc.a(tonc_memset.o)
                              main.o (memset32)
c:/devkitpro/devkitarm/bin/../lib/gcc/arm-none-eabi/12.1.0/thumb\libgcc.a(_divsi3.o)
                              main.o (__aeabi_idivmod)
c:/devkitpro/devkitarm/bin/../lib/gcc/arm-none-eabi/12.1.0/thumb\libgcc.a(_dvmd_tls.o)
                              c:/devkitpro/devkitarm/bin/../lib/gcc/arm-none-eabi/12.1.0/thumb\libgcc.a(_divsi3.o) (__aeabi_idiv0)
c:/devkitpro/devkitarm/bin/../lib/gcc/arm-none-eabi/12.1.0/../../../../arm-none-eabi/lib/thumb\libg.a(lib_a-init.o)
                              c:/devkitpro/devkitarm/bin/../lib/gcc/arm-none-eabi/12.1.0/../../../../arm-none-eabi/lib/thumb/gba_crt0.o (__libc_init_array)
c:/devkitpro/devkitarm/bin/../lib/gcc/arm-none-eabi/12.1.0/../../../../arm-none-eabi/lib/thumb\libg.a(lib_a-memcpy-stub.o)
                              main.o (memcpy)
c:/devkitpro/devkitarm/bin/../lib/gcc/arm-none-eabi/12.1.0/../../../../arm-none-eabi/lib/thumb\libsysbase.a(malloc_vars.o)
                              c:/devkitpro/devkitarm/bin/../lib/gcc/arm-none-eabi/12.1.0/../../../../arm-none-eabi/lib/thumb/gba_crt0.o (fake_heap_end)

Discarded input sections

 .text          0x0000000000000000        0x0 c:/devkitpro/devkitarm/bin/../lib/gcc/arm-none-eabi/12.1.0/../../../../arm-none-eabi/lib/thumb/gba_crt0.o
 .data          0x0000000000000000        0x0 c:/devkitpro/devkitarm/bin/../lib/gcc/arm-none-eabi/12.1.0/../../../../arm-none-eabi/lib/thumb/gba_crt0.o
 .bss           0x0000000000000000        0x0 c:/devkitpro/devkitarm/bin/../lib/gcc/arm-none-eabi/12.1.0/../../../../arm-none-eabi/lib/thumb/gba_crt0.o
 .text          0x0000000000000000        0x0 c:/devkitpro/devkitarm/bin/../lib/gcc/arm-none-eabi/12.1.0/thumb/crti.o
 .data          0x0000000000000000        0x0 c:/devkitpro/devkitarm/bin/../lib/gcc/arm-none-eabi/12.1.0/thumb/crti.o
 .bss           0x0000000000000000        0x0 c:/devkitpro/devkitarm/bin/../lib/gcc/arm-none-eabi/12.1.0/thumb/crti.o
 .text          0x0000000000000000        0x0 c:/devkitpro/devkitarm/bin/../lib/gcc/arm-none-eabi/12.1.0/thumb/crtbegin.o
 .data          0x0000000000000000        0x0 c:/devkitpro/devkitarm/bin/../lib/gcc/arm-none-eabi/12.1.0/thumb/crtbegin.o
 .bss           0x0000000000000000        0x0 c:/devkitpro/devkitarm/bin/../lib/gcc/arm-none-eabi/12.1.0/thumb/crtbegin.o
 .rodata.all_implied_fbits
                0x0000000000000000       0x24 c:/devkitpro/devkitarm/bin/../lib/gcc/arm-none-eabi/12.1.0/thumb/crtbegin.o
 .data.__dso_handle
                0x0000000000000000        0x4 c:/devkitpro/devkitarm/bin/../lib/gcc/arm-none-eabi/12.1.0/thumb/crtbegin.o
 .text          0x0000000000000000        0x0 amogus_blue.o
 .data          0x0000000000000000        0x0 amogus_blue.o
 .bss           0x0000000000000000        0x0 amogus_blue.o
 .text          0x0000000000000000        0x0 amogus_idle.o
 .data          0x0000000000000000        0x0 amogus_idle.o
 .bss           0x0000000000000000        0x0 amogus_idle.o
 .text          0x0000000000000000        0x0 amogus_run.o
 .data          0x0000000000000000        0x0 amogus_run.o
 .bss           0x0000000000000000        0x0 amogus_run.o
 .text          0x0000000000000000        0x0 img_menu_bmp.o
 .data          0x0000000000000000        0x0 img_menu_bmp.o
 .bss           0x0000000000000000        0x0 img_menu_bmp.o
 .data          0x0000000000000000        0x4 main.o
 .text          0x0000000000000000        0x0 map.o
 .data          0x0000000000000000        0x0 map.o
 .bss           0x0000000000000000        0x0 map.o
 .text          0x0000000000000000        0x0 tileset_map.o
 .data          0x0000000000000000        0x0 tileset_map.o
 .bss           0x0000000000000000        0x0 tileset_map.o
 .rodata        0x0000000000000000      0x600 tileset_map.o
 .debug_info    0x0000000000000000       0x7b tileset_map.o
 .debug_abbrev  0x0000000000000000       0x57 tileset_map.o
 .debug_aranges
                0x0000000000000000       0x18 tileset_map.o
 .debug_line    0x0000000000000000       0x59 tileset_map.o
 .debug_str     0x0000000000000000      0x121 tileset_map.o
 .comment       0x0000000000000000       0x24 tileset_map.o
 .text          0x0000000000000000        0x0 tileset_map2.o
 .data          0x0000000000000000        0x0 tileset_map2.o
 .bss           0x0000000000000000        0x0 tileset_map2.o
 .data          0x0000000000000000        0x0 C:/devkitPro/libtonc/lib\libtonc.a(tonc_oam.o)
 .bss           0x0000000000000000        0x0 C:/devkitPro/libtonc/lib\libtonc.a(tonc_oam.o)
 .data          0x0000000000000000        0x0 C:/devkitPro/libtonc/lib\libtonc.a(tonc_bios.o)
 .bss           0x0000000000000000        0x0 C:/devkitPro/libtonc/lib\libtonc.a(tonc_bios.o)
 .data          0x0000000000000000        0x0 C:/devkitPro/libtonc/lib\libtonc.a(tonc_memcpy.o)
 .bss           0x0000000000000000        0x0 C:/devkitPro/libtonc/lib\libtonc.a(tonc_memcpy.o)
 .text          0x0000000000000000       0x3c C:/devkitPro/libtonc/lib\libtonc.a(tonc_memset.o)
 .data          0x0000000000000000        0x0 C:/devkitPro/libtonc/lib\libtonc.a(tonc_memset.o)
 .bss           0x0000000000000000        0x0 C:/devkitPro/libtonc/lib\libtonc.a(tonc_memset.o)
 .data          0x0000000000000000        0x0 c:/devkitpro/devkitarm/bin/../lib/gcc/arm-none-eabi/12.1.0/thumb\libgcc.a(_divsi3.o)
 .bss           0x0000000000000000        0x0 c:/devkitpro/devkitarm/bin/../lib/gcc/arm-none-eabi/12.1.0/thumb\libgcc.a(_divsi3.o)
 .data          0x0000000000000000        0x0 c:/devkitpro/devkitarm/bin/../lib/gcc/arm-none-eabi/12.1.0/thumb\libgcc.a(_dvmd_tls.o)
 .bss           0x0000000000000000        0x0 c:/devkitpro/devkitarm/bin/../lib/gcc/arm-none-eabi/12.1.0/thumb\libgcc.a(_dvmd_tls.o)
 .text          0x0000000000000000        0x0 c:/devkitpro/devkitarm/bin/../lib/gcc/arm-none-eabi/12.1.0/../../../../arm-none-eabi/lib/thumb\libg.a(lib_a-init.o)
 .data          0x0000000000000000        0x0 c:/devkitpro/devkitarm/bin/../lib/gcc/arm-none-eabi/12.1.0/../../../../arm-none-eabi/lib/thumb\libg.a(lib_a-init.o)
 .bss           0x0000000000000000        0x0 c:/devkitpro/devkitarm/bin/../lib/gcc/arm-none-eabi/12.1.0/../../../../arm-none-eabi/lib/thumb\libg.a(lib_a-init.o)
 .text          0x0000000000000000        0x0 c:/devkitpro/devkitarm/bin/../lib/gcc/arm-none-eabi/12.1.0/../../../../arm-none-eabi/lib/thumb\libg.a(lib_a-memcpy-stub.o)
 .data          0x0000000000000000        0x0 c:/devkitpro/devkitarm/bin/../lib/gcc/arm-none-eabi/12.1.0/../../../../arm-none-eabi/lib/thumb\libg.a(lib_a-memcpy-stub.o)
 .bss           0x0000000000000000        0x0 c:/devkitpro/devkitarm/bin/../lib/gcc/arm-none-eabi/12.1.0/../../../../arm-none-eabi/lib/thumb\libg.a(lib_a-memcpy-stub.o)
 .text          0x0000000000000000        0x0 c:/devkitpro/devkitarm/bin/../lib/gcc/arm-none-eabi/12.1.0/../../../../arm-none-eabi/lib/thumb\libsysbase.a(malloc_vars.o)
 .data          0x0000000000000000        0x0 c:/devkitpro/devkitarm/bin/../lib/gcc/arm-none-eabi/12.1.0/../../../../arm-none-eabi/lib/thumb\libsysbase.a(malloc_vars.o)
 .bss           0x0000000000000000        0x0 c:/devkitpro/devkitarm/bin/../lib/gcc/arm-none-eabi/12.1.0/../../../../arm-none-eabi/lib/thumb\libsysbase.a(malloc_vars.o)
 .bss.fake_heap_start
                0x0000000000000000        0x4 c:/devkitpro/devkitarm/bin/../lib/gcc/arm-none-eabi/12.1.0/../../../../arm-none-eabi/lib/thumb\libsysbase.a(malloc_vars.o)
 .text          0x0000000000000000        0x0 c:/devkitpro/devkitarm/bin/../lib/gcc/arm-none-eabi/12.1.0/thumb/crtend.o
 .data          0x0000000000000000        0x0 c:/devkitpro/devkitarm/bin/../lib/gcc/arm-none-eabi/12.1.0/thumb/crtend.o
 .bss           0x0000000000000000        0x0 c:/devkitpro/devkitarm/bin/../lib/gcc/arm-none-eabi/12.1.0/thumb/crtend.o
 .rodata.all_implied_fbits
                0x0000000000000000       0x24 c:/devkitpro/devkitarm/bin/../lib/gcc/arm-none-eabi/12.1.0/thumb/crtend.o
 .text          0x0000000000000000        0x0 c:/devkitpro/devkitarm/bin/../lib/gcc/arm-none-eabi/12.1.0/thumb/crtn.o
 .data          0x0000000000000000        0x0 c:/devkitpro/devkitarm/bin/../lib/gcc/arm-none-eabi/12.1.0/thumb/crtn.o
 .bss           0x0000000000000000        0x0 c:/devkitpro/devkitarm/bin/../lib/gcc/arm-none-eabi/12.1.0/thumb/crtn.o

Memory Configuration

Name             Origin             Length             Attributes
rom              0x0000000008000000 0x0000000002000000
iwram            0x0000000003000000 0x0000000000008000
ewram            0x0000000002000000 0x0000000000040000
*default*        0x0000000000000000 0xffffffffffffffff

Linker script and memory map

                0x0000000008000000                __text_start = ORIGIN (rom)
                0x0000000002040000                __eheap_end = (ORIGIN (ewram) + LENGTH (ewram))
                0x0000000003000000                __iwram_start = ORIGIN (iwram)
                0x0000000003008000                __iwram_top = (ORIGIN (iwram) + LENGTH (iwram))
                0x0000000003007fa0                __sp_irq = (__iwram_top - 0x60)
                0x0000000003007f00                __sp_usr = (__sp_irq - 0xa0)
                0x0000000003007ff8                __irq_flags = 0x3007ff8
                0x0000000008000000                . = __text_start

.crt0           0x0000000008000000      0x210
 *(.crt0)
 .crt0          0x0000000008000000      0x210 c:/devkitpro/devkitarm/bin/../lib/gcc/arm-none-eabi/12.1.0/../../../../arm-none-eabi/lib/thumb/gba_crt0.o
                0x0000000008000000                _start
                0x00000000080000c4                __boot_method
                0x00000000080000c5                __slave_number
                0x00000000080000e0                start_vector
                0x0000000008000210                . = ALIGN (0x4)

.init           0x0000000008000210        0xc
 *(SORT_NONE(.init))
 .init          0x0000000008000210        0x4 c:/devkitpro/devkitarm/bin/../lib/gcc/arm-none-eabi/12.1.0/thumb/crti.o
                0x0000000008000210                _init
 .init          0x0000000008000214        0x8 c:/devkitpro/devkitarm/bin/../lib/gcc/arm-none-eabi/12.1.0/thumb/crtn.o

.plt            0x000000000800021c        0x0
 *(.plt)
                0x000000000800021c                . = ALIGN (0x4)

.text           0x0000000008000220      0xa20
 *(EXCLUDE_FILE(*.iwram*) .text*)
 .text.__do_global_dtors_aux
                0x0000000008000220       0x2c c:/devkitpro/devkitarm/bin/../lib/gcc/arm-none-eabi/12.1.0/thumb/crtbegin.o
 .text.frame_dummy
                0x000000000800024c       0x24 c:/devkitpro/devkitarm/bin/../lib/gcc/arm-none-eabi/12.1.0/thumb/crtbegin.o
 .text          0x0000000008000270      0x45c main.o
                0x00000000080003ac                loadSprite
                0x00000000080003d4                loadTileset
                0x0000000008000408                loadMap
                0x0000000008000430                changeState
                0x0000000008000448                initAmogus
                0x00000000080004b4                updateAmogus
                0x0000000008000614                animAmogus
                0x000000000800064c                initMenu
                0x0000000008000680                initGame
                0x00000000080006b0                updateGame
 .text.startup  0x00000000080006cc       0xec main.o
                0x00000000080006cc                main
 .text          0x00000000080007b8       0xbc C:/devkitPro/libtonc/lib\libtonc.a(tonc_oam.o)
                0x00000000080007b8                oam_init
                0x0000000008000800                obj_copy
                0x0000000008000820                obj_hide_multi
                0x0000000008000848                obj_unhide_multi
 .text          0x0000000008000874       0xa8 C:/devkitPro/libtonc/lib\libtonc.a(tonc_input.o)
                0x0000000008000874                key_poll
                0x00000000080008c8                key_wait_till_hit
                0x00000000080008ec                key_repeat
                0x00000000080008f8                key_repeat_mask
                0x0000000008000908                key_repeat_limits
 .text          0x000000000800091c       0x8c C:/devkitPro/libtonc/lib\libtonc.a(tonc_bios.o)
                0x000000000800091c                SoftReset
                0x0000000008000920                RegisterRamReset
                0x0000000008000924                Halt
                0x0000000008000928                Stop
                0x000000000800092c                IntrWait
                0x0000000008000930                VBlankIntrWait
                0x0000000008000934                Div
                0x0000000008000938                DivArm
                0x000000000800093c                Sqrt
                0x0000000008000940                ArcTan
                0x0000000008000944                ArcTan2
                0x0000000008000948                CpuSet
                0x000000000800094c                CpuFastSet
                0x0000000008000950                BiosCheckSum
                0x0000000008000954                BgAffineSet
                0x0000000008000958                ObjAffineSet
                0x000000000800095c                BitUnPack
                0x0000000008000960                LZ77UnCompWram
                0x0000000008000964                LZ77UnCompVram
                0x0000000008000968                HuffUnComp
                0x000000000800096c                RLUnCompWram
                0x0000000008000970                RLUnCompVram
                0x0000000008000974                Diff8bitUnFilterWram
                0x0000000008000978                Diff8bitUnFilterVram
                0x000000000800097c                Diff16bitUnFilter
                0x0000000008000980                SoundBias
                0x0000000008000984                SoundDriverInit
                0x0000000008000988                SoundDriverMode
                0x000000000800098c                SoundDriverMain
                0x0000000008000990                SoundDriverVSync
                0x0000000008000994                SoundChannelClear
                0x0000000008000998                MidiKey2Freq
                0x000000000800099c                MultiBoot
                0x00000000080009a0                SoundDriverVSyncOff
                0x00000000080009a4                SoundDriverVSyncOn
 .text          0x00000000080009a8       0x44 C:/devkitPro/libtonc/lib\libtonc.a(tonc_memcpy.o)
                0x00000000080009a8                memcpy16
 .text          0x00000000080009ec      0x150 c:/devkitpro/devkitarm/bin/../lib/gcc/arm-none-eabi/12.1.0/thumb\libgcc.a(_divsi3.o)
                0x00000000080009ec                __divsi3
                0x00000000080009ec                __aeabi_idiv
                0x0000000008000b1c                __aeabi_idivmod
 .text          0x0000000008000b3c        0x4 c:/devkitpro/devkitarm/bin/../lib/gcc/arm-none-eabi/12.1.0/thumb\libgcc.a(_dvmd_tls.o)
                0x0000000008000b3c                __aeabi_idiv0
                0x0000000008000b3c                __aeabi_ldiv0
 .text.__libc_init_array
                0x0000000008000b40       0x54 c:/devkitpro/devkitarm/bin/../lib/gcc/arm-none-eabi/12.1.0/../../../../arm-none-eabi/lib/thumb\libg.a(lib_a-init.o)
                0x0000000008000b40                __libc_init_array
 .text.memcpy   0x0000000008000b94       0x94 c:/devkitpro/devkitarm/bin/../lib/gcc/arm-none-eabi/12.1.0/../../../../arm-none-eabi/lib/thumb\libg.a(lib_a-memcpy-stub.o)
                0x0000000008000b94                memcpy
 .text.memcpy.__stub
                0x0000000008000c28       0x14 linker stubs
 *(.gnu.linkonce.t.*)
 *(.text.*personality*)
 *(.gnu.warning)
 *(.glue_7t)
 .glue_7t       0x0000000008000c40        0x0 linker stubs
 *(.glue_7)
 .glue_7        0x0000000008000c40        0x0 linker stubs
 *(.vfp11_veneer)
 .vfp11_veneer  0x0000000008000c40        0x0 linker stubs
                0x0000000008000c40                . = ALIGN (0x4)
                0x0000000008000c40                __text_end = .

.v4_bx          0x0000000008000c40        0x0
 .v4_bx         0x0000000008000c40        0x0 linker stubs

.iplt           0x0000000008000c40        0x0
 .iplt          0x0000000008000c40        0x0 c:/devkitpro/devkitarm/bin/../lib/gcc/arm-none-eabi/12.1.0/../../../../arm-none-eabi/lib/thumb/gba_crt0.o

.fini           0x0000000008000c40        0xc
 *(.fini)
 .fini          0x0000000008000c40        0x4 c:/devkitpro/devkitarm/bin/../lib/gcc/arm-none-eabi/12.1.0/thumb/crti.o
                0x0000000008000c40                _fini
 .fini          0x0000000008000c44        0x8 c:/devkitpro/devkitarm/bin/../lib/gcc/arm-none-eabi/12.1.0/thumb/crtn.o
                0x0000000008000c4c                . = ALIGN (0x4)

.rodata         0x0000000008000c4c    0x15f60
 *(.rodata)
 .rodata        0x0000000008000c4c      0xa00 amogus_blue.o
                0x0000000008000c4c                amogus_bluePal
                0x0000000008000e4c                amogus_blueTiles
 .rodata        0x000000000800164c      0x400 amogus_idle.o
                0x000000000800164c                amogus_idlePal
                0x000000000800184c                amogus_idleTiles
 .rodata        0x0000000008001a4c      0xa00 amogus_run.o
                0x0000000008001a4c                amogus_runPal
                0x0000000008001c4c                amogus_runTiles
 .rodata        0x000000000800244c    0x12c00 img_menu_bmp.o
                0x000000000800244c                img_menu_bmpBitmap
 .rodata        0x000000000801504c      0x800 map.o
                0x000000000801504c                tilemap
 .rodata        0x000000000801584c     0x1360 tileset_map2.o
                0x000000000801584c                tileset_map2Pal
                0x0000000008015a4c                tileset_map2Tiles
 *all.rodata*(*)
 *(.roda)
 *(.rodata.*)
 *(.gnu.linkonce.r*)
                0x0000000008016bac                . = ALIGN (0x4)

.ARM.extab
 *(.ARM.extab* .gnu.linkonce.armextab.*)
                0x0000000008016bac                __exidx_start = .

.ARM.exidx
 *(.ARM.exidx* .gnu.linkonce.armexidx.*)
                0x0000000008016bac                __exidx_end = .

.ctors          0x0000000008016bac        0x0
 *crtbegin.o(.ctors)
 *(EXCLUDE_FILE(*crtend.o) .ctors)
 *(SORT_BY_NAME(.ctors.*))
 *(.ctors)
                0x0000000008016bac                . = ALIGN (0x4)

.dtors          0x0000000008016bac        0x0
 *crtbegin.o(.dtors)
 *(EXCLUDE_FILE(*crtend.o) .dtors)
 *(SORT_BY_NAME(.dtors.*))
 *(.dtors)
                0x0000000008016bac                . = ALIGN (0x4)

.eh_frame       0x0000000008016bac        0x4
 *(.eh_frame)
 .eh_frame      0x0000000008016bac        0x0 c:/devkitpro/devkitarm/bin/../lib/gcc/arm-none-eabi/12.1.0/thumb/crtbegin.o
 .eh_frame      0x0000000008016bac        0x4 c:/devkitpro/devkitarm/bin/../lib/gcc/arm-none-eabi/12.1.0/thumb/crtend.o
                0x0000000008016bb0                . = ALIGN (0x4)

.gcc_except_table
                0x0000000008016bb0        0x0
 *(.gcc_except_table)
                0x0000000008016bb0                . = ALIGN (0x4)
                0x0000000008016bb0                __iwram_lma = .

.iwram          0x0000000003000000       0x84 load address 0x0000000008016bb0
                0x0000000003000000                __iwram_start__ = ABSOLUTE (.)
 *(.iwram .iwram*)
 .iwram         0x0000000003000000       0x38 C:/devkitPro/libtonc/lib\libtonc.a(tonc_memcpy.o)
                0x0000000003000000                memcpy32
 .iwram         0x0000000003000038       0x4c C:/devkitPro/libtonc/lib\libtonc.a(tonc_memset.o)
                0x0000000003000038                memset32
 *iwram.*(.text* .data*)
                0x0000000003000084                . = ALIGN (0x4)
                0x0000000003000084                __iwram_end__ = ABSOLUTE (.)
                0x0000000008016c34                __data_lma = (__iwram_lma + SIZEOF (.iwram))

.bss            0x0000000003000084      0x47c
                0x0000000003000084                __bss_start = ABSOLUTE (.)
                0x0000000003000084                __bss_start__ = ABSOLUTE (.)
 *(.dynbss)
 *(.gnu.linkonce.b*)
 *(.bss*)
 .bss.completed.1
                0x0000000003000084        0x1 c:/devkitpro/devkitarm/bin/../lib/gcc/arm-none-eabi/12.1.0/thumb/crtbegin.o
 *fill*         0x0000000003000085        0x3 
 .bss.object.0  0x0000000003000088       0x18 c:/devkitpro/devkitarm/bin/../lib/gcc/arm-none-eabi/12.1.0/thumb/crtbegin.o
 .bss           0x00000000030000a0      0x458 main.o
                0x00000000030000a0                am
                0x00000000030000c4                mx
                0x00000000030000c8                my
                0x00000000030000cc                am2
                0x00000000030000f0                state
                0x00000000030000f4                tick
                0x00000000030000f8                obj_buffer
 .bss           0x00000000030004f8        0x4 C:/devkitPro/libtonc/lib\libtonc.a(tonc_input.o)
                0x00000000030004f8                __key_curr
                0x00000000030004fa                __key_prev
 .bss.fake_heap_end
                0x00000000030004fc        0x4 c:/devkitpro/devkitarm/bin/../lib/gcc/arm-none-eabi/12.1.0/../../../../arm-none-eabi/lib/thumb\libsysbase.a(malloc_vars.o)
                0x00000000030004fc                fake_heap_end
 *(COMMON)
                0x0000000003000500                . = ALIGN (0x4)
                0x0000000003000500                __bss_end__ = ABSOLUTE (.)

.data           0x0000000003000500        0x8 load address 0x0000000008016c34
                0x0000000003000500                __data_start__ = ABSOLUTE (.)
 *(.data*)
 .data          0x0000000003000500        0x8 C:/devkitPro/libtonc/lib\libtonc.a(tonc_input.o)
                0x0000000003000500                __key_rpt
 *(.gnu.linkonce.d*)
                0x0000000003000508                . = ALIGN (0x4)
                0x0000000008016c3c                __preinit_lma = (__data_lma + SIZEOF (.data))

.igot.plt       0x0000000003000508        0x0 load address 0x0000000008016c3c
 .igot.plt      0x0000000003000508        0x0 c:/devkitpro/devkitarm/bin/../lib/gcc/arm-none-eabi/12.1.0/../../../../arm-none-eabi/lib/thumb/gba_crt0.o

.preinit_array  0x0000000003000508        0x0 load address 0x0000000008016c3c
                0x0000000003000508                __preinit_array_start = ABSOLUTE (.)
 *(.preinit_array)
                0x0000000003000508                __preinit_array_end = ABSOLUTE (.)
                0x0000000008016c3c                __init_lma = (__preinit_lma + SIZEOF (.preinit_array))

.init_array     0x0000000003000508        0x4 load address 0x0000000008016c3c
                0x0000000003000508                __init_array_start = ABSOLUTE (.)
 *(SORT_BY_NAME(.init_array.*))
 *(.init_array)
 .init_array    0x0000000003000508        0x4 c:/devkitpro/devkitarm/bin/../lib/gcc/arm-none-eabi/12.1.0/thumb/crtbegin.o
                0x000000000300050c                __init_array_end = ABSOLUTE (.)
                0x0000000008016c40                __fini_lma = (__init_lma + SIZEOF (.init_array))

.fini_array     0x000000000300050c        0x4 load address 0x0000000008016c40
                0x000000000300050c                __fini_array_start = ABSOLUTE (.)
 *(SORT_BY_NAME(.fini_array.*))
 *(.fini_array)
 .fini_array    0x000000000300050c        0x4 c:/devkitpro/devkitarm/bin/../lib/gcc/arm-none-eabi/12.1.0/thumb/crtbegin.o
                0x0000000003000510                __fini_array_end = ABSOLUTE (.)
                0x0000000008016c44                __jcr_lma = (__fini_lma + SIZEOF (.fini_array))

.jcr            0x0000000003000510        0x0 load address 0x0000000008016c44
 *(.jcr)
                0x0000000003000510                __data_end__ = ABSOLUTE (.)
                0x0000000008016c44                __iwram_overlay_lma = (__jcr_lma + SIZEOF (.jcr))
                0x0000000003000510                __iwram_overlay_start = .

.iwram0         0x0000000003000510        0x0 load address 0x0000000008016c44
 *(.iwram0)
                0x0000000003000510                . = ALIGN (0x4)
                0x0000000008016c44                PROVIDE (__load_start_iwram0 = LOADADDR (.iwram0))
                0x0000000008016c44                PROVIDE (__load_stop_iwram0 = (LOADADDR (.iwram0) + SIZEOF (.iwram0)))

.iwram1         0x0000000003000510        0x0
 *(.iwram1)
                0x0000000003000510                . = ALIGN (0x4)
                [!provide]                        PROVIDE (__load_start_iwram1 = LOADADDR (.iwram1))
                [!provide]                        PROVIDE (__load_stop_iwram1 = (LOADADDR (.iwram1) + SIZEOF (.iwram1)))

.iwram2         0x0000000003000510        0x0
 *(.iwram2)
                0x0000000003000510                . = ALIGN (0x4)
                [!provide]                        PROVIDE (__load_start_iwram2 = LOADADDR (.iwram2))
                [!provide]                        PROVIDE (__load_stop_iwram2 = (LOADADDR (.iwram2) + SIZEOF (.iwram2)))

.iwram3         0x0000000003000510        0x0
 *(.iwram3)
                0x0000000003000510                . = ALIGN (0x4)
                [!provide]                        PROVIDE (__load_start_iwram3 = LOADADDR (.iwram3))
                [!provide]                        PROVIDE (__load_stop_iwram3 = (LOADADDR (.iwram3) + SIZEOF (.iwram3)))

.iwram4         0x0000000003000510        0x0
 *(.iwram4)
                0x0000000003000510                . = ALIGN (0x4)
                [!provide]                        PROVIDE (__load_start_iwram4 = LOADADDR (.iwram4))
                [!provide]                        PROVIDE (__load_stop_iwram4 = (LOADADDR (.iwram4) + SIZEOF (.iwram4)))

.iwram5         0x0000000003000510        0x0
 *(.iwram5)
                0x0000000003000510                . = ALIGN (0x4)
                [!provide]                        PROVIDE (__load_start_iwram5 = LOADADDR (.iwram5))
                [!provide]                        PROVIDE (__load_stop_iwram5 = (LOADADDR (.iwram5) + SIZEOF (.iwram5)))

.iwram6         0x0000000003000510        0x0
 *(.iwram6)
                0x0000000003000510                . = ALIGN (0x4)
                [!provide]                        PROVIDE (__load_start_iwram6 = LOADADDR (.iwram6))
                [!provide]                        PROVIDE (__load_stop_iwram6 = (LOADADDR (.iwram6) + SIZEOF (.iwram6)))

.iwram7         0x0000000003000510        0x0
 *(.iwram7)
                0x0000000003000510                . = ALIGN (0x4)
                [!provide]                        PROVIDE (__load_start_iwram7 = LOADADDR (.iwram7))
                [!provide]                        PROVIDE (__load_stop_iwram7 = (LOADADDR (.iwram7) + SIZEOF (.iwram7)))

.iwram8         0x0000000003000510        0x0
 *(.iwram8)
                0x0000000003000510                . = ALIGN (0x4)
                [!provide]                        PROVIDE (__load_start_iwram8 = LOADADDR (.iwram8))
                [!provide]                        PROVIDE (__load_stop_iwram8 = (LOADADDR (.iwram8) + SIZEOF (.iwram8)))

.iwram9         0x0000000003000510        0x0
 *(.iwram9)
                0x0000000003000510                . = ALIGN (0x4)
                [!provide]                        PROVIDE (__load_start_iwram9 = LOADADDR (.iwram9))
                [!provide]                        PROVIDE (__load_stop_iwram9 = (LOADADDR (.iwram9) + SIZEOF (.iwram9)))
                0x0000000003000510                __iwram_overlay_end = .
                0x0000000008016c44                __ewram_lma = (__iwram_overlay_lma + (__iwram_overlay_end - __iwram_overlay_start))
                0x0000000003000510                __iheap_start = .
                0x0000000002000000                __ewram_start = ORIGIN (ewram)

.ewram          0x0000000002000000        0x0 load address 0x0000000008016c44
 *(.ewram*)
                0x0000000002000000                . = ALIGN (0x4)
                0x0000000002000000                __ewram_end = ABSOLUTE (.)
                0x0000000008016c44                __pad_lma = (__ewram_lma + SIZEOF (.ewram))

.sbss           0x0000000002000000        0x0
                0x0000000002000000                __sbss_start__ = ABSOLUTE (.)
 *(.sbss*)
                0x0000000002000000                . = ALIGN (0x4)
                0x0000000002000000                __sbss_end__ = ABSOLUTE (.)
                0x0000000002000000                __end__ = ABSOLUTE (.)
                0x0000000002000000                __eheap_start = ABSOLUTE (.)

.pad            0x0000000002000000        0x8 load address 0x0000000008016c44
                0x0000000002000000        0x4 LONG 0x52416b64
                0x0000000002000004        0x4 LONG 0x4d
                0x0000000002000008                . = ALIGN (0x4)
                0x0000000008016c4c                __rom_end__ = (__pad_lma + SIZEOF (.pad))

.rel.dyn        0x0000000002000008        0x0 load address 0x0000000008016c4c
 .rel.iplt      0x0000000002000008        0x0 c:/devkitpro/devkitarm/bin/../lib/gcc/arm-none-eabi/12.1.0/../../../../arm-none-eabi/lib/thumb/gba_crt0.o

.stab
 *(.stab)

.stabstr
 *(.stabstr)

.stab.excl
 *(.stab.excl)

.stab.exclstr
 *(.stab.exclstr)

.stab.index
 *(.stab.index)

.stab.indexstr
 *(.stab.indexstr)

.comment        0x0000000000000000       0x45
 *(.comment)
 .comment       0x0000000000000000       0x23 c:/devkitpro/devkitarm/bin/../lib/gcc/arm-none-eabi/12.1.0/thumb/crtbegin.o
                                         0x24 (size before relaxing)
 .comment       0x0000000000000023       0x24 amogus_blue.o
 .comment       0x0000000000000023       0x24 amogus_idle.o
 .comment       0x0000000000000023       0x24 amogus_run.o
 .comment       0x0000000000000023       0x24 img_menu_bmp.o
 .comment       0x0000000000000023       0x24 main.o
 .comment       0x0000000000000023       0x24 map.o
 .comment       0x0000000000000023       0x24 tileset_map2.o
 .comment       0x0000000000000023       0x22 C:/devkitPro/libtonc/lib\libtonc.a(tonc_oam.o)
                                         0x23 (size before relaxing)
 .comment       0x0000000000000045       0x23 C:/devkitPro/libtonc/lib\libtonc.a(tonc_input.o)
 .comment       0x0000000000000045       0x24 c:/devkitpro/devkitarm/bin/../lib/gcc/arm-none-eabi/12.1.0/../../../../arm-none-eabi/lib/thumb\libg.a(lib_a-init.o)
 .comment       0x0000000000000045       0x24 c:/devkitpro/devkitarm/bin/../lib/gcc/arm-none-eabi/12.1.0/../../../../arm-none-eabi/lib/thumb\libg.a(lib_a-memcpy-stub.o)
 .comment       0x0000000000000045       0x24 c:/devkitpro/devkitarm/bin/../lib/gcc/arm-none-eabi/12.1.0/../../../../arm-none-eabi/lib/thumb\libsysbase.a(malloc_vars.o)
 .comment       0x0000000000000045       0x24 c:/devkitpro/devkitarm/bin/../lib/gcc/arm-none-eabi/12.1.0/thumb/crtend.o

.debug
 *(.debug)

.line
 *(.line)

.debug_srcinfo
 *(.debug_srcinfo)

.debug_sfnames
 *(.debug_sfnames)

.debug_aranges  0x0000000000000000       0xb8
 *(.debug_aranges)
 .debug_aranges
                0x0000000000000000       0x18 amogus_blue.o
 .debug_aranges
                0x0000000000000018       0x18 amogus_idle.o
 .debug_aranges
                0x0000000000000030       0x18 amogus_run.o
 .debug_aranges
                0x0000000000000048       0x18 img_menu_bmp.o
 .debug_aranges
                0x0000000000000060       0x28 main.o
 .debug_aranges
                0x0000000000000088       0x18 map.o
 .debug_aranges
                0x00000000000000a0       0x18 tileset_map2.o

.debug_pubnames
 *(.debug_pubnames)

.debug_info     0x0000000000000000     0x1664
 *(.debug_info)
 .debug_info    0x0000000000000000       0x7b amogus_blue.o
 .debug_info    0x000000000000007b       0x65 amogus_idle.o
 .debug_info    0x00000000000000e0       0x7b amogus_run.o
 .debug_info    0x000000000000015b       0x59 img_menu_bmp.o
 .debug_info    0x00000000000001b4     0x13ce main.o
 .debug_info    0x0000000000001582       0x60 map.o
 .debug_info    0x00000000000015e2       0x82 tileset_map2.o

.debug_abbrev   0x0000000000000000      0x60d
 *(.debug_abbrev)
 .debug_abbrev  0x0000000000000000       0x57 amogus_blue.o
 .debug_abbrev  0x0000000000000057       0x4e amogus_idle.o
 .debug_abbrev  0x00000000000000a5       0x57 amogus_run.o
 .debug_abbrev  0x00000000000000fc       0x4b img_menu_bmp.o
 .debug_abbrev  0x0000000000000147      0x405 main.o
 .debug_abbrev  0x000000000000054c       0x57 map.o
 .debug_abbrev  0x00000000000005a3       0x6a tileset_map2.o

.debug_line     0x0000000000000000      0xb1d
 *(.debug_line)
 .debug_line    0x0000000000000000       0x59 amogus_blue.o
 .debug_line    0x0000000000000059       0x59 amogus_idle.o
 .debug_line    0x00000000000000b2       0x58 amogus_run.o
 .debug_line    0x000000000000010a       0x5a img_menu_bmp.o
 .debug_line    0x0000000000000164      0x905 main.o
 .debug_line    0x0000000000000a69       0x5a map.o
 .debug_line    0x0000000000000ac3       0x5a tileset_map2.o

.debug_frame    0x0000000000000000      0x188
 *(.debug_frame)
 .debug_frame   0x0000000000000000      0x188 main.o

.debug_str      0x0000000000000000      0x5fc
 *(.debug_str)
 .debug_str     0x0000000000000000      0x114 amogus_blue.o
                                        0x121 (size before relaxing)
 .debug_str     0x0000000000000114       0x59 amogus_idle.o
                                        0x121 (size before relaxing)
 .debug_str     0x000000000000016d       0x56 amogus_run.o
                                        0x11e (size before relaxing)
 .debug_str     0x00000000000001c3       0x4d img_menu_bmp.o
                                        0x115 (size before relaxing)
 .debug_str     0x0000000000000210      0x381 main.o
                                        0x4fa (size before relaxing)
 .debug_str     0x0000000000000591       0x31 map.o
                                        0x101 (size before relaxing)
 .debug_str     0x00000000000005c2       0x3a tileset_map2.o
                                        0x124 (size before relaxing)

.debug_loc
 *(.debug_loc)

.debug_macinfo
 *(.debug_macinfo)

.debug_weaknames
 *(.debug_weaknames)

.debug_funcnames
 *(.debug_funcnames)

.debug_typenames
 *(.debug_typenames)

.debug_varnames
 *(.debug_varnames)

.stack          0x0000000000080000        0x0
                0x0000000000080000                _stack = .
 *(.stack)

.note.gnu.arm.ident
 *(.note.gnu.arm.ident)

.ARM.attributes
                0x0000000000000000       0x2c
 *(.ARM.attributes)
 .ARM.attributes
                0x0000000000000000       0x20 c:/devkitpro/devkitarm/bin/../lib/gcc/arm-none-eabi/12.1.0/../../../../arm-none-eabi/lib/thumb/gba_crt0.o
 .ARM.attributes
                0x0000000000000020       0x1c c:/devkitpro/devkitarm/bin/../lib/gcc/arm-none-eabi/12.1.0/thumb/crti.o
 .ARM.attributes
                0x000000000000003c       0x2a c:/devkitpro/devkitarm/bin/../lib/gcc/arm-none-eabi/12.1.0/thumb/crtbegin.o
 .ARM.attributes
                0x0000000000000066       0x26 amogus_blue.o
 .ARM.attributes
                0x000000000000008c       0x26 amogus_idle.o
 .ARM.attributes
                0x00000000000000b2       0x26 amogus_run.o
 .ARM.attributes
                0x00000000000000d8       0x26 img_menu_bmp.o
 .ARM.attributes
                0x00000000000000fe       0x26 main.o
 .ARM.attributes
                0x0000000000000124       0x26 map.o
 .ARM.attributes
                0x000000000000014a       0x26 tileset_map.o
 .ARM.attributes
                0x0000000000000170       0x26 tileset_map2.o
 .ARM.attributes
                0x0000000000000196       0x2a C:/devkitPro/libtonc/lib\libtonc.a(tonc_oam.o)
 .ARM.attributes
                0x00000000000001c0       0x2a C:/devkitPro/libtonc/lib\libtonc.a(tonc_input.o)
 .ARM.attributes
                0x00000000000001ea       0x1a C:/devkitPro/libtonc/lib\libtonc.a(tonc_bios.o)
 .ARM.attributes
                0x0000000000000204       0x1a C:/devkitPro/libtonc/lib\libtonc.a(tonc_memcpy.o)
 .ARM.attributes
                0x000000000000021e       0x1a C:/devkitPro/libtonc/lib\libtonc.a(tonc_memset.o)
 .ARM.attributes
                0x0000000000000238       0x1c c:/devkitpro/devkitarm/bin/../lib/gcc/arm-none-eabi/12.1.0/thumb\libgcc.a(_divsi3.o)
 .ARM.attributes
                0x0000000000000254       0x1c c:/devkitpro/devkitarm/bin/../lib/gcc/arm-none-eabi/12.1.0/thumb\libgcc.a(_dvmd_tls.o)
 .ARM.attributes
                0x0000000000000270       0x2a c:/devkitpro/devkitarm/bin/../lib/gcc/arm-none-eabi/12.1.0/../../../../arm-none-eabi/lib/thumb\libg.a(lib_a-init.o)
 .ARM.attributes
                0x000000000000029a       0x2a c:/devkitpro/devkitarm/bin/../lib/gcc/arm-none-eabi/12.1.0/../../../../arm-none-eabi/lib/thumb\libg.a(lib_a-memcpy-stub.o)
 .ARM.attributes
                0x00000000000002c4       0x2a c:/devkitpro/devkitarm/bin/../lib/gcc/arm-none-eabi/12.1.0/../../../../arm-none-eabi/lib/thumb\libsysbase.a(malloc_vars.o)
 .ARM.attributes
                0x00000000000002ee       0x2a c:/devkitpro/devkitarm/bin/../lib/gcc/arm-none-eabi/12.1.0/thumb/crtend.o
 .ARM.attributes
                0x0000000000000318       0x1c c:/devkitpro/devkitarm/bin/../lib/gcc/arm-none-eabi/12.1.0/thumb/crtn.o

/DISCARD/
 *(.note.GNU-stack)
LOAD c:/devkitpro/devkitarm/bin/../lib/gcc/arm-none-eabi/12.1.0/../../../../arm-none-eabi/lib/thumb/gba_crt0.o
LOAD c:/devkitpro/devkitarm/bin/../lib/gcc/arm-none-eabi/12.1.0/thumb/crti.o
LOAD c:/devkitpro/devkitarm/bin/../lib/gcc/arm-none-eabi/12.1.0/thumb/crtbegin.o
LOAD amogus_blue.o
LOAD amogus_idle.o
LOAD amogus_run.o
LOAD img_menu_bmp.o
LOAD main.o
LOAD map.o
LOAD tileset_map.o
LOAD tileset_map2.o
LOAD C:/devkitPro/libgba/lib\libmm.a
LOAD C:/devkitPro/libtonc/lib\libtonc.a
START GROUP
LOAD c:/devkitpro/devkitarm/bin/../lib/gcc/arm-none-eabi/12.1.0/thumb\libgcc.a
LOAD c:/devkitpro/devkitarm/bin/../lib/gcc/arm-none-eabi/12.1.0/../../../../arm-none-eabi/lib/thumb\libg.a
LOAD c:/devkitpro/devkitarm/bin/../lib/gcc/arm-none-eabi/12.1.0/../../../../arm-none-eabi/lib/thumb\libc.a
LOAD c:/devkitpro/devkitarm/bin/../lib/gcc/arm-none-eabi/12.1.0/../../../../arm-none-eabi/lib/thumb\libsysbase.a
END GROUP
LOAD c:/devkitpro/devkitarm/bin/../lib/gcc/arm-none-eabi/12.1.0/thumb/crtend.o
LOAD c:/devkitpro/devkitarm/bin/../lib/gcc/arm-none-eabi/12.1.0/thumb/crtn.o
OUTPUT(C:/Users/ATS/Documents/C/GBA/amogus/amogus.elf elf32-littlearm)
LOAD linker stubs

.debug_loclists
                0x0000000000000000      0x73d
 .debug_loclists
                0x0000000000000000      0x73d main.o

.debug_rnglists
                0x0000000000000000      0x109
 .debug_rnglists
                0x0000000000000000      0x109 main.o
