Archive member included to satisfy reference by file (symbol)

C:/devkitPro/libgba/lib\libmm.a(mm_mas.o)
                              main.o (mmStart)
C:/devkitPro/libgba/lib\libmm.a(mm_main.o)
                              C:/devkitPro/libgba/lib\libmm.a(mm_mas.o) (mmCallback)
C:/devkitPro/libgba/lib\libmm.a(mm_effect.o)
                              main.o (mmEffectEx)
C:/devkitPro/libgba/lib\libmm.a(mm_mas_arm.o)
                              C:/devkitPro/libgba/lib\libmm.a(mm_mas.o) (mmAllocChannel)
C:/devkitPro/libgba/lib\libmm.a(mm_mixer_gba.o)
                              main.o (mmVBlank)
C:/devkitPro/libgba/lib\libmm.a(mm_init_default.o)
                              main.o (mmInitDefault)
C:/devkitPro/libgba/lib\libmm.a(mm_main_gba.o)
                              C:/devkitPro/libgba/lib\libmm.a(mm_mixer_gba.o) (mm_vblank_function)
C:/devkitPro/libtonc/lib\libtonc.a(tonc_irq.o)
                              main.o (irq_init)
C:/devkitPro/libtonc/lib\libtonc.a(tonc_core.o)
                              main.o (__qran_seed)
C:/devkitPro/libtonc/lib\libtonc.a(tonc_oam.o)
                              void.o (oam_init)
C:/devkitPro/libtonc/lib\libtonc.a(tonc_input.o)
                              main.o (key_poll)
C:/devkitPro/libtonc/lib\libtonc.a(tte_init_chr4c.o)
                              main.o (tte_init_chr4c)
C:/devkitPro/libtonc/lib\libtonc.a(tte_main.o)
                              C:/devkitPro/libtonc/lib\libtonc.a(tte_init_chr4c.o) (tte_init_base)
C:/devkitPro/libtonc/lib\libtonc.a(chr4c_drawg_b1cts.o)
                              C:/devkitPro/libtonc/lib\libtonc.a(tte_init_chr4c.o) (chr4c_drawg_b1cts)
C:/devkitPro/libtonc/lib\libtonc.a(chr4c_drawg_b4cts.o)
                              main.o (chr4c_drawg_b4cts)
C:/devkitPro/libtonc/lib\libtonc.a(tte_iohook.o)
                              main.o (tte_init_con)
C:/devkitPro/libtonc/lib\libtonc.a(tte_init_bmp.o)
                              main.o (tte_init_bmp)
C:/devkitPro/libtonc/lib\libtonc.a(bmp8_drawg_b1cs.o)
                              C:/devkitPro/libtonc/lib\libtonc.a(tte_init_bmp.o) (bmp8_drawg_b1cts)
C:/devkitPro/libtonc/lib\libtonc.a(tonc_bios.o)
                              main.o (RegisterRamReset)
C:/devkitPro/libtonc/lib\libtonc.a(tonc_memcpy.o)
                              void.o (memcpy32)
C:/devkitPro/libtonc/lib\libtonc.a(tonc_bios_ex.o)
                              C:/devkitPro/libtonc/lib\libtonc.a(tte_main.o) (VBlankIntrDelay)
C:/devkitPro/libtonc/lib\libtonc.a(tonc_nocash.o)
                              main.o (nocash_puts)
C:/devkitPro/libtonc/lib\libtonc.a(tonc_isr_master.o)
                              C:/devkitPro/libtonc/lib\libtonc.a(tonc_irq.o) (isr_master)
C:/devkitPro/libtonc/lib\libtonc.a(tonc_memset.o)
                              C:/devkitPro/libtonc/lib\libtonc.a(tonc_irq.o) (memset32)
C:/devkitPro/libtonc/lib\libtonc.a(verdana9.o)
                              main.o (verdana9Font)
C:/devkitPro/libtonc/lib\libtonc.a(sys8.o)
                              C:/devkitPro/libtonc/lib\libtonc.a(tte_main.o) (sys8Font)
C:/devkitPro/libtonc/lib\libtonc.a(verdana9_b4.o)
                              main.o (verdana9_b4Font)
C:/devkitPro/libtonc/lib\libtonc.a(tonc_sbmp8.o)
                              C:/devkitPro/libtonc/lib\libtonc.a(tte_init_bmp.o) (sbmp8_rect)
C:/devkitPro/libtonc/lib\libtonc.a(tonc_schr4c.o)
                              C:/devkitPro/libtonc/lib\libtonc.a(tte_init_chr4c.o) (schr4c_rect)
C:/devkitPro/libtonc/lib\libtonc.a(tonc_surface.o)
                              C:/devkitPro/libtonc/lib\libtonc.a(tte_init_chr4c.o) (srf_init)
C:/devkitPro/libtonc/lib\libtonc.a(tonc_sbmp16.o)
                              C:/devkitPro/libtonc/lib\libtonc.a(tte_init_bmp.o) (sbmp16_rect)
C:/devkitPro/libtonc/lib\libtonc.a(bmp16_drawg_b1cs.o)
                              C:/devkitPro/libtonc/lib\libtonc.a(tte_init_bmp.o) (bmp16_drawg_b1cts)
c:/devkitpro/devkitarm/bin/../lib/gcc/arm-none-eabi/12.1.0/thumb\libgcc.a(_udivsi3.o)
                              void.o (__aeabi_uidiv)
c:/devkitpro/devkitarm/bin/../lib/gcc/arm-none-eabi/12.1.0/thumb\libgcc.a(_divsi3.o)
                              main.o (__aeabi_idiv)
c:/devkitpro/devkitarm/bin/../lib/gcc/arm-none-eabi/12.1.0/thumb\libgcc.a(_dvmd_tls.o)
                              c:/devkitpro/devkitarm/bin/../lib/gcc/arm-none-eabi/12.1.0/thumb\libgcc.a(_udivsi3.o) (__aeabi_idiv0)
c:/devkitpro/devkitarm/bin/../lib/gcc/arm-none-eabi/12.1.0/thumb\libgcc.a(_call_via_rX.o)
                              C:/devkitPro/libgba/lib\libmm.a(mm_main_gba.o) (_call_via_r1)
c:/devkitpro/devkitarm/bin/../lib/gcc/arm-none-eabi/12.1.0/../../../../arm-none-eabi/lib/thumb\libg.a(lib_a-ctype_.o)
                              C:/devkitPro/libtonc/lib\libtonc.a(tte_main.o) (_ctype_)
[...]
Memory Configuration

Name             Origin             Length             Attributes
rom              0x0000000008000000 0x0000000002000000
iwram            0x0000000003000000 0x0000000000008000
ewram            0x0000000002000000 0x0000000000040000
*default*        0x0000000000000000 0xffffffffffffffff

Linker script and memory map

                0x0000000008000000                __text_start = ORIGIN (rom)
                0x0000000002040000                __eheap_end = (ORIGIN (ewram) + LENGTH (ewram))
                0x0000000003000000                __iwram_start = ORIGIN (iwram)
                0x0000000003008000                __iwram_top = (ORIGIN (iwram) + LENGTH (iwram))
                0x0000000003007fa0                __sp_irq = (__iwram_top - 0x60)
                0x0000000003007f00                __sp_usr = (__sp_irq - 0xa0)
                0x0000000003007ff8                __irq_flags = 0x3007ff8
                0x0000000008000000                . = __text_start

.crt0           0x0000000008000000      0x210
 *(.crt0)
 .crt0          0x0000000008000000      0x210 c:/devkitpro/devkitarm/bin/../lib/gcc/arm-none-eabi/12.1.0/../../../../arm-none-eabi/lib/thumb/gba_crt0.o
                0x0000000008000000                _start
                0x00000000080000c4                __boot_method
                0x00000000080000c5                __slave_number
                0x00000000080000e0                start_vector
                0x0000000008000210                . = ALIGN (0x4)

.init           0x0000000008000210        0xc
 *(SORT_NONE(.init))
 .init          0x0000000008000210        0x4 c:/devkitpro/devkitarm/bin/../lib/gcc/arm-none-eabi/12.1.0/thumb/crti.o
                0x0000000008000210                _init
 .init          0x0000000008000214        0x8 c:/devkitpro/devkitarm/bin/../lib/gcc/arm-none-eabi/12.1.0/thumb/crtn.o

.plt            0x000000000800021c        0x0
 *(.plt)
                0x000000000800021c                . = ALIGN (0x4)

.text           0x0000000008000220     0xca58
 *(EXCLUDE_FILE(*.iwram*) .text*)
 .text.__do_global_dtors_aux
                0x0000000008000220       0x2c c:/devkitpro/devkitarm/bin/../lib/gcc/arm-none-eabi/12.1.0/thumb/crtbegin.o
 .text.frame_dummy
                0x000000000800024c       0x24 c:/devkitpro/devkitarm/bin/../lib/gcc/arm-none-eabi/12.1.0/thumb/crtbegin.o
 .text          0x0000000008000270      0x72c main.o
                0x0000000008000270                updateCoinAndPlayer()
                0x00000000080005a8                initGameOver()
                0x00000000080005f0                initIntro()
                0x000000000800062c                initMenu()
                0x0000000008000674                initSlide()
                0x0000000008000784                initGame()
                0x00000000080008d8                updateGame()
                0x000000000800096c                resetGame()
 .text.startup  0x000000000800099c      0x258 main.o
                0x000000000800099c                main
 .text          0x0000000008000bf4      0x2ac void.o
                0x0000000008000bf4                initVoid
                0x0000000008000c20                initOam
                0x0000000008000c3c                loadObjectsToOam
                0x0000000008000c64                getMode
                0x0000000008000c6c                setMode
                0x0000000008000c74                spr
                0x0000000008000d28                flipSprite
                0x0000000008000d44                setObjectPosition
                0x0000000008000d68                setAnim
                0x0000000008000dd8                moveBg
                0x0000000008000e60                PixelToTileX
                0x0000000008000e64                PixelToTileY
                0x0000000008000e68                TileToPixelX
                0x0000000008000e78                TileToPixelY
                0x0000000008000e88                mget
 .text          0x0000000008000ea0     0x1570 C:/devkitPro/libgba/lib\libmm.a(mm_mas.o)
                0x0000000008000f14                mmStart
                0x0000000008000f34                mmJingle
                0x0000000008000f3a                mmPlayModule
                0x0000000008001004                mmPause
                0x0000000008001020                mmResume
                0x0000000008001030                mmActive
                0x0000000008001036                mmActiveSub
                0x000000000800103c                mmSetModuleVolume
                0x000000000800104c                mmSetJingleVolume
                0x0000000008001088                mmGetPositionTick
                0x000000000800108e                mmGetPositionRow
                0x0000000008001094                mmGetPosition
                0x000000000800109a                mmPosition
                0x00000000080010b4                mmSetModuleTempo
                0x00000000080010e6                mmSetModulePitch
                0x0000000008001128                mmStop
                0x00000000080011ee                mppUpdateSub
                0x000000000800134a                mpp_Process_VolumeCommand
                0x0000000008001582                mpp_Process_Effect
                0x0000000008001cd0                ST3_FREQTABLE
                0x00000000080020f0                IT_PitchTable
 .text          0x0000000008002410       0x14 C:/devkitPro/libgba/lib\libmm.a(mm_main.o)
                0x0000000008002410                mpp_call_r7
                0x0000000008002412                mpp_call_r1
                0x0000000008002414                mpp_call_r2
                0x0000000008002416                mpp_call_r3
                0x0000000008002418                mmSetEventHandler
 .text          0x0000000008002424      0x314 C:/devkitPro/libgba/lib\libmm.a(mm_effect.o)
                0x0000000008002424                mmResetEffects
                0x0000000008002450                mmEffect
                0x0000000008002466                mmEffectEx
                0x0000000008002566                mmEffectActive
                0x000000000800259a                mmEffectVolume
                0x00000000080025b6                mmEffectPanning
                0x00000000080025ca                mmEffectRate
                0x00000000080025de                mmEffectCancel
                0x0000000008002618                mmEffectRelease
                0x000000000800263e                mmEffectScaleRate
                0x0000000008002652                mmSetEffectsVolume
                0x0000000008002660                mmEffectCancelAll
                0x00000000080026a0                mmUpdateEffects
 .text          0x0000000008002738      0x1e0 C:/devkitPro/libgba/lib\libmm.a(mm_mixer_gba.o)
                0x0000000008002738                mmMixerSetSource
                0x000000000800274c                mmMixerSetRead
                0x000000000800275a                mmMixerSetFreq
                0x000000000800276a                mmMixerMulFreq
                0x000000000800277e                mmMixerStopChannel
                0x0000000008002790                mmMixerChannelActive
                0x00000000080027a2                mmMixerSetVolume
                0x00000000080027b0                mmMixerSetPan
                0x00000000080027be                mmMixerInit
 .text          0x0000000008002918       0x44 C:/devkitPro/libgba/lib\libmm.a(mm_init_default.o)
                0x0000000008002918                mmInitDefault
 .text          0x000000000800295c      0x12c C:/devkitPro/libgba/lib\libmm.a(mm_main_gba.o)
                0x000000000800295c                mmInit
                0x00000000080029b0                mmSetVBlankHandler
                0x00000000080029b6                mmFrame
 .text          0x0000000008002a88      0x354 C:/devkitPro/libtonc/lib\libtonc.a(tonc_irq.o)
                0x0000000008002a88                irq_init
                0x0000000008002acc                irq_set_master
                0x0000000008002af8                irq_set
                0x0000000008002c20                irq_add
                0x0000000008002c98                irq_delete
                0x0000000008002d4c                irq_enable
                0x0000000008002d94                irq_disable
 .text          0x0000000008002ddc      0x1c4 C:/devkitPro/libtonc/lib\libtonc.a(tonc_core.o)
                0x0000000008002ddc                tonccpy
                0x0000000008002e8c                __toncset
                0x0000000008002f1c                sqran
                0x0000000008002f2c                octant
                0x0000000008002f4c                octant_rot
 .text          0x0000000008002fa0       0xbc C:/devkitPro/libtonc/lib\libtonc.a(tonc_oam.o)
                0x0000000008002fa0                oam_init
                0x0000000008002fe8                obj_copy
                0x0000000008003008                obj_hide_multi
                0x0000000008003030                obj_unhide_multi
 .text          0x000000000800305c       0xa8 C:/devkitPro/libtonc/lib\libtonc.a(tonc_input.o)
                0x000000000800305c                key_poll
                0x00000000080030b0                key_wait_till_hit
                0x00000000080030d4                key_repeat
                0x00000000080030e0                key_repeat_mask
                0x00000000080030f0                key_repeat_limits
 .text          0x0000000008003104      0x10c C:/devkitPro/libtonc/lib\libtonc.a(tte_init_chr4c.o)
                0x0000000008003104                chr4c_erase
                0x000000000800312c                tte_init_chr4c
 .text          0x0000000008003210      0x958 C:/devkitPro/libtonc/lib\libtonc.a(tte_main.o)
                0x0000000008003210                dummy_drawg
                0x0000000008003214                dummy_erase
                0x0000000008003218                tte_set_context
                0x0000000008003230                tte_set_color_attr
                0x0000000008003240                tte_set_color_attrs
                0x000000000800325c                tte_set_color
                0x000000000800327c                tte_set_colors
                0x00000000080032bc                tte_init_base
                0x0000000008003350                utf8_decode_char
                0x0000000008003404                tte_cmd_skip
                0x0000000008003414                tte_cmd_next
                0x000000000800344c                tte_putc
                0x000000000800349c                tte_erase_rect
                0x00000000080034b8                tte_erase_screen
                0x00000000080034dc                tte_erase_line
                0x0000000008003504                tte_cmd_default
                0x0000000008003958                tte_write
                0x0000000008003a44                tte_write_ex
                0x0000000008003a74                tte_get_text_size
                0x0000000008003b48                tte_set_margins
 .text          0x0000000008003b68      0x134 C:/devkitPro/libtonc/lib\libtonc.a(chr4c_drawg_b1cts.o)
                0x0000000008003b68                chr4c_drawg_b1cts
 .text          0x0000000008003c9c      0x128 C:/devkitPro/libtonc/lib\libtonc.a(chr4c_drawg_b4cts.o)
                0x0000000008003c9c                chr4c_drawg_b4cts
 .text          0x0000000008003dc4      0x354 C:/devkitPro/libtonc/lib\libtonc.a(tte_iohook.o)
                0x0000000008003dc4                tte_con_nocash
                0x0000000008003e30                tte_init_con
                0x0000000008003e74                tte_cmd_vt100
                0x0000000008003fcc                tte_con_write
 .text          0x0000000008004118      0x134 C:/devkitPro/libtonc/lib\libtonc.a(tte_init_bmp.o)
                0x0000000008004118                bmp8_erase
                0x0000000008004140                bmp16_erase
                0x0000000008004168                tte_init_bmp
 .text          0x000000000800424c      0x21c C:/devkitPro/libtonc/lib\libtonc.a(bmp8_drawg_b1cs.o)
                0x000000000800424c                bmp8_drawg_b1cts
                0x0000000008004348                bmp8_drawg_b1cos
 .text          0x0000000008004468       0x8c C:/devkitPro/libtonc/lib\libtonc.a(tonc_bios.o)
                0x0000000008004468                SoftReset
                0x000000000800446c                RegisterRamReset
                0x0000000008004470                Halt
                0x0000000008004474                Stop
                0x0000000008004478                IntrWait
                0x000000000800447c                VBlankIntrWait
                0x0000000008004480                Div
                0x0000000008004484                DivArm
                0x0000000008004488                Sqrt
                0x000000000800448c                ArcTan
                0x0000000008004490                ArcTan2
                0x0000000008004494                CpuSet
                0x0000000008004498                CpuFastSet
                0x000000000800449c                BiosCheckSum
                0x00000000080044a0                BgAffineSet
                0x00000000080044a4                ObjAffineSet
                0x00000000080044a8                BitUnPack
                0x00000000080044ac                LZ77UnCompWram
                0x00000000080044b0                LZ77UnCompVram
                0x00000000080044b4                HuffUnComp
                0x00000000080044b8                RLUnCompWram
                0x00000000080044bc                RLUnCompVram
                0x00000000080044c0                Diff8bitUnFilterWram
                0x00000000080044c4                Diff8bitUnFilterVram
                0x00000000080044c8                Diff16bitUnFilter
                0x00000000080044cc                SoundBias
                0x00000000080044d0                SoundDriverInit
                0x00000000080044d4                SoundDriverMode
                0x00000000080044d8                SoundDriverMain
                0x00000000080044dc                SoundDriverVSync
                0x00000000080044e0                SoundChannelClear
                0x00000000080044e4                MidiKey2Freq
                0x00000000080044e8                MultiBoot
                0x00000000080044ec                SoundDriverVSyncOff
                0x00000000080044f0                SoundDriverVSyncOn
 .text          0x00000000080044f4       0x44 C:/devkitPro/libtonc/lib\libtonc.a(tonc_memcpy.o)
                0x00000000080044f4                memcpy16
 .text          0x0000000008004538       0x54 C:/devkitPro/libtonc/lib\libtonc.a(tonc_bios_ex.o)
                0x0000000008004538                VBlankIntrDelay
                0x0000000008004548                DivSafe
                0x000000000800455c                Mod
                0x0000000008004564                DivAbs
                0x000000000800456c                DivArmMod
                0x0000000008004574                DivArmAbs
                0x000000000800457c                CpuFastFill
 .text          0x000000000800458c       0x38 C:/devkitPro/libtonc/lib\libtonc.a(tonc_nocash.o)
                0x000000000800458c                nocash_puts
 .text          0x00000000080045c4       0x3c C:/devkitPro/libtonc/lib\libtonc.a(tonc_memset.o)
                0x00000000080045c4                memset16
 .text          0x0000000008004600      0x5bc C:/devkitPro/libtonc/lib\libtonc.a(tonc_sbmp8.o)
                0x0000000008004600                sbmp8_get_pixel
                0x0000000008004610                sbmp8_plot
                0x000000000800464c                sbmp8_vline
                0x00000000080046b8                sbmp8_hline
                0x00000000080046f4                sbmp8_line
                0x000000000800482c                sbmp8_blit
                0x0000000008004960                sbmp8_rect
                0x00000000080049c8                sbmp8_frame
                0x0000000008004a8c                sbmp8_floodfill_internal
                0x0000000008004b94                sbmp8_floodfill
 .text          0x0000000008004bbc      0x9d8 C:/devkitPro/libtonc/lib\libtonc.a(tonc_schr4c.o)
                0x0000000008004bbc                schr4c_get_pixel
                0x0000000008004be4                schr4c_plot
                0x0000000008004c14                schr4c_hline
                0x0000000008004cf0                schr4c_vline
                0x0000000008004d38                schr4c_blit
                0x0000000008005068                schr4c_line
                0x00000000080051f4                schr4c_frame
                0x0000000008005284                schr4c_rect
                0x00000000080053a8                schr4c_prep_map
                0x00000000080053f0                schr4c_get_ptr
                0x0000000008005400                schr4c_floodfill_internal
                0x000000000800555c                schr4c_floodfill
 .text          0x0000000008005594      0x16c C:/devkitPro/libtonc/lib\libtonc.a(tonc_surface.o)
                0x0000000008005594                srf_init
                0x000000000800565c                srf_pal_copy
                0x0000000008005684                srf_get_ptr
 .text          0x0000000008005700      0x4cc C:/devkitPro/libtonc/lib\libtonc.a(tonc_sbmp16.o)
                0x0000000008005700                sbmp16_get_pixel
                0x0000000008005710                sbmp16_plot
                0x0000000008005724                sbmp16_vline
                0x000000000800575c                sbmp16_line
                0x0000000008005818                sbmp16_hline
                0x0000000008005848                sbmp16_blit
                0x0000000008005990                sbmp16_rect
                0x00000000080059fc                sbmp16_frame
                0x0000000008005a8c                sbmp16_floodfill_internal
                0x0000000008005ba0                sbmp16_floodfill
 .text          0x0000000008005bcc      0x170 C:/devkitPro/libtonc/lib\libtonc.a(bmp16_drawg_b1cs.o)
                0x0000000008005bcc                bmp16_drawg_b1cts
                0x0000000008005c78                bmp16_drawg_b1cos
 .text          0x0000000008005d3c      0x11c c:/devkitpro/devkitarm/bin/../lib/gcc/arm-none-eabi/12.1.0/thumb\libgcc.a(_udivsi3.o)
                0x0000000008005d3c                __aeabi_uidiv
                0x0000000008005d3c                __udivsi3
                0x0000000008005e38                __aeabi_uidivmod
 .text          0x0000000008005e58      0x150 c:/devkitpro/devkitarm/bin/../lib/gcc/arm-none-eabi/12.1.0/thumb\libgcc.a(_divsi3.o)
                0x0000000008005e58                __divsi3
                0x0000000008005e58                __aeabi_idiv
                0x0000000008005f88                __aeabi_idivmod
 .text          0x0000000008005fa8        0x4 c:/devkitpro/devkitarm/bin/../lib/gcc/arm-none-eabi/12.1.0/thumb\libgcc.a(_dvmd_tls.o)
                0x0000000008005fa8                __aeabi_idiv0
                0x0000000008005fa8                __aeabi_ldiv0
 .text          0x0000000008005fac       0x3c c:/devkitpro/devkitarm/bin/../lib/gcc/arm-none-eabi/12.1.0/thumb\libgcc.a(_call_via_rX.o)
                0x0000000008005fac                _call_via_r0
                0x0000000008005fb0                _call_via_r1
                0x0000000008005fb4                _call_via_r2
                0x0000000008005fb8                _call_via_r3
                0x0000000008005fbc                _call_via_r4
                0x0000000008005fc0                _call_via_r5
                0x0000000008005fc4                _call_via_r6
                0x0000000008005fc8                _call_via_r7
                0x0000000008005fcc                _call_via_r8
                0x0000000008005fd0                _call_via_r9
                0x0000000008005fd4                _call_via_sl
                0x0000000008005fd8                _call_via_fp
                0x0000000008005fdc                _call_via_ip
                0x0000000008005fe0                _call_via_sp
                0x0000000008005fe4                _call_via_lr
 .text.__libc_init_array
                0x0000000008005fe8       0x54 c:/devkitpro/devkitarm/bin/../lib/gcc/arm-none-eabi/12.1.0/../../../../arm-none-eabi/lib/thumb\libg.a(lib_a-init.o)
                0x0000000008005fe8                __libc_init_array
 .text.iprintf  0x000000000800603c       0x24 c:/devkitpro/devkitarm/bin/../lib/gcc/arm-none-eabi/12.1.0/../../../../arm-none-eabi/lib/thumb\libg.a(lib_a-iprintf.o)
                0x000000000800603c                iprintf
 .text.malloc   0x0000000008006060       0x14 c:/devkitpro/devkitarm/bin/../lib/gcc/arm-none-eabi/12.1.0/../../../../arm-none-eabi/lib/thumb\libg.a(lib_a-malloc.o)
                0x0000000008006060                malloc
 .text.free     0x0000000008006074       0x14 c:/devkitpro/devkitarm/bin/../lib/gcc/arm-none-eabi/12.1.0/../../../../arm-none-eabi/lib/thumb\libg.a(lib_a-malloc.o)
                0x0000000008006074                free
 .text._malloc_r
                0x0000000008006088      0x560 c:/devkitpro/devkitarm/bin/../lib/gcc/arm-none-eabi/12.1.0/../../../../arm-none-eabi/lib/thumb\libg.a(lib_a-mallocr.o)
                0x0000000008006088                _malloc_r
 .text.memset   0x00000000080065e8       0xb0 c:/devkitpro/devkitarm/bin/../lib/gcc/arm-none-eabi/12.1.0/../../../../arm-none-eabi/lib/thumb\libg.a(lib_a-memset.o)
                0x00000000080065e8                memset
 .text.__malloc_lock
                0x0000000008006698       0x14 c:/devkitpro/devkitarm/bin/../lib/gcc/arm-none-eabi/12.1.0/../../../../arm-none-eabi/lib/thumb\libg.a(lib_a-mlock.o)
                0x0000000008006698                __malloc_lock
 .text.__malloc_unlock
                0x00000000080066ac       0x14 c:/devkitpro/devkitarm/bin/../lib/gcc/arm-none-eabi/12.1.0/../../../../arm-none-eabi/lib/thumb\libg.a(lib_a-mlock.o)
                0x00000000080066ac                __malloc_unlock
 .text.setvbuf  0x00000000080066c0      0x19c c:/devkitpro/devkitarm/bin/../lib/gcc/arm-none-eabi/12.1.0/../../../../arm-none-eabi/lib/thumb\libg.a(lib_a-setvbuf.o)
                0x00000000080066c0                setvbuf
 .text.siscanf  0x000000000800685c       0x4c c:/devkitpro/devkitarm/bin/../lib/gcc/arm-none-eabi/12.1.0/../../../../arm-none-eabi/lib/thumb\libg.a(lib_a-siscanf.o)
                0x000000000800685c                siscanf
 .text.__sread  0x00000000080068a8       0x34 c:/devkitpro/devkitarm/bin/../lib/gcc/arm-none-eabi/12.1.0/../../../../arm-none-eabi/lib/thumb\libg.a(lib_a-stdio.o)
                0x00000000080068a8                __sread
 .text.__seofread
                0x00000000080068dc        0x4 c:/devkitpro/devkitarm/bin/../lib/gcc/arm-none-eabi/12.1.0/../../../../arm-none-eabi/lib/thumb\libg.a(lib_a-stdio.o)
                0x00000000080068dc                __seofread
 .text.__swrite
                0x00000000080068e0       0x4c c:/devkitpro/devkitarm/bin/../lib/gcc/arm-none-eabi/12.1.0/../../../../arm-none-eabi/lib/thumb\libg.a(lib_a-stdio.o)
                0x00000000080068e0                __swrite
 .text.__sseek  0x000000000800692c       0x44 c:/devkitpro/devkitarm/bin/../lib/gcc/arm-none-eabi/12.1.0/../../../../arm-none-eabi/lib/thumb\libg.a(lib_a-stdio.o)
                0x000000000800692c                __sseek
 .text.__sclose
                0x0000000008006970       0x10 c:/devkitpro/devkitarm/bin/../lib/gcc/arm-none-eabi/12.1.0/../../../../arm-none-eabi/lib/thumb\libg.a(lib_a-stdio.o)
                0x0000000008006970                __sclose
 .text.strlen   0x0000000008006980       0x60 c:/devkitpro/devkitarm/bin/../lib/gcc/arm-none-eabi/12.1.0/../../../../arm-none-eabi/lib/thumb\libg.a(lib_a-strlen-stub.o)
                0x0000000008006980                strlen
 .text.strncpy  0x00000000080069e0       0x68 c:/devkitpro/devkitarm/bin/../lib/gcc/arm-none-eabi/12.1.0/../../../../arm-none-eabi/lib/thumb\libg.a(lib_a-strncpy.o)
                0x00000000080069e0                strncpy
 .text._strtol_l.part.0
                0x0000000008006a48      0x144 c:/devkitpro/devkitarm/bin/../lib/gcc/arm-none-eabi/12.1.0/../../../../arm-none-eabi/lib/thumb\libg.a(lib_a-strtol.o)
 .text._strtol_r
                0x0000000008006b8c       0x20 c:/devkitpro/devkitarm/bin/../lib/gcc/arm-none-eabi/12.1.0/../../../../arm-none-eabi/lib/thumb\libg.a(lib_a-strtol.o)
                0x0000000008006b8c                _strtol_r
 .text.strtol   0x0000000008006bac       0x30 c:/devkitpro/devkitarm/bin/../lib/gcc/arm-none-eabi/12.1.0/../../../../arm-none-eabi/lib/thumb\libg.a(lib_a-strtol.o)
                0x0000000008006bac                strtol
 .text.get_arg  0x0000000008006bdc       0x32 c:/devkitpro/devkitarm/bin/../lib/gcc/arm-none-eabi/12.1.0/../../../../arm-none-eabi/lib/thumb\libg.a(lib_a-svfiscanf.o)
 .text._sungetc_r
                0x0000000008006c0e       0x7e c:/devkitpro/devkitarm/bin/../lib/gcc/arm-none-eabi/12.1.0/../../../../arm-none-eabi/lib/thumb\libg.a(lib_a-svfiscanf.o)
                0x0000000008006c0e                _sungetc_r
 .text.__ssrefill_r
                0x0000000008006c8c       0x42 c:/devkitpro/devkitarm/bin/../lib/gcc/arm-none-eabi/12.1.0/../../../../arm-none-eabi/lib/thumb\libg.a(lib_a-svfiscanf.o)
                0x0000000008006c8c                __ssrefill_r
 .text._sfread_r
                0x0000000008006cce       0x88 c:/devkitpro/devkitarm/bin/../lib/gcc/arm-none-eabi/12.1.0/../../../../arm-none-eabi/lib/thumb\libg.a(lib_a-svfiscanf.o)
                0x0000000008006cce                _sfread_r
 *fill*         0x0000000008006d56        0x2 ff
 .text.__ssvfiscanf_r
                0x0000000008006d58     0x1ae0 c:/devkitpro/devkitarm/bin/../lib/gcc/arm-none-eabi/12.1.0/../../../../arm-none-eabi/lib/thumb\libg.a(lib_a-svfiscanf.o)
                0x0000000008006d58                __ssvfiscanf_r
 .text.__submore
                0x0000000008008838       0x88 c:/devkitpro/devkitarm/bin/../lib/gcc/arm-none-eabi/12.1.0/../../../../arm-none-eabi/lib/thumb\libg.a(lib_a-ungetc.o)
                0x0000000008008838                __submore
 .text.get_arg  0x00000000080088c0      0x42c c:/devkitpro/devkitarm/bin/../lib/gcc/arm-none-eabi/12.1.0/../../../../arm-none-eabi/lib/thumb\libg.a(lib_a-vfiprintf.o)
 .text.__sprint_r
                0x0000000008008cec       0x24 c:/devkitpro/devkitarm/bin/../lib/gcc/arm-none-eabi/12.1.0/../../../../arm-none-eabi/lib/thumb\libg.a(lib_a-vfiprintf.o)
                0x0000000008008cec                __sprint_r
 .text._vfiprintf_r
                0x0000000008008d10     0x173c c:/devkitpro/devkitarm/bin/../lib/gcc/arm-none-eabi/12.1.0/../../../../arm-none-eabi/lib/thumb\libg.a(lib_a-vfiprintf.o)
                0x0000000008008d10                _vfiprintf_r
 .text.__sbprintf
                0x000000000800a44c       0x8c c:/devkitpro/devkitarm/bin/../lib/gcc/arm-none-eabi/12.1.0/../../../../arm-none-eabi/lib/thumb\libg.a(lib_a-vfiprintf.o)
 .text._wcrtomb_r
                0x000000000800a4d8       0x5c c:/devkitpro/devkitarm/bin/../lib/gcc/arm-none-eabi/12.1.0/../../../../arm-none-eabi/lib/thumb\libg.a(lib_a-wcrtomb.o)
                0x000000000800a4d8                _wcrtomb_r
 .text._wcsrtombs_r
                0x000000000800a534       0x1c c:/devkitpro/devkitarm/bin/../lib/gcc/arm-none-eabi/12.1.0/../../../../arm-none-eabi/lib/thumb\libg.a(lib_a-wcsrtombs.o)
                0x000000000800a534                _wcsrtombs_r
 .text.__swsetup_r
                0x000000000800a550       0xd0 c:/devkitpro/devkitarm/bin/../lib/gcc/arm-none-eabi/12.1.0/../../../../arm-none-eabi/lib/thumb\libg.a(lib_a-wsetup.o)
                0x000000000800a550                __swsetup_r
 .text.__errno  0x000000000800a620        0xc c:/devkitpro/devkitarm/bin/../lib/gcc/arm-none-eabi/12.1.0/../../../../arm-none-eabi/lib/thumb\libg.a(lib_a-errno.o)
                0x000000000800a620                __errno
 .text.__sflush_r
                0x000000000800a62c      0x18c c:/devkitpro/devkitarm/bin/../lib/gcc/arm-none-eabi/12.1.0/../../../../arm-none-eabi/lib/thumb\libg.a(lib_a-fflush.o)
                0x000000000800a62c                __sflush_r
 .text._fflush_r
                0x000000000800a7b8       0x70 c:/devkitpro/devkitarm/bin/../lib/gcc/arm-none-eabi/12.1.0/../../../../arm-none-eabi/lib/thumb\libg.a(lib_a-fflush.o)
                0x000000000800a7b8                _fflush_r
 .text._cleanup_r
                0x000000000800a828       0x14 c:/devkitpro/devkitarm/bin/../lib/gcc/arm-none-eabi/12.1.0/../../../../arm-none-eabi/lib/thumb\libg.a(lib_a-findfp.o)
                0x000000000800a828                _cleanup_r
 .text.__sinit  0x000000000800a83c      0x124 c:/devkitpro/devkitarm/bin/../lib/gcc/arm-none-eabi/12.1.0/../../../../arm-none-eabi/lib/thumb\libg.a(lib_a-findfp.o)
                0x000000000800a83c                __sinit
 .text.__sfp_lock_acquire
                0x000000000800a960       0x14 c:/devkitpro/devkitarm/bin/../lib/gcc/arm-none-eabi/12.1.0/../../../../arm-none-eabi/lib/thumb\libg.a(lib_a-findfp.o)
                0x000000000800a960                __sfp_lock_acquire
 .text.__sfp_lock_release
                0x000000000800a974       0x14 c:/devkitpro/devkitarm/bin/../lib/gcc/arm-none-eabi/12.1.0/../../../../arm-none-eabi/lib/thumb\libg.a(lib_a-findfp.o)
                0x000000000800a974                __sfp_lock_release
 .text._malloc_trim_r
                0x000000000800a988       0xac c:/devkitpro/devkitarm/bin/../lib/gcc/arm-none-eabi/12.1.0/../../../../arm-none-eabi/lib/thumb\libg.a(lib_a-freer.o)
                0x000000000800a988                _malloc_trim_r
 .text._free_r  0x000000000800aa34      0x1d8 c:/devkitpro/devkitarm/bin/../lib/gcc/arm-none-eabi/12.1.0/../../../../arm-none-eabi/lib/thumb\libg.a(lib_a-freer.o)
                0x000000000800aa34                _free_r
 .text.__sfvwrite_r
                0x000000000800ac0c      0x334 c:/devkitpro/devkitarm/bin/../lib/gcc/arm-none-eabi/12.1.0/../../../../arm-none-eabi/lib/thumb\libg.a(lib_a-fvwrite.o)
                0x000000000800ac0c                __sfvwrite_r
 .text._fwalk_reent
                0x000000000800af40       0x50 c:/devkitpro/devkitarm/bin/../lib/gcc/arm-none-eabi/12.1.0/../../../../arm-none-eabi/lib/thumb\libg.a(lib_a-fwalk.o)
                0x000000000800af40                _fwalk_reent
 .text.iswspace
                0x000000000800af90       0x10 c:/devkitpro/devkitarm/bin/../lib/gcc/arm-none-eabi/12.1.0/../../../../arm-none-eabi/lib/thumb\libg.a(lib_a-iswspace.o)
                0x000000000800af90                iswspace
 .text._localeconv_r
                0x000000000800afa0        0x8 c:/devkitpro/devkitarm/bin/../lib/gcc/arm-none-eabi/12.1.0/../../../../arm-none-eabi/lib/thumb\libg.a(lib_a-localeconv.o)
                0x000000000800afa0                _localeconv_r
 .text.__locale_mb_cur_max
                0x000000000800afa8       0x10 c:/devkitpro/devkitarm/bin/../lib/gcc/arm-none-eabi/12.1.0/../../../../arm-none-eabi/lib/thumb\libg.a(lib_a-locale.o)
                0x000000000800afa8                __locale_mb_cur_max
 .text.__smakebuf_r
                0x000000000800afb8       0xf0 c:/devkitpro/devkitarm/bin/../lib/gcc/arm-none-eabi/12.1.0/../../../../arm-none-eabi/lib/thumb\libg.a(lib_a-makebuf.o)
                0x000000000800afb8                __smakebuf_r
 .text.__swhatbuf_r
                0x000000000800b0a8       0x5c c:/devkitpro/devkitarm/bin/../lib/gcc/arm-none-eabi/12.1.0/../../../../arm-none-eabi/lib/thumb\libg.a(lib_a-makebuf.o)
                0x000000000800b0a8                __swhatbuf_r
 .text._mbrtowc_r
                0x000000000800b104       0x60 c:/devkitpro/devkitarm/bin/../lib/gcc/arm-none-eabi/12.1.0/../../../../arm-none-eabi/lib/thumb\libg.a(lib_a-mbrtowc.o)
                0x000000000800b104                _mbrtowc_r
 .text.__utf8_mbtowc
                0x000000000800b164      0x27c c:/devkitpro/devkitarm/bin/../lib/gcc/arm-none-eabi/12.1.0/../../../../arm-none-eabi/lib/thumb\libg.a(lib_a-mbtowc_r.o)
                0x000000000800b164                __utf8_mbtowc
 .text.memchr   0x000000000800b3e0       0x78 c:/devkitpro/devkitarm/bin/../lib/gcc/arm-none-eabi/12.1.0/../../../../arm-none-eabi/lib/thumb\libg.a(lib_a-memchr-stub.o)
                0x000000000800b3e0                memchr
 .text.memcpy   0x000000000800b458       0x94 c:/devkitpro/devkitarm/bin/../lib/gcc/arm-none-eabi/12.1.0/../../../../arm-none-eabi/lib/thumb\libg.a(lib_a-memcpy-stub.o)
                0x000000000800b458                memcpy
 .text.memmove  0x000000000800b4ec       0xc0 c:/devkitpro/devkitarm/bin/../lib/gcc/arm-none-eabi/12.1.0/../../../../arm-none-eabi/lib/thumb\libg.a(lib_a-memmove.o)
                0x000000000800b4ec                memmove
 .text.realloc  0x000000000800b5ac       0x18 c:/devkitpro/devkitarm/bin/../lib/gcc/arm-none-eabi/12.1.0/../../../../arm-none-eabi/lib/thumb\libg.a(lib_a-realloc.o)
                0x000000000800b5ac                realloc
 .text._realloc_r
                0x000000000800b5c4      0x384 c:/devkitpro/devkitarm/bin/../lib/gcc/arm-none-eabi/12.1.0/../../../../arm-none-eabi/lib/thumb\libg.a(lib_a-reallocr.o)
                0x000000000800b5c4                _realloc_r
 .text.__sccl   0x000000000800b948       0x90 c:/devkitpro/devkitarm/bin/../lib/gcc/arm-none-eabi/12.1.0/../../../../arm-none-eabi/lib/thumb\libg.a(lib_a-sccl.o)
                0x000000000800b948                __sccl
 .text          0x000000000800b9d8      0x224 c:/devkitpro/devkitarm/bin/../lib/gcc/arm-none-eabi/12.1.0/../../../../arm-none-eabi/lib/thumb\libg.a(lib_a-strcmp.o)
                0x000000000800b9d8                strcmp
 .text._strtoll_l.constprop.0
                0x000000000800bbfc      0x1a0 c:/devkitpro/devkitarm/bin/../lib/gcc/arm-none-eabi/12.1.0/../../../../arm-none-eabi/lib/thumb\libg.a(lib_a-strtoll.o)
 .text._strtoll_r
                0x000000000800bd9c        0xc c:/devkitpro/devkitarm/bin/../lib/gcc/arm-none-eabi/12.1.0/../../../../arm-none-eabi/lib/thumb\libg.a(lib_a-strtoll.o)
                0x000000000800bd9c                _strtoll_r
 .text._strtoull_l.constprop.0
                0x000000000800bda8      0x1bc c:/devkitpro/devkitarm/bin/../lib/gcc/arm-none-eabi/12.1.0/../../../../arm-none-eabi/lib/thumb\libg.a(lib_a-strtoull.o)
 .text._strtoull_r
                0x000000000800bf64        0xc c:/devkitpro/devkitarm/bin/../lib/gcc/arm-none-eabi/12.1.0/../../../../arm-none-eabi/lib/thumb\libg.a(lib_a-strtoull.o)
                0x000000000800bf64                _strtoull_r
 .text._strtoul_l.constprop.0
                0x000000000800bf70      0x144 c:/devkitpro/devkitarm/bin/../lib/gcc/arm-none-eabi/12.1.0/../../../../arm-none-eabi/lib/thumb\libg.a(lib_a-strtoul.o)
 .text._strtoul_r
                0x000000000800c0b4        0xc c:/devkitpro/devkitarm/bin/../lib/gcc/arm-none-eabi/12.1.0/../../../../arm-none-eabi/lib/thumb\libg.a(lib_a-strtoul.o)
                0x000000000800c0b4                _strtoul_r
 .text._wcsnrtombs_l
                0x000000000800c0c0      0x11c c:/devkitpro/devkitarm/bin/../lib/gcc/arm-none-eabi/12.1.0/../../../../arm-none-eabi/lib/thumb\libg.a(lib_a-wcsnrtombs.o)
                0x000000000800c0c0                _wcsnrtombs_l
 .text._wcsnrtombs_r
                0x000000000800c1dc       0x30 c:/devkitpro/devkitarm/bin/../lib/gcc/arm-none-eabi/12.1.0/../../../../arm-none-eabi/lib/thumb\libg.a(lib_a-wcsnrtombs.o)
                0x000000000800c1dc                _wcsnrtombs_r
 .text.__utf8_wctomb
                0x000000000800c20c       0xb4 c:/devkitpro/devkitarm/bin/../lib/gcc/arm-none-eabi/12.1.0/../../../../arm-none-eabi/lib/thumb\libg.a(lib_a-wctomb_r.o)
                0x000000000800c20c                __utf8_wctomb
 .text._fclose_r
                0x000000000800c2c0       0xe4 c:/devkitpro/devkitarm/bin/../lib/gcc/arm-none-eabi/12.1.0/../../../../arm-none-eabi/lib/thumb\libg.a(lib_a-fclose.o)
                0x000000000800c2c0                _fclose_r
 .text.iswspace_l
                0x000000000800c3a4       0x2c c:/devkitpro/devkitarm/bin/../lib/gcc/arm-none-eabi/12.1.0/../../../../arm-none-eabi/lib/thumb\libg.a(lib_a-iswspace_l.o)
                0x000000000800c3a4                iswspace_l
 .text.__jp2uc  0x000000000800c3d0      0x14c c:/devkitpro/devkitarm/bin/../lib/gcc/arm-none-eabi/12.1.0/../../../../arm-none-eabi/lib/thumb\libg.a(lib_a-jp2uc.o)
 .text._jp2uc_l
                0x000000000800c51c       0x6c c:/devkitpro/devkitarm/bin/../lib/gcc/arm-none-eabi/12.1.0/../../../../arm-none-eabi/lib/thumb\libg.a(lib_a-jp2uc.o)
                0x000000000800c51c                _jp2uc_l
 .text.category
                0x000000000800c588       0x54 c:/devkitpro/devkitarm/bin/../lib/gcc/arm-none-eabi/12.1.0/../../../../arm-none-eabi/lib/thumb\libg.a(lib_a-categories.o)
                0x000000000800c588                category
 .text.null_write
                0x000000000800c5dc        0x4 c:/devkitpro/devkitarm/bin/../lib/gcc/arm-none-eabi/12.1.0/../../../../arm-none-eabi/lib/thumb\libsysbase.a(iosupport.o)
 .text._fstat_r
                0x000000000800c5e0       0x4c c:/devkitpro/devkitarm/bin/../lib/gcc/arm-none-eabi/12.1.0/../../../../arm-none-eabi/lib/thumb\libsysbase.a(fstat.o)
                0x000000000800c5e0                _fstat_r
 .text._isatty_r
                0x000000000800c62c        0x4 c:/devkitpro/devkitarm/bin/../lib/gcc/arm-none-eabi/12.1.0/../../../../arm-none-eabi/lib/thumb\libsysbase.a(isatty.o)
                0x000000000800c62c                _isatty_r
 .text._lseek_r
                0x000000000800c630       0x5c c:/devkitpro/devkitarm/bin/../lib/gcc/arm-none-eabi/12.1.0/../../../../arm-none-eabi/lib/thumb\libsysbase.a(lseek.o)
                0x000000000800c630                _lseek_r
 .text._read_r  0x000000000800c68c       0x50 c:/devkitpro/devkitarm/bin/../lib/gcc/arm-none-eabi/12.1.0/../../../../arm-none-eabi/lib/thumb\libsysbase.a(read.o)
                0x000000000800c68c                _read_r
 .text._sbrk_r  0x000000000800c6dc       0x54 c:/devkitpro/devkitarm/bin/../lib/gcc/arm-none-eabi/12.1.0/../../../../arm-none-eabi/lib/thumb\libsysbase.a(sbrk.o)
                0x000000000800c6dc                _sbrk_r
 .text._write_r
                0x000000000800c730       0x50 c:/devkitpro/devkitarm/bin/../lib/gcc/arm-none-eabi/12.1.0/../../../../arm-none-eabi/lib/thumb\libsysbase.a(write.o)
                0x000000000800c730                _write_r
 .text.__flockfile
                0x000000000800c780       0x10 c:/devkitpro/devkitarm/bin/../lib/gcc/arm-none-eabi/12.1.0/../../../../arm-none-eabi/lib/thumb\libsysbase.a(flock.o)
                0x000000000800c780                __flockfile
 .text.__funlockfile
                0x000000000800c790       0x10 c:/devkitpro/devkitarm/bin/../lib/gcc/arm-none-eabi/12.1.0/../../../../arm-none-eabi/lib/thumb\libsysbase.a(flock.o)
                0x000000000800c790                __funlockfile
 .text.__get_handle
                0x000000000800c7a0       0x34 c:/devkitpro/devkitarm/bin/../lib/gcc/arm-none-eabi/12.1.0/../../../../arm-none-eabi/lib/thumb\libsysbase.a(handle_manager.o)
                0x000000000800c7a0                __get_handle
 .text._close_r
                0x000000000800c7d4       0xb8 c:/devkitpro/devkitarm/bin/../lib/gcc/arm-none-eabi/12.1.0/../../../../arm-none-eabi/lib/thumb\libsysbase.a(handle_manager.o)
                0x000000000800c7d4                _close_r
 .text.__getreent
                0x000000000800c88c       0x20 c:/devkitpro/devkitarm/bin/../lib/gcc/arm-none-eabi/12.1.0/../../../../arm-none-eabi/lib/thumb\libsysbase.a(getreent.o)
                0x000000000800c88c                __getreent
 .text.__libc_lock_acquire
                0x000000000800c8ac       0x18 c:/devkitpro/devkitarm/bin/../lib/gcc/arm-none-eabi/12.1.0/../../../../arm-none-eabi/lib/thumb\libsysbase.a(syscall_support.o)
                0x000000000800c8ac                __libc_lock_acquire
 .text.__libc_lock_release
                0x000000000800c8c4       0x18 c:/devkitpro/devkitarm/bin/../lib/gcc/arm-none-eabi/12.1.0/../../../../arm-none-eabi/lib/thumb\libsysbase.a(syscall_support.o)
                0x000000000800c8c4                __libc_lock_release
 .text.__libc_lock_init_recursive
                0x000000000800c8dc       0x18 c:/devkitpro/devkitarm/bin/../lib/gcc/arm-none-eabi/12.1.0/../../../../arm-none-eabi/lib/thumb\libsysbase.a(syscall_support.o)
                0x000000000800c8dc                __libc_lock_init_recursive
 .text.__libc_lock_acquire_recursive
                0x000000000800c8f4       0x18 c:/devkitpro/devkitarm/bin/../lib/gcc/arm-none-eabi/12.1.0/../../../../arm-none-eabi/lib/thumb\libsysbase.a(syscall_support.o)
                0x000000000800c8f4                __libc_lock_acquire_recursive
 .text.__libc_lock_release_recursive
                0x000000000800c90c       0x18 c:/devkitpro/devkitarm/bin/../lib/gcc/arm-none-eabi/12.1.0/../../../../arm-none-eabi/lib/thumb\libsysbase.a(syscall_support.o)
                0x000000000800c90c                __libc_lock_release_recursive
 .text.__libc_lock_close_recursive
                0x000000000800c924       0x18 c:/devkitpro/devkitarm/bin/../lib/gcc/arm-none-eabi/12.1.0/../../../../arm-none-eabi/lib/thumb\libsysbase.a(syscall_support.o)
                0x000000000800c924                __libc_lock_close_recursive
 .text          0x000000000800c93c       0x14 c:/devkitpro/devkitarm/bin/../lib/gcc/arm-none-eabi/12.1.0/thumb\libgcc.a(_thumb1_case_uqi.o)
                0x000000000800c93c                __gnu_thumb1_case_uqi
 .text          0x000000000800c950       0x14 c:/devkitpro/devkitarm/bin/../lib/gcc/arm-none-eabi/12.1.0/thumb\libgcc.a(_thumb1_case_uhi.o)
                0x000000000800c950                __gnu_thumb1_case_uhi
 .text          0x000000000800c964       0x3c c:/devkitpro/devkitarm/bin/../lib/gcc/arm-none-eabi/12.1.0/thumb\libgcc.a(_aeabi_uldivmod.o)
                0x000000000800c964                __aeabi_uldivmod
 .text.__muldi3
                0x000000000800c9a0       0x64 c:/devkitpro/devkitarm/bin/../lib/gcc/arm-none-eabi/12.1.0/thumb\libgcc.a(_muldi3.o)
                0x000000000800c9a0                __muldi3
                0x000000000800c9a0                __aeabi_lmul
 .text.__udivmoddi4
                0x000000000800ca04      0x19c c:/devkitpro/devkitarm/bin/../lib/gcc/arm-none-eabi/12.1.0/thumb\libgcc.a(_udivmoddi4.o)
                0x000000000800ca04                __udivmoddi4
 .text          0x000000000800cba0       0x28 c:/devkitpro/devkitarm/bin/../lib/gcc/arm-none-eabi/12.1.0/thumb\libgcc.a(_clzdi2.o)
                0x000000000800cba0                __clzdi2
 .text          0x000000000800cbc8       0x48 c:/devkitpro/devkitarm/bin/../lib/gcc/arm-none-eabi/12.1.0/thumb\libgcc.a(_clzsi2.o)
                0x000000000800cbc8                __clzsi2
 .text.__stub   0x000000000800cc10       0x5c linker stubs
 *(.gnu.linkonce.t.*)
 *(.text.*personality*)
 *(.gnu.warning)
 *(.glue_7t)
 .glue_7t       0x000000000800cc78        0x0 linker stubs
 *(.glue_7)
 .glue_7        0x000000000800cc78        0x0 linker stubs
 *(.vfp11_veneer)
 .vfp11_veneer  0x000000000800cc78        0x0 linker stubs
                0x000000000800cc78                . = ALIGN (0x4)
                0x000000000800cc78                __text_end = .

.v4_bx          0x000000000800cc78        0x0
 .v4_bx         0x000000000800cc78        0x0 linker stubs

.iplt           0x000000000800cc78        0x0
 .iplt          0x000000000800cc78        0x0 c:/devkitpro/devkitarm/bin/../lib/gcc/arm-none-eabi/12.1.0/../../../../arm-none-eabi/lib/thumb/gba_crt0.o

.fini           0x000000000800cc78        0xc
 *(.fini)
 .fini          0x000000000800cc78        0x4 c:/devkitpro/devkitarm/bin/../lib/gcc/arm-none-eabi/12.1.0/thumb/crti.o
                0x000000000800cc78                _fini
 .fini          0x000000000800cc7c        0x8 c:/devkitpro/devkitarm/bin/../lib/gcc/arm-none-eabi/12.1.0/thumb/crtn.o
                0x000000000800cc84                . = ALIGN (0x4)

.rodata         0x000000000800cc84    0xf5394
 *(.rodata)
 .rodata        0x000000000800cc84       0x1c main.o
 .rodata        0x000000000800cca0    0x12c00 game_over.o
                0x000000000800cca0                game_overBitmap
 .rodata        0x000000000801f8a0    0x12c00 intro_logo.o
                0x000000000801f8a0                intro_logoBitmap
 .rodata        0x00000000080324a0    0x12c00 intro_msg.o
                0x00000000080324a0                intro_msgBitmap
 .rodata        0x00000000080450a0    0x12c00 slide_1.o
                0x00000000080450a0                slide_1Bitmap
 .rodata        0x0000000008057ca0    0x12c00 slide_2.o
                0x0000000008057ca0                slide_2Bitmap
 .rodata        0x000000000806a8a0    0x12c00 slide_3.o
                0x000000000806a8a0                slide_3Bitmap
 .rodata        0x000000000807d4a0    0x12c00 slide_4.o
                0x000000000807d4a0                slide_4Bitmap
 .rodata        0x00000000080900a0    0x12c00 slide_5.o
                0x00000000080900a0                slide_5Bitmap
 .rodata        0x00000000080a2ca0    0x12c00 slide_6.o
                0x00000000080a2ca0                slide_6Bitmap
 .rodata        0x00000000080b58a0      0x724 spr_coin.o
                0x00000000080b58a0                spr_coinPal
                0x00000000080b58c4                spr_coinTiles
 .rodata        0x00000000080b5fc4      0x424 spr_player.o
                0x00000000080b5fc4                spr_playerPal
                0x00000000080b5fe8                spr_playerTiles
 .rodata        0x00000000080b63e8     0x2024 tileset.o
                0x00000000080b63e8                tilesetPal
                0x00000000080b640c                tilesetTiles
 .rodata        0x00000000080b840c    0x12c00 title.o
                0x00000000080b840c                titleBitmap
 .rodata        0x00000000080cb00c     0x2000 map1.o
                0x00000000080cb00c                solids
                0x00000000080cb80c                bg2
                0x00000000080cc00c                bg1
                0x00000000080cc80c                bg0
 .rodata        0x00000000080cd00c       0x38 C:/devkitPro/libtonc/lib\libtonc.a(tonc_irq.o)
 .rodata        0x00000000080cd044      0x1f0 C:/devkitPro/libtonc/lib\libtonc.a(tte_main.o)
 .rodata        0x00000000080cd234      0x1b4 C:/devkitPro/libtonc/lib\libtonc.a(tte_iohook.o)
                0x00000000080cd308                tte_dotab_stdout
                0x00000000080cd378                tte_dotab_nocash
 .rodata        0x00000000080cd3e8      0xef8 C:/devkitPro/libtonc/lib\libtonc.a(verdana9.o)
                0x00000000080cd3e8                verdana9Font
                0x00000000080cd400                verdana9Glyphs
                0x00000000080ce200                verdana9Widths
 .rodata        0x00000000080ce2e0      0x318 C:/devkitPro/libtonc/lib\libtonc.a(sys8.o)
                0x00000000080ce2e0                sys8Font
                0x00000000080ce2f8                sys8Glyphs
 .rodata        0x00000000080ce5f8     0x38f8 C:/devkitPro/libtonc/lib\libtonc.a(verdana9_b4.o)
                0x00000000080ce5f8                verdana9_b4Font
                0x00000000080ce610                verdana9_b4Glyphs
                0x00000000080d1e10                verdana9_b4Widths
 .rodata        0x00000000080d1ef0       0x1c C:/devkitPro/libtonc/lib\libtonc.a(tonc_surface.o)
 .rodata        0x00000000080d1f0c       0x3c C:/devkitPro/libtonc/lib\libtonc.a(tonc_sbmp16.o)
                0x00000000080d1f0c                bmp16_tab
                0x00000000080d1f34                m3_surface
 *all.rodata*(*)
 *(.roda)
 *(.rodata.*)
 .rodata.soundbank_bin
                0x00000000080d1f48    0x29168 soundbank.bin.o
                0x00000000080d1f48                soundbank_bin
                0x00000000080fb0b0                soundbank_bin_end
 .rodata.str1.4
                0x00000000080fb0b0       0xf0 main.o
 .rodata.str1.4
                0x00000000080fb1a0       0x3b C:/devkitPro/libtonc/lib\libtonc.a(tte_iohook.o)
 *fill*         0x00000000080fb1db        0x1 ff
 .rodata.str1.4
                0x00000000080fb1dc        0x6 C:/devkitPro/libtonc/lib\libtonc.a(tonc_sbmp16.o)
 *fill*         0x00000000080fb1e2        0x2 ff
 .rodata._ctype_
                0x00000000080fb1e4      0x101 c:/devkitpro/devkitarm/bin/../lib/gcc/arm-none-eabi/12.1.0/../../../../arm-none-eabi/lib/thumb\libg.a(lib_a-ctype_.o)
                0x00000000080fb1e4                _ctype_
 *fill*         0x00000000080fb2e5        0x3 ff
 .rodata.basefix.0
                0x00000000080fb2e8       0x22 c:/devkitpro/devkitarm/bin/../lib/gcc/arm-none-eabi/12.1.0/../../../../arm-none-eabi/lib/thumb\libg.a(lib_a-svfiscanf.o)
 .rodata._vfiprintf_r.str1.1
                0x00000000080fb30a       0x29 c:/devkitpro/devkitarm/bin/../lib/gcc/arm-none-eabi/12.1.0/../../../../arm-none-eabi/lib/thumb\libg.a(lib_a-vfiprintf.o)
 *fill*         0x00000000080fb333        0x1 ff
 .rodata.zeroes.0
                0x00000000080fb334       0x10 c:/devkitpro/devkitarm/bin/../lib/gcc/arm-none-eabi/12.1.0/../../../../arm-none-eabi/lib/thumb\libg.a(lib_a-vfiprintf.o)
 .rodata.blanks.1
                0x00000000080fb344       0x10 c:/devkitpro/devkitarm/bin/../lib/gcc/arm-none-eabi/12.1.0/../../../../arm-none-eabi/lib/thumb\libg.a(lib_a-vfiprintf.o)
 .rodata.str1.4
                0x00000000080fb354       0x48 c:/devkitpro/devkitarm/bin/../lib/gcc/arm-none-eabi/12.1.0/../../../../arm-none-eabi/lib/thumb\libg.a(lib_a-locale.o)
                                         0x4c (size before relaxing)
 .rodata._mbrtowc_r.str1.4
                0x00000000080fb39c        0x1 c:/devkitpro/devkitarm/bin/../lib/gcc/arm-none-eabi/12.1.0/../../../../arm-none-eabi/lib/thumb\libg.a(lib_a-mbrtowc.o)
 .rodata.__action_table
                0x00000000080fb39c       0x6c c:/devkitpro/devkitarm/bin/../lib/gcc/arm-none-eabi/12.1.0/../../../../arm-none-eabi/lib/thumb\libg.a(lib_a-svfiprintf.o)
                0x00000000080fb39c                __action_table
 .rodata.__state_table
                0x00000000080fb408       0x6c c:/devkitpro/devkitarm/bin/../lib/gcc/arm-none-eabi/12.1.0/../../../../arm-none-eabi/lib/thumb\libg.a(lib_a-svfiprintf.o)
                0x00000000080fb408                __state_table
 .rodata.__chclass
                0x00000000080fb474      0x100 c:/devkitpro/devkitarm/bin/../lib/gcc/arm-none-eabi/12.1.0/../../../../arm-none-eabi/lib/thumb\libg.a(lib_a-svfiprintf.o)
                0x00000000080fb474                __chclass
 .rodata.__jp2uc
                0x00000000080fb574       0x20 c:/devkitpro/devkitarm/bin/../lib/gcc/arm-none-eabi/12.1.0/../../../../arm-none-eabi/lib/thumb\libg.a(lib_a-jp2uc.o)
 .rodata._jp2uc_l.str1.4
                0x00000000080fb594       0x12 c:/devkitpro/devkitarm/bin/../lib/gcc/arm-none-eabi/12.1.0/../../../../arm-none-eabi/lib/thumb\libg.a(lib_a-jp2uc.o)
 *fill*         0x00000000080fb5a6        0x2 ff
 .rodata.d02f4  0x00000000080fb5a8     0x1a7c c:/devkitpro/devkitarm/bin/../lib/gcc/arm-none-eabi/12.1.0/../../../../arm-none-eabi/lib/thumb\libg.a(lib_a-jp2uc.o)
 .rodata.b02cf  0x00000000080fd024     0x172a c:/devkitpro/devkitarm/bin/../lib/gcc/arm-none-eabi/12.1.0/../../../../arm-none-eabi/lib/thumb\libg.a(lib_a-jp2uc.o)
 *fill*         0x00000000080fe74e        0x2 ff
 .rodata.a8     0x00000000080fe750       0x40 c:/devkitpro/devkitarm/bin/../lib/gcc/arm-none-eabi/12.1.0/../../../../arm-none-eabi/lib/thumb\libg.a(lib_a-jp2uc.o)
 .rodata.a7     0x00000000080fe790       0xa2 c:/devkitpro/devkitarm/bin/../lib/gcc/arm-none-eabi/12.1.0/../../../../arm-none-eabi/lib/thumb\libg.a(lib_a-jp2uc.o)
 *fill*         0x00000000080fe832        0x2 ff
 .rodata.a6     0x00000000080fe834       0x70 c:/devkitpro/devkitarm/bin/../lib/gcc/arm-none-eabi/12.1.0/../../../../arm-none-eabi/lib/thumb\libg.a(lib_a-jp2uc.o)
 .rodata.a3     0x00000000080fe8a4       0x5b c:/devkitpro/devkitarm/bin/../lib/gcc/arm-none-eabi/12.1.0/../../../../arm-none-eabi/lib/thumb\libg.a(lib_a-jp2uc.o)
 *fill*         0x00000000080fe8ff        0x1 ff
 .rodata.a2     0x00000000080fe900       0xbc c:/devkitpro/devkitarm/bin/../lib/gcc/arm-none-eabi/12.1.0/../../../../arm-none-eabi/lib/thumb\libg.a(lib_a-jp2uc.o)
 .rodata.a1     0x00000000080fe9bc       0xbc c:/devkitpro/devkitarm/bin/../lib/gcc/arm-none-eabi/12.1.0/../../../../arm-none-eabi/lib/thumb\libg.a(lib_a-jp2uc.o)
 .rodata.categories
                0x00000000080fea78     0x3528 c:/devkitpro/devkitarm/bin/../lib/gcc/arm-none-eabi/12.1.0/../../../../arm-none-eabi/lib/thumb\libg.a(lib_a-categories.o)
 .rodata.AddDevice.str1.4
                0x0000000008101fa0        0x8 c:/devkitpro/devkitarm/bin/../lib/gcc/arm-none-eabi/12.1.0/../../../../arm-none-eabi/lib/thumb\libsysbase.a(iosupport.o)
 .rodata.dotab_stdnull
                0x0000000008101fa8       0x70 c:/devkitpro/devkitarm/bin/../lib/gcc/arm-none-eabi/12.1.0/../../../../arm-none-eabi/lib/thumb\libsysbase.a(iosupport.o)
                0x0000000008101fa8                dotab_stdnull
 *(.gnu.linkonce.r*)
                0x0000000008102018                . = ALIGN (0x4)

.ARM.extab
 *(.ARM.extab* .gnu.linkonce.armextab.*)
                0x0000000008102018                __exidx_start = .

.ARM.exidx
 *(.ARM.exidx* .gnu.linkonce.armexidx.*)
                0x0000000008102018                __exidx_end = .

.ctors          0x0000000008102018        0x0
 *crtbegin.o(.ctors)
 *(EXCLUDE_FILE(*crtend.o) .ctors)
 *(SORT_BY_NAME(.ctors.*))
 *(.ctors)
                0x0000000008102018                . = ALIGN (0x4)

.dtors          0x0000000008102018        0x0
 *crtbegin.o(.dtors)
 *(EXCLUDE_FILE(*crtend.o) .dtors)
 *(SORT_BY_NAME(.dtors.*))
 *(.dtors)
                0x0000000008102018                . = ALIGN (0x4)

.eh_frame       0x0000000008102018        0x4
 *(.eh_frame)
 .eh_frame      0x0000000008102018        0x0 c:/devkitpro/devkitarm/bin/../lib/gcc/arm-none-eabi/12.1.0/thumb/crtbegin.o
 .eh_frame      0x0000000008102018        0x4 c:/devkitpro/devkitarm/bin/../lib/gcc/arm-none-eabi/12.1.0/thumb/crtend.o
                0x000000000810201c                . = ALIGN (0x4)

.gcc_except_table
                0x000000000810201c        0x0
 *(.gcc_except_table)
                0x000000000810201c                . = ALIGN (0x4)
                0x000000000810201c                __iwram_lma = .

.iwram          0x0000000003000000     0x1504 load address 0x000000000810201c
                0x0000000003000000                __iwram_start__ = ABSOLUTE (.)
 *(.iwram .iwram*)
 .iwram         0x0000000003000000      0x554 C:/devkitPro/libgba/lib\libmm.a(mm_mas.o)
                0x0000000003000000                mppProcessTick
                0x00000000030000e4                mpp_Channel_NewNote
                0x00000000030001c4                mpp_Update_ACHN_notest
 .iwram         0x0000000003000554      0x648 C:/devkitPro/libgba/lib\libmm.a(mm_mas_arm.o)
                0x0000000003000554                mmAllocChannel
                0x00000000030005c8                mmReadPattern
                0x00000000030006b4                mmUpdateChannel_T0
                0x00000000030008f4                mmUpdateChannel_TN
                0x0000000003000a94                mmGetPeriod
                0x0000000003000ad8                note_table_oct
                0x0000000003000af6                note_table_mod
 .iwram         0x0000000003000b9c      0x838 C:/devkitPro/libgba/lib\libmm.a(mm_mixer_gba.o)
                0x0000000003000ba0                mmVBlank
                0x0000000003000c24                mmMixerMix
 .iwram         0x00000000030013d4        0x8 C:/devkitPro/libgba/lib\libmm.a(mm_main_gba.o)
                0x00000000030013d4                mpp_call_r7i
                0x00000000030013d6                mpp_call_r2i
                0x00000000030013d8                mpp_call_r1i
 .iwram         0x00000000030013dc       0x38 C:/devkitPro/libtonc/lib\libtonc.a(tonc_memcpy.o)
                0x00000000030013dc                memcpy32
 .iwram         0x0000000003001414       0xa4 C:/devkitPro/libtonc/lib\libtonc.a(tonc_isr_master.o)
                0x0000000003001414                isr_master
 .iwram         0x00000000030014b8       0x4c C:/devkitPro/libtonc/lib\libtonc.a(tonc_memset.o)
                0x00000000030014b8                memset32
 *iwram.*(.text* .data*)
                0x0000000003001504                . = ALIGN (0x4)
                0x0000000003001504                __iwram_end__ = ABSOLUTE (.)
                0x0000000008103520                __data_lma = (__iwram_lma + SIZEOF (.iwram))

.bss            0x0000000003001504      0xd28
                0x0000000003001504                __bss_start = ABSOLUTE (.)
                0x0000000003001504                __bss_start__ = ABSOLUTE (.)
 *(.dynbss)
 *(.gnu.linkonce.b*)
 *(.bss*)
 .bss.completed.1
                0x0000000003001504        0x1 c:/devkitpro/devkitarm/bin/../lib/gcc/arm-none-eabi/12.1.0/thumb/crtbegin.o
 *fill*         0x0000000003001505        0x3 
 .bss.object.0  0x0000000003001508       0x18 c:/devkitpro/devkitarm/bin/../lib/gcc/arm-none-eabi/12.1.0/thumb/crtbegin.o
 .bss           0x0000000003001520       0x70 main.o
                0x0000000003001520                player
                0x0000000003001544                coin
                0x0000000003001568                p_get_coin
                0x000000000300156c                p_get_coin_anim_t
                0x0000000003001570                p_coins
                0x0000000003001574                p_dir
                0x0000000003001578                intro_imgs
                0x000000000300157c                max_slides
                0x0000000003001580                p_game_over
                0x0000000003001584                bg_x
                0x0000000003001588                bg_y
                0x000000000300158c                STATE
 .bss           0x0000000003001590      0x408 void.o
                0x0000000003001590                TICK
                0x0000000003001594                NUM_OBJS
                0x0000000003001598                obj_buffer
 .bss           0x0000000003001998      0x148 C:/devkitPro/libgba/lib\libmm.a(mm_mas.o)
                0x0000000003001998                mmLayerMain
                0x00000000030019d0                mmLayerSub
                0x0000000003001a08                mpp_vars
                0x0000000003001a18                mpp_layerp
                0x0000000003001a1c                mpp_channels
                0x0000000003001a2c                mpp_nchannels
                0x0000000003001a2d                mpp_clayer
                0x0000000003001a30                mm_achannels
                0x0000000003001a34                mm_pchannels
                0x0000000003001a38                mm_num_mch
                0x0000000003001a3c                mm_num_ach
                0x0000000003001a40                mm_schannels
 .bss           0x0000000003001ae0        0x8 C:/devkitPro/libgba/lib\libmm.a(mm_main.o)
                0x0000000003001ae0                mmCallback
                0x0000000003001ae4                mm_ch_mask
 .bss           0x0000000003001ae8       0x2d C:/devkitPro/libgba/lib\libmm.a(mm_effect.o)
                0x0000000003001b0c                mm_sfx_bitmask
                0x0000000003001b10                mm_sfx_clearmask
 *fill*         0x0000000003001b15        0x3 
 .bss           0x0000000003001b18      0x1bc C:/devkitPro/libgba/lib\libmm.a(mm_mixer_gba.o)
                0x0000000003001b18                mp_writepos
                0x0000000003001b20                mm_mixchannels
                0x0000000003001b28                mm_mixlen
                0x0000000003001b3c                mm_bpmdv
                0x0000000003001b40                mp_mix_seg
 .bss           0x0000000003001cd4      0x420 C:/devkitPro/libgba/lib\libmm.a(mm_init_default.o)
 .bss           0x00000000030020f4        0x8 C:/devkitPro/libgba/lib\libmm.a(mm_main_gba.o)
                0x00000000030020f4                mm_vblank_function
                0x00000000030020f8                mp_solution
 .bss           0x00000000030020fc        0x4 C:/devkitPro/libtonc/lib\libtonc.a(tonc_input.o)
                0x00000000030020fc                __key_curr
                0x00000000030020fe                __key_prev
 .bss           0x0000000003002100        0x4 C:/devkitPro/libtonc/lib\libtonc.a(tte_iohook.o)
 .bss.__malloc_current_mallinfo
                0x0000000003002104       0x28 c:/devkitpro/devkitarm/bin/../lib/gcc/arm-none-eabi/12.1.0/../../../../arm-none-eabi/lib/thumb\libg.a(lib_a-mallocr.o)
                0x0000000003002104                __malloc_current_mallinfo
 .bss.__malloc_max_total_mem
                0x000000000300212c        0x4 c:/devkitpro/devkitarm/bin/../lib/gcc/arm-none-eabi/12.1.0/../../../../arm-none-eabi/lib/thumb\libg.a(lib_a-mallocr.o)
                0x000000000300212c                __malloc_max_total_mem
 .bss.__malloc_max_sbrked_mem
                0x0000000003002130        0x4 c:/devkitpro/devkitarm/bin/../lib/gcc/arm-none-eabi/12.1.0/../../../../arm-none-eabi/lib/thumb\libg.a(lib_a-mallocr.o)
                0x0000000003002130                __malloc_max_sbrked_mem
 .bss.__malloc_top_pad
                0x0000000003002134        0x4 c:/devkitpro/devkitarm/bin/../lib/gcc/arm-none-eabi/12.1.0/../../../../arm-none-eabi/lib/thumb\libg.a(lib_a-mallocr.o)
                0x0000000003002134                __malloc_top_pad
 .bss.__malloc_recursive_mutex
                0x0000000003002138        0xc c:/devkitpro/devkitarm/bin/../lib/gcc/arm-none-eabi/12.1.0/../../../../arm-none-eabi/lib/thumb\libg.a(lib_a-mlock.o)
 .bss.__sinit_recursive_mutex
                0x0000000003002144        0xc c:/devkitpro/devkitarm/bin/../lib/gcc/arm-none-eabi/12.1.0/../../../../arm-none-eabi/lib/thumb\libg.a(lib_a-findfp.o)
 .bss.__sfp_recursive_mutex
                0x0000000003002150        0xc c:/devkitpro/devkitarm/bin/../lib/gcc/arm-none-eabi/12.1.0/../../../../arm-none-eabi/lib/thumb\libg.a(lib_a-findfp.o)
 .bss.heap_start.0
                0x000000000300215c        0x4 c:/devkitpro/devkitarm/bin/../lib/gcc/arm-none-eabi/12.1.0/../../../../arm-none-eabi/lib/thumb\libsysbase.a(sbrk.o)
 .bss.fake_heap_start
                0x0000000003002160        0x4 c:/devkitpro/devkitarm/bin/../lib/gcc/arm-none-eabi/12.1.0/../../../../arm-none-eabi/lib/thumb\libsysbase.a(malloc_vars.o)
                0x0000000003002160                fake_heap_start
 .bss.fake_heap_end
                0x0000000003002164        0x4 c:/devkitpro/devkitarm/bin/../lib/gcc/arm-none-eabi/12.1.0/../../../../arm-none-eabi/lib/thumb\libsysbase.a(malloc_vars.o)
                0x0000000003002164                fake_heap_end
 .bss.__hndl_lock
                0x0000000003002168        0x4 c:/devkitpro/devkitarm/bin/../lib/gcc/arm-none-eabi/12.1.0/../../../../arm-none-eabi/lib/thumb\libsysbase.a(handle_manager.o)
 *(COMMON)
 COMMON         0x000000000300216c       0x78 C:/devkitPro/libtonc/lib\libtonc.a(tonc_irq.o)
                0x000000000300216c                __isr_table
 COMMON         0x00000000030021e4       0x48 C:/devkitPro/libtonc/lib\libtonc.a(tte_main.o)
                0x00000000030021e4                __tte_main_context
                0x000000000300222c                . = ALIGN (0x4)
                0x000000000300222c                __bss_end__ = ABSOLUTE (.)

.data           0x000000000300222c     0x1af0 load address 0x0000000008103520
                0x000000000300222c                __data_start__ = ABSOLUTE (.)
 *(.data*)
 .data          0x000000000300222c       0x3c main.o
                0x000000000300222c                max_pgcat
                0x0000000003002230                get_coin
                0x000000000300223c                anim_coin
                0x000000000300225c                slides_count
                0x0000000003002260                TIMER
                0x0000000003002264                game_over_timer
 .data          0x0000000003002268        0x8 void.o
                0x0000000003002268                LIMIT_OBJS
                0x000000000300226c                MGET_WIDTH
 .data          0x0000000003002270        0x8 C:/devkitPro/libtonc/lib\libtonc.a(tonc_core.o)
                0x0000000003002270                __qran_seed
                0x0000000003002274                vid_page
 .data          0x0000000003002278        0x8 C:/devkitPro/libtonc/lib\libtonc.a(tonc_input.o)
                0x0000000003002278                __key_rpt
 .data          0x0000000003002280        0x4 C:/devkitPro/libtonc/lib\libtonc.a(tte_main.o)
                0x0000000003002280                gp_tte_context
 .data.__malloc_sbrk_base
                0x0000000003002284        0x4 c:/devkitpro/devkitarm/bin/../lib/gcc/arm-none-eabi/12.1.0/../../../../arm-none-eabi/lib/thumb\libg.a(lib_a-mallocr.o)
                0x0000000003002284                __malloc_sbrk_base
 .data.__malloc_trim_threshold
                0x0000000003002288        0x4 c:/devkitpro/devkitarm/bin/../lib/gcc/arm-none-eabi/12.1.0/../../../../arm-none-eabi/lib/thumb\libg.a(lib_a-mallocr.o)
                0x0000000003002288                __malloc_trim_threshold
 *fill*         0x000000000300228c        0x4 ff
 .data.__malloc_av_
                0x0000000003002290      0x408 c:/devkitpro/devkitarm/bin/../lib/gcc/arm-none-eabi/12.1.0/../../../../arm-none-eabi/lib/thumb\libg.a(lib_a-mallocr.o)
                0x0000000003002290                __malloc_av_
 .data._impure_ptr
                0x0000000003002698        0x4 c:/devkitpro/devkitarm/bin/../lib/gcc/arm-none-eabi/12.1.0/../../../../arm-none-eabi/lib/thumb\libg.a(lib_a-impure.o)
                0x0000000003002698                _impure_ptr
 *fill*         0x000000000300269c        0x4 ff
 .data.impure_data
                0x00000000030026a0      0x460 c:/devkitpro/devkitarm/bin/../lib/gcc/arm-none-eabi/12.1.0/../../../../arm-none-eabi/lib/thumb\libg.a(lib_a-impure.o)
 .data.__global_locale
                0x0000000003002b00      0x16c c:/devkitpro/devkitarm/bin/../lib/gcc/arm-none-eabi/12.1.0/../../../../arm-none-eabi/lib/thumb\libg.a(lib_a-locale.o)
                0x0000000003002b00                __global_locale
 .data.devoptab_list
                0x0000000003002c6c       0x8c c:/devkitpro/devkitarm/bin/../lib/gcc/arm-none-eabi/12.1.0/../../../../arm-none-eabi/lib/thumb\libsysbase.a(iosupport.o)
                0x0000000003002c6c                devoptab_list
 .data.handles  0x0000000003002cf8     0x1000 c:/devkitpro/devkitarm/bin/../lib/gcc/arm-none-eabi/12.1.0/../../../../arm-none-eabi/lib/thumb\libsysbase.a(handle_manager.o)
 .data.__stderr_handle
                0x0000000003003cf8        0xc c:/devkitpro/devkitarm/bin/../lib/gcc/arm-none-eabi/12.1.0/../../../../arm-none-eabi/lib/thumb\libsysbase.a(handle_manager.o)
 .data.__stdout_handle
                0x0000000003003d04        0xc c:/devkitpro/devkitarm/bin/../lib/gcc/arm-none-eabi/12.1.0/../../../../arm-none-eabi/lib/thumb\libsysbase.a(handle_manager.o)
 .data.__stdin_handle
                0x0000000003003d10        0xc c:/devkitpro/devkitarm/bin/../lib/gcc/arm-none-eabi/12.1.0/../../../../arm-none-eabi/lib/thumb\libsysbase.a(handle_manager.o)
 *(.gnu.linkonce.d*)
                0x0000000003003d1c                . = ALIGN (0x4)
                0x0000000008105010                __preinit_lma = (__data_lma + SIZEOF (.data))

.igot.plt       0x0000000003003d1c        0x0 load address 0x0000000008105010
 .igot.plt      0x0000000003003d1c        0x0 c:/devkitpro/devkitarm/bin/../lib/gcc/arm-none-eabi/12.1.0/../../../../arm-none-eabi/lib/thumb/gba_crt0.o

.preinit_array  0x0000000003003d1c        0x0 load address 0x0000000008105010
                0x0000000003003d1c                __preinit_array_start = ABSOLUTE (.)
 *(.preinit_array)
                0x0000000003003d1c                __preinit_array_end = ABSOLUTE (.)
                0x0000000008105010                __init_lma = (__preinit_lma + SIZEOF (.preinit_array))

.init_array     0x0000000003003d1c        0x8 load address 0x0000000008105010
                0x0000000003003d1c                __init_array_start = ABSOLUTE (.)
 *(SORT_BY_NAME(.init_array.*))
 *(.init_array)
 .init_array    0x0000000003003d1c        0x4 c:/devkitpro/devkitarm/bin/../lib/gcc/arm-none-eabi/12.1.0/thumb/crtbegin.o
 .init_array    0x0000000003003d20        0x4 main.o
                0x0000000003003d24                __init_array_end = ABSOLUTE (.)
                0x0000000008105018                __fini_lma = (__init_lma + SIZEOF (.init_array))

.fini_array     0x0000000003003d24        0x4 load address 0x0000000008105018
                0x0000000003003d24                __fini_array_start = ABSOLUTE (.)
 *(SORT_BY_NAME(.fini_array.*))
 *(.fini_array)
 .fini_array    0x0000000003003d24        0x4 c:/devkitpro/devkitarm/bin/../lib/gcc/arm-none-eabi/12.1.0/thumb/crtbegin.o
                0x0000000003003d28                __fini_array_end = ABSOLUTE (.)
                0x000000000810501c                __jcr_lma = (__fini_lma + SIZEOF (.fini_array))

.jcr            0x0000000003003d28        0x0 load address 0x000000000810501c
 *(.jcr)
                0x0000000003003d28                __data_end__ = ABSOLUTE (.)
                0x000000000810501c                __iwram_overlay_lma = (__jcr_lma + SIZEOF (.jcr))
                0x0000000003003d28                __iwram_overlay_start = .

.iwram0         0x0000000003003d28        0x0 load address 0x000000000810501c
 *(.iwram0)
                0x0000000003003d28                . = ALIGN (0x4)
                0x000000000810501c                PROVIDE (__load_start_iwram0 = LOADADDR (.iwram0))
                0x000000000810501c                PROVIDE (__load_stop_iwram0 = (LOADADDR (.iwram0) + SIZEOF (.iwram0)))

.iwram1         0x0000000003003d28        0x0
 *(.iwram1)
                0x0000000003003d28                . = ALIGN (0x4)
                [!provide]                        PROVIDE (__load_start_iwram1 = LOADADDR (.iwram1))
                [!provide]                        PROVIDE (__load_stop_iwram1 = (LOADADDR (.iwram1) + SIZEOF (.iwram1)))

.iwram2         0x0000000003003d28        0x0
 *(.iwram2)
                0x0000000003003d28                . = ALIGN (0x4)
                [!provide]                        PROVIDE (__load_start_iwram2 = LOADADDR (.iwram2))
                [!provide]                        PROVIDE (__load_stop_iwram2 = (LOADADDR (.iwram2) + SIZEOF (.iwram2)))

.iwram3         0x0000000003003d28        0x0
 *(.iwram3)
                0x0000000003003d28                . = ALIGN (0x4)
                [!provide]                        PROVIDE (__load_start_iwram3 = LOADADDR (.iwram3))
                [!provide]                        PROVIDE (__load_stop_iwram3 = (LOADADDR (.iwram3) + SIZEOF (.iwram3)))

.iwram4         0x0000000003003d28        0x0
 *(.iwram4)
                0x0000000003003d28                . = ALIGN (0x4)
                [!provide]                        PROVIDE (__load_start_iwram4 = LOADADDR (.iwram4))
                [!provide]                        PROVIDE (__load_stop_iwram4 = (LOADADDR (.iwram4) + SIZEOF (.iwram4)))

.iwram5         0x0000000003003d28        0x0
 *(.iwram5)
                0x0000000003003d28                . = ALIGN (0x4)
                [!provide]                        PROVIDE (__load_start_iwram5 = LOADADDR (.iwram5))
                [!provide]                        PROVIDE (__load_stop_iwram5 = (LOADADDR (.iwram5) + SIZEOF (.iwram5)))

.iwram6         0x0000000003003d28        0x0
 *(.iwram6)
                0x0000000003003d28                . = ALIGN (0x4)
                [!provide]                        PROVIDE (__load_start_iwram6 = LOADADDR (.iwram6))
                [!provide]                        PROVIDE (__load_stop_iwram6 = (LOADADDR (.iwram6) + SIZEOF (.iwram6)))

.iwram7         0x0000000003003d28        0x0
 *(.iwram7)
                0x0000000003003d28                . = ALIGN (0x4)
                [!provide]                        PROVIDE (__load_start_iwram7 = LOADADDR (.iwram7))
                [!provide]                        PROVIDE (__load_stop_iwram7 = (LOADADDR (.iwram7) + SIZEOF (.iwram7)))

.iwram8         0x0000000003003d28        0x0
 *(.iwram8)
                0x0000000003003d28                . = ALIGN (0x4)
                [!provide]                        PROVIDE (__load_start_iwram8 = LOADADDR (.iwram8))
                [!provide]                        PROVIDE (__load_stop_iwram8 = (LOADADDR (.iwram8) + SIZEOF (.iwram8)))

.iwram9         0x0000000003003d28        0x0
 *(.iwram9)
                0x0000000003003d28                . = ALIGN (0x4)
                [!provide]                        PROVIDE (__load_start_iwram9 = LOADADDR (.iwram9))
                [!provide]                        PROVIDE (__load_stop_iwram9 = (LOADADDR (.iwram9) + SIZEOF (.iwram9)))
                0x0000000003003d28                __iwram_overlay_end = .
                0x000000000810501c                __ewram_lma = (__iwram_overlay_lma + (__iwram_overlay_end - __iwram_overlay_start))
                0x0000000003003d28                __iheap_start = .
                0x0000000002000000                __ewram_start = ORIGIN (ewram)

.ewram          0x0000000002000000       0x84 load address 0x000000000810501c
 *(.ewram*)
 .ewram         0x0000000002000000       0x5c C:/devkitPro/libtonc/lib\libtonc.a(tonc_nocash.o)
                0x0000000002000000                nocash_message
                0x0000000002000008                nocash_buffer
 .ewram         0x000000000200005c       0x14 C:/devkitPro/libtonc/lib\libtonc.a(tonc_sbmp8.o)
                0x000000000200005c                m4_surface
 .ewram         0x0000000002000070       0x14 C:/devkitPro/libtonc/lib\libtonc.a(tonc_sbmp16.o)
                0x0000000002000070                m5_surface
                0x0000000002000084                . = ALIGN (0x4)
                0x0000000002000084                __ewram_end = ABSOLUTE (.)
                0x00000000081050a0                __pad_lma = (__ewram_lma + SIZEOF (.ewram))

.sbss           0x0000000002000084        0x0
                0x0000000002000084                __sbss_start__ = ABSOLUTE (.)
 *(.sbss*)
                0x0000000002000084                . = ALIGN (0x4)
                0x0000000002000084                __sbss_end__ = ABSOLUTE (.)
                0x0000000002000084                __end__ = ABSOLUTE (.)
                0x0000000002000084                __eheap_start = ABSOLUTE (.)

.pad            0x0000000002000084        0x8 load address 0x00000000081050a0
                0x0000000002000084        0x4 LONG 0x52416b64
                0x0000000002000088        0x4 LONG 0x4d
                0x000000000200008c                . = ALIGN (0x4)
                0x00000000081050a8                __rom_end__ = (__pad_lma + SIZEOF (.pad))

.rel.dyn        0x000000000200008c        0x0 load address 0x00000000081050a8
 .rel.iplt      0x000000000200008c        0x0 c:/devkitpro/devkitarm/bin/../lib/gcc/arm-none-eabi/12.1.0/../../../../arm-none-eabi/lib/thumb/gba_crt0.o

.stab
 *(.stab)

.stabstr
 *(.stabstr)

.stab.excl
 *(.stab.excl)

.stab.exclstr
 *(.stab.exclstr)

.stab.index
 *(.stab.index)

.stab.indexstr
 *(.stab.indexstr)

.comment        0x0000000000000000       0x45
 *(.comment)
 .comment       0x0000000000000000       0x23 c:/devkitpro/devkitarm/bin/../lib/gcc/arm-none-eabi/12.1.0/thumb/crtbegin.o
                                         0x24 (size before relaxing)
 .comment       0x0000000000000023       0x24 main.o
 .comment       0x0000000000000023       0x24 void.o
 .comment       0x0000000000000023       0x24 game_over.o
 .comment       0x0000000000000023       0x24 intro_logo.o
 .comment       0x0000000000000023       0x24 intro_msg.o
 .comment       0x0000000000000023       0x24 slide_1.o
 .comment       0x0000000000000023       0x24 slide_2.o
 .comment       0x0000000000000023       0x24 slide_3.o
 .comment       0x0000000000000023       0x24 slide_4.o
 .comment       0x0000000000000023       0x24 slide_5.o
 .comment       0x0000000000000023       0x24 slide_6.o
 .comment       0x0000000000000023       0x24 spr_coin.o
 .comment       0x0000000000000023       0x24 spr_player.o
 .comment       0x0000000000000023       0x24 tileset.o
 .comment       0x0000000000000023       0x24 title.o
 .comment       0x0000000000000023       0x24 map1.o
 .comment       0x0000000000000023       0x22 C:/devkitPro/libtonc/lib\libtonc.a(tonc_irq.o)
                                         0x23 (size before relaxing)
 .comment       0x0000000000000045       0x23 C:/devkitPro/libtonc/lib\libtonc.a(tonc_core.o)
 .comment       0x0000000000000045       0x23 C:/devkitPro/libtonc/lib\libtonc.a(tonc_oam.o)
 .comment       0x0000000000000045       0x23 C:/devkitPro/libtonc/lib\libtonc.a(tonc_input.o)
 .comment       0x0000000000000045       0x23 C:/devkitPro/libtonc/lib\libtonc.a(tte_init_chr4c.o)
 .comment       0x0000000000000045       0x23 C:/devkitPro/libtonc/lib\libtonc.a(tte_main.o)
 .comment       0x0000000000000045       0x23 C:/devkitPro/libtonc/lib\libtonc.a(chr4c_drawg_b1cts.o)
 .comment       0x0000000000000045       0x23 C:/devkitPro/libtonc/lib\libtonc.a(chr4c_drawg_b4cts.o)
 .comment       0x0000000000000045       0x23 C:/devkitPro/libtonc/lib\libtonc.a(tte_iohook.o)
 .comment       0x0000000000000045       0x23 C:/devkitPro/libtonc/lib\libtonc.a(tte_init_bmp.o)
 .comment       0x0000000000000045       0x23 C:/devkitPro/libtonc/lib\libtonc.a(bmp8_drawg_b1cs.o)
 .comment       0x0000000000000045       0x23 C:/devkitPro/libtonc/lib\libtonc.a(tonc_sbmp8.o)
 .comment       0x0000000000000045       0x23 C:/devkitPro/libtonc/lib\libtonc.a(tonc_schr4c.o)
 .comment       0x0000000000000045       0x23 C:/devkitPro/libtonc/lib\libtonc.a(tonc_surface.o)
 .comment       0x0000000000000045       0x23 C:/devkitPro/libtonc/lib\libtonc.a(tonc_sbmp16.o)
 .comment       0x0000000000000045       0x23 C:/devkitPro/libtonc/lib\libtonc.a(bmp16_drawg_b1cs.o)
 .comment       0x0000000000000045       0x24 c:/devkitpro/devkitarm/bin/../lib/gcc/arm-none-eabi/12.1.0/../../../../arm-none-eabi/lib/thumb\libg.a(lib_a-ctype_.o)
 .comment       0x0000000000000045       0x24 c:/devkitpro/devkitarm/bin/../lib/gcc/arm-none-eabi/12.1.0/../../../../arm-none-eabi/lib/thumb\libg.a(lib_a-init.o)
 .comment       0x0000000000000045       0x24 c:/devkitpro/devkitarm/bin/../lib/gcc/arm-none-eabi/12.1.0/../../../../arm-none-eabi/lib/thumb\libg.a(lib_a-iprintf.o)
 .comment       0x0000000000000045       0x24 c:/devkitpro/devkitarm/bin/../lib/gcc/arm-none-eabi/12.1.0/../../../../arm-none-eabi/lib/thumb\libg.a(lib_a-malloc.o)
 .comment       0x0000000000000045       0x24 c:/devkitpro/devkitarm/bin/../lib/gcc/arm-none-eabi/12.1.0/../../../../arm-none-eabi/lib/thumb\libg.a(lib_a-mallocr.o)
 .comment       0x0000000000000045       0x24 c:/devkitpro/devkitarm/bin/../lib/gcc/arm-none-eabi/12.1.0/../../../../arm-none-eabi/lib/thumb\libg.a(lib_a-memset.o)
 .comment       0x0000000000000045       0x24 c:/devkitpro/devkitarm/bin/../lib/gcc/arm-none-eabi/12.1.0/../../../../arm-none-eabi/lib/thumb\libg.a(lib_a-mlock.o)
 .comment       0x0000000000000045       0x24 c:/devkitpro/devkitarm/bin/../lib/gcc/arm-none-eabi/12.1.0/../../../../arm-none-eabi/lib/thumb\libg.a(lib_a-setvbuf.o)
 .comment       0x0000000000000045       0x24 c:/devkitpro/devkitarm/bin/../lib/gcc/arm-none-eabi/12.1.0/../../../../arm-none-eabi/lib/thumb\libg.a(lib_a-siscanf.o)
 .comment       0x0000000000000045       0x24 c:/devkitpro/devkitarm/bin/../lib/gcc/arm-none-eabi/12.1.0/../../../../arm-none-eabi/lib/thumb\libg.a(lib_a-stdio.o)
 .comment       0x0000000000000045       0x24 c:/devkitpro/devkitarm/bin/../lib/gcc/arm-none-eabi/12.1.0/../../../../arm-none-eabi/lib/thumb\libg.a(lib_a-strlen-stub.o)
 .comment       0x0000000000000045       0x24 c:/devkitpro/devkitarm/bin/../lib/gcc/arm-none-eabi/12.1.0/../../../../arm-none-eabi/lib/thumb\libg.a(lib_a-strncpy.o)
 .comment       0x0000000000000045       0x24 c:/devkitpro/devkitarm/bin/../lib/gcc/arm-none-eabi/12.1.0/../../../../arm-none-eabi/lib/thumb\libg.a(lib_a-strtol.o)
 .comment       0x0000000000000045       0x24 c:/devkitpro/devkitarm/bin/../lib/gcc/arm-none-eabi/12.1.0/../../../../arm-none-eabi/lib/thumb\libg.a(lib_a-svfiscanf.o)
 .comment       0x0000000000000045       0x24 c:/devkitpro/devkitarm/bin/../lib/gcc/arm-none-eabi/12.1.0/../../../../arm-none-eabi/lib/thumb\libg.a(lib_a-ungetc.o)
 .comment       0x0000000000000045       0x24 c:/devkitpro/devkitarm/bin/../lib/gcc/arm-none-eabi/12.1.0/../../../../arm-none-eabi/lib/thumb\libg.a(lib_a-vfiprintf.o)
 .comment       0x0000000000000045       0x24 c:/devkitpro/devkitarm/bin/../lib/gcc/arm-none-eabi/12.1.0/../../../../arm-none-eabi/lib/thumb\libg.a(lib_a-wcrtomb.o)
 .comment       0x0000000000000045       0x24 c:/devkitpro/devkitarm/bin/../lib/gcc/arm-none-eabi/12.1.0/../../../../arm-none-eabi/lib/thumb\libg.a(lib_a-wcsrtombs.o)
 .comment       0x0000000000000045       0x24 c:/devkitpro/devkitarm/bin/../lib/gcc/arm-none-eabi/12.1.0/../../../../arm-none-eabi/lib/thumb\libg.a(lib_a-wsetup.o)
 .comment       0x0000000000000045       0x24 c:/devkitpro/devkitarm/bin/../lib/gcc/arm-none-eabi/12.1.0/../../../../arm-none-eabi/lib/thumb\libg.a(lib_a-errno.o)
 .comment       0x0000000000000045       0x24 c:/devkitpro/devkitarm/bin/../lib/gcc/arm-none-eabi/12.1.0/../../../../arm-none-eabi/lib/thumb\libg.a(lib_a-fflush.o)
 .comment       0x0000000000000045       0x24 c:/devkitpro/devkitarm/bin/../lib/gcc/arm-none-eabi/12.1.0/../../../../arm-none-eabi/lib/thumb\libg.a(lib_a-findfp.o)
 .comment       0x0000000000000045       0x24 c:/devkitpro/devkitarm/bin/../lib/gcc/arm-none-eabi/12.1.0/../../../../arm-none-eabi/lib/thumb\libg.a(lib_a-freer.o)
 .comment       0x0000000000000045       0x24 c:/devkitpro/devkitarm/bin/../lib/gcc/arm-none-eabi/12.1.0/../../../../arm-none-eabi/lib/thumb\libg.a(lib_a-fvwrite.o)
 .comment       0x0000000000000045       0x24 c:/devkitpro/devkitarm/bin/../lib/gcc/arm-none-eabi/12.1.0/../../../../arm-none-eabi/lib/thumb\libg.a(lib_a-fwalk.o)
 .comment       0x0000000000000045       0x24 c:/devkitpro/devkitarm/bin/../lib/gcc/arm-none-eabi/12.1.0/../../../../arm-none-eabi/lib/thumb\libg.a(lib_a-impure.o)
 .comment       0x0000000000000045       0x24 c:/devkitpro/devkitarm/bin/../lib/gcc/arm-none-eabi/12.1.0/../../../../arm-none-eabi/lib/thumb\libg.a(lib_a-iswspace.o)
 .comment       0x0000000000000045       0x24 c:/devkitpro/devkitarm/bin/../lib/gcc/arm-none-eabi/12.1.0/../../../../arm-none-eabi/lib/thumb\libg.a(lib_a-localeconv.o)
 .comment       0x0000000000000045       0x24 c:/devkitpro/devkitarm/bin/../lib/gcc/arm-none-eabi/12.1.0/../../../../arm-none-eabi/lib/thumb\libg.a(lib_a-locale.o)
 .comment       0x0000000000000045       0x24 c:/devkitpro/devkitarm/bin/../lib/gcc/arm-none-eabi/12.1.0/../../../../arm-none-eabi/lib/thumb\libg.a(lib_a-makebuf.o)
 .comment       0x0000000000000045       0x24 c:/devkitpro/devkitarm/bin/../lib/gcc/arm-none-eabi/12.1.0/../../../../arm-none-eabi/lib/thumb\libg.a(lib_a-mbrtowc.o)
 .comment       0x0000000000000045       0x24 c:/devkitpro/devkitarm/bin/../lib/gcc/arm-none-eabi/12.1.0/../../../../arm-none-eabi/lib/thumb\libg.a(lib_a-mbtowc_r.o)
 .comment       0x0000000000000045       0x24 c:/devkitpro/devkitarm/bin/../lib/gcc/arm-none-eabi/12.1.0/../../../../arm-none-eabi/lib/thumb\libg.a(lib_a-memchr-stub.o)
 .comment       0x0000000000000045       0x24 c:/devkitpro/devkitarm/bin/../lib/gcc/arm-none-eabi/12.1.0/../../../../arm-none-eabi/lib/thumb\libg.a(lib_a-memcpy-stub.o)
 .comment       0x0000000000000045       0x24 c:/devkitpro/devkitarm/bin/../lib/gcc/arm-none-eabi/12.1.0/../../../../arm-none-eabi/lib/thumb\libg.a(lib_a-memmove.o)
 .comment       0x0000000000000045       0x24 c:/devkitpro/devkitarm/bin/../lib/gcc/arm-none-eabi/12.1.0/../../../../arm-none-eabi/lib/thumb\libg.a(lib_a-realloc.o)
 .comment       0x0000000000000045       0x24 c:/devkitpro/devkitarm/bin/../lib/gcc/arm-none-eabi/12.1.0/../../../../arm-none-eabi/lib/thumb\libg.a(lib_a-reallocr.o)
 .comment       0x0000000000000045       0x24 c:/devkitpro/devkitarm/bin/../lib/gcc/arm-none-eabi/12.1.0/../../../../arm-none-eabi/lib/thumb\libg.a(lib_a-sccl.o)
 .comment       0x0000000000000045       0x24 c:/devkitpro/devkitarm/bin/../lib/gcc/arm-none-eabi/12.1.0/../../../../arm-none-eabi/lib/thumb\libg.a(lib_a-strtoll.o)
 .comment       0x0000000000000045       0x24 c:/devkitpro/devkitarm/bin/../lib/gcc/arm-none-eabi/12.1.0/../../../../arm-none-eabi/lib/thumb\libg.a(lib_a-strtoull.o)
 .comment       0x0000000000000045       0x24 c:/devkitpro/devkitarm/bin/../lib/gcc/arm-none-eabi/12.1.0/../../../../arm-none-eabi/lib/thumb\libg.a(lib_a-strtoul.o)
 .comment       0x0000000000000045       0x24 c:/devkitpro/devkitarm/bin/../lib/gcc/arm-none-eabi/12.1.0/../../../../arm-none-eabi/lib/thumb\libg.a(lib_a-svfiprintf.o)
 .comment       0x0000000000000045       0x24 c:/devkitpro/devkitarm/bin/../lib/gcc/arm-none-eabi/12.1.0/../../../../arm-none-eabi/lib/thumb\libg.a(lib_a-wcsnrtombs.o)
 .comment       0x0000000000000045       0x24 c:/devkitpro/devkitarm/bin/../lib/gcc/arm-none-eabi/12.1.0/../../../../arm-none-eabi/lib/thumb\libg.a(lib_a-wctomb_r.o)
 .comment       0x0000000000000045       0x24 c:/devkitpro/devkitarm/bin/../lib/gcc/arm-none-eabi/12.1.0/../../../../arm-none-eabi/lib/thumb\libg.a(lib_a-fclose.o)
 .comment       0x0000000000000045       0x24 c:/devkitpro/devkitarm/bin/../lib/gcc/arm-none-eabi/12.1.0/../../../../arm-none-eabi/lib/thumb\libg.a(lib_a-iswspace_l.o)
 .comment       0x0000000000000045       0x24 c:/devkitpro/devkitarm/bin/../lib/gcc/arm-none-eabi/12.1.0/../../../../arm-none-eabi/lib/thumb\libg.a(lib_a-jp2uc.o)
 .comment       0x0000000000000045       0x24 c:/devkitpro/devkitarm/bin/../lib/gcc/arm-none-eabi/12.1.0/../../../../arm-none-eabi/lib/thumb\libg.a(lib_a-categories.o)
 .comment       0x0000000000000045       0x24 c:/devkitpro/devkitarm/bin/../lib/gcc/arm-none-eabi/12.1.0/../../../../arm-none-eabi/lib/thumb\libsysbase.a(iosupport.o)
 .comment       0x0000000000000045       0x24 c:/devkitpro/devkitarm/bin/../lib/gcc/arm-none-eabi/12.1.0/../../../../arm-none-eabi/lib/thumb\libsysbase.a(fstat.o)
 .comment       0x0000000000000045       0x24 c:/devkitpro/devkitarm/bin/../lib/gcc/arm-none-eabi/12.1.0/../../../../arm-none-eabi/lib/thumb\libsysbase.a(isatty.o)
 .comment       0x0000000000000045       0x24 c:/devkitpro/devkitarm/bin/../lib/gcc/arm-none-eabi/12.1.0/../../../../arm-none-eabi/lib/thumb\libsysbase.a(lseek.o)
 .comment       0x0000000000000045       0x24 c:/devkitpro/devkitarm/bin/../lib/gcc/arm-none-eabi/12.1.0/../../../../arm-none-eabi/lib/thumb\libsysbase.a(read.o)
 .comment       0x0000000000000045       0x24 c:/devkitpro/devkitarm/bin/../lib/gcc/arm-none-eabi/12.1.0/../../../../arm-none-eabi/lib/thumb\libsysbase.a(sbrk.o)
 .comment       0x0000000000000045       0x24 c:/devkitpro/devkitarm/bin/../lib/gcc/arm-none-eabi/12.1.0/../../../../arm-none-eabi/lib/thumb\libsysbase.a(write.o)
 .comment       0x0000000000000045       0x24 c:/devkitpro/devkitarm/bin/../lib/gcc/arm-none-eabi/12.1.0/../../../../arm-none-eabi/lib/thumb\libsysbase.a(malloc_vars.o)
 .comment       0x0000000000000045       0x24 c:/devkitpro/devkitarm/bin/../lib/gcc/arm-none-eabi/12.1.0/../../../../arm-none-eabi/lib/thumb\libsysbase.a(flock.o)
 .comment       0x0000000000000045       0x24 c:/devkitpro/devkitarm/bin/../lib/gcc/arm-none-eabi/12.1.0/../../../../arm-none-eabi/lib/thumb\libsysbase.a(handle_manager.o)
 .comment       0x0000000000000045       0x24 c:/devkitpro/devkitarm/bin/../lib/gcc/arm-none-eabi/12.1.0/../../../../arm-none-eabi/lib/thumb\libsysbase.a(getreent.o)
 .comment       0x0000000000000045       0x24 c:/devkitpro/devkitarm/bin/../lib/gcc/arm-none-eabi/12.1.0/../../../../arm-none-eabi/lib/thumb\libsysbase.a(syscall_support.o)
 .comment       0x0000000000000045       0x24 c:/devkitpro/devkitarm/bin/../lib/gcc/arm-none-eabi/12.1.0/thumb\libgcc.a(_muldi3.o)
 .comment       0x0000000000000045       0x24 c:/devkitpro/devkitarm/bin/../lib/gcc/arm-none-eabi/12.1.0/thumb\libgcc.a(_udivmoddi4.o)
 .comment       0x0000000000000045       0x24 c:/devkitpro/devkitarm/bin/../lib/gcc/arm-none-eabi/12.1.0/thumb/crtend.o

.debug
 *(.debug)

.line
 *(.line)

.debug_srcinfo
 *(.debug_srcinfo)

.debug_sfnames
 *(.debug_sfnames)

.debug_aranges  0x0000000000000000      0x1a0
 *(.debug_aranges)
 .debug_aranges
                0x0000000000000000       0x30 main.o
 .debug_aranges
                0x0000000000000030       0x20 void.o
 .debug_aranges
                0x0000000000000050       0x18 game_over.o
 .debug_aranges
                0x0000000000000068       0x18 intro_logo.o
 .debug_aranges
                0x0000000000000080       0x18 intro_msg.o
 .debug_aranges
                0x0000000000000098       0x18 slide_1.o
 .debug_aranges
                0x00000000000000b0       0x18 slide_2.o
 .debug_aranges
                0x00000000000000c8       0x18 slide_3.o
 .debug_aranges
                0x00000000000000e0       0x18 slide_4.o
 .debug_aranges
                0x00000000000000f8       0x18 slide_5.o
 .debug_aranges
                0x0000000000000110       0x18 slide_6.o
 .debug_aranges
                0x0000000000000128       0x18 spr_coin.o
 .debug_aranges
                0x0000000000000140       0x18 spr_player.o
 .debug_aranges
                0x0000000000000158       0x18 tileset.o
 .debug_aranges
                0x0000000000000170       0x18 title.o
 .debug_aranges
                0x0000000000000188       0x18 map1.o

.debug_pubnames
 *(.debug_pubnames)

.debug_info     0x0000000000000000     0x2afd
 *(.debug_info)
 .debug_info    0x0000000000000000     0x1d19 main.o
 .debug_info    0x0000000000001d19      0x852 void.o
 .debug_info    0x000000000000256b       0x59 game_over.o
 .debug_info    0x00000000000025c4       0x59 intro_logo.o
 .debug_info    0x000000000000261d       0x59 intro_msg.o
 .debug_info    0x0000000000002676       0x59 slide_1.o
 .debug_info    0x00000000000026cf       0x59 slide_2.o
 .debug_info    0x0000000000002728       0x59 slide_3.o
 .debug_info    0x0000000000002781       0x59 slide_4.o
 .debug_info    0x00000000000027da       0x59 slide_5.o
 .debug_info    0x0000000000002833       0x59 slide_6.o
 .debug_info    0x000000000000288c       0x7b spr_coin.o
 .debug_info    0x0000000000002907       0x7b spr_player.o
 .debug_info    0x0000000000002982       0x82 tileset.o
 .debug_info    0x0000000000002a04       0x59 title.o
 .debug_info    0x0000000000002a5d       0xa0 map1.o

.debug_abbrev   0x0000000000000000      0xe35
 *(.debug_abbrev)
 .debug_abbrev  0x0000000000000000      0x638 main.o
 .debug_abbrev  0x0000000000000638      0x389 void.o
 .debug_abbrev  0x00000000000009c1       0x4b game_over.o
 .debug_abbrev  0x0000000000000a0c       0x4b intro_logo.o
 .debug_abbrev  0x0000000000000a57       0x4b intro_msg.o
 .debug_abbrev  0x0000000000000aa2       0x4b slide_1.o
 .debug_abbrev  0x0000000000000aed       0x4b slide_2.o
 .debug_abbrev  0x0000000000000b38       0x4b slide_3.o
 .debug_abbrev  0x0000000000000b83       0x4b slide_4.o
 .debug_abbrev  0x0000000000000bce       0x4b slide_5.o
 .debug_abbrev  0x0000000000000c19       0x4b slide_6.o
 .debug_abbrev  0x0000000000000c64       0x57 spr_coin.o
 .debug_abbrev  0x0000000000000cbb       0x57 spr_player.o
 .debug_abbrev  0x0000000000000d12       0x6a tileset.o
 .debug_abbrev  0x0000000000000d7c       0x4b title.o
 .debug_abbrev  0x0000000000000dc7       0x6e map1.o

.debug_line     0x0000000000000000     0x17a1
 *(.debug_line)
 .debug_line    0x0000000000000000      0xe1f main.o
 .debug_line    0x0000000000000e1f      0x489 void.o
 .debug_line    0x00000000000012a8       0x5c game_over.o
 .debug_line    0x0000000000001304       0x5d intro_logo.o
 .debug_line    0x0000000000001361       0x5c intro_msg.o
 .debug_line    0x00000000000013bd       0x5a slide_1.o
 .debug_line    0x0000000000001417       0x5a slide_2.o
 .debug_line    0x0000000000001471       0x5a slide_3.o
 .debug_line    0x00000000000014cb       0x5a slide_4.o
 .debug_line    0x0000000000001525       0x5a slide_5.o
 .debug_line    0x000000000000157f       0x5a slide_6.o
 .debug_line    0x00000000000015d9       0x5b spr_coin.o
 .debug_line    0x0000000000001634       0x5d spr_player.o
 .debug_line    0x0000000000001691       0x5a tileset.o
 .debug_line    0x00000000000016eb       0x58 title.o
 .debug_line    0x0000000000001743       0x5e map1.o

.debug_frame    0x0000000000000000      0x274
 *(.debug_frame)
 .debug_frame   0x0000000000000000      0x128 main.o
 .debug_frame   0x0000000000000128      0x14c void.o

.debug_str      0x0000000000000000      0xe0e
 *(.debug_str)
 .debug_str     0x0000000000000000      0x94c main.o