Archive member included to satisfy reference by file (symbol)

C:/devkitPro/libtonc/lib\libtonc.a(tonc_irq.o)
                              main.o (irq_init)
C:/devkitPro/libtonc/lib\libtonc.a(tonc_core.o)
                              main.o (__qran_seed)
C:/devkitPro/libtonc/lib\libtonc.a(tonc_oam.o)
                              void.o (oam_init)
C:/devkitPro/libtonc/lib\libtonc.a(tonc_input.o)
                              main.o (key_poll)
C:/devkitPro/libtonc/lib\libtonc.a(tte_main.o)
                              main.o (tte_write)
C:/devkitPro/libtonc/lib\libtonc.a(tte_init_bmp.o)
                              main.o (tte_init_bmp)
C:/devkitPro/libtonc/lib\libtonc.a(bmp8_drawg_b1cs.o)
                              C:/devkitPro/libtonc/lib\libtonc.a(tte_init_bmp.o) (bmp8_drawg_b1cts)
C:/devkitPro/libtonc/lib\libtonc.a(tonc_bios.o)
                              main.o (RegisterRamReset)
C:/devkitPro/libtonc/lib\libtonc.a(tonc_memcpy.o)
                              void.o (memcpy32)
C:/devkitPro/libtonc/lib\libtonc.a(tonc_bios_ex.o)
                              C:/devkitPro/libtonc/lib\libtonc.a(tte_main.o) (VBlankIntrDelay)
C:/devkitPro/libtonc/lib\libtonc.a(tonc_nocash.o)
                              main.o (nocash_puts)
C:/devkitPro/libtonc/lib\libtonc.a(tonc_isr_master.o)
                              C:/devkitPro/libtonc/lib\libtonc.a(tonc_irq.o) (isr_master)
C:/devkitPro/libtonc/lib\libtonc.a(tonc_memset.o)
                              C:/devkitPro/libtonc/lib\libtonc.a(tonc_irq.o) (memset32)
C:/devkitPro/libtonc/lib\libtonc.a(verdana9.o)
                              main.o (verdana9Font)
C:/devkitPro/libtonc/lib\libtonc.a(sys8.o)
                              C:/devkitPro/libtonc/lib\libtonc.a(tte_main.o) (sys8Font)
C:/devkitPro/libtonc/lib\libtonc.a(tonc_sbmp8.o)
                              C:/devkitPro/libtonc/lib\libtonc.a(tte_init_bmp.o) (sbmp8_rect)
C:/devkitPro/libtonc/lib\libtonc.a(tonc_sbmp16.o)
                              C:/devkitPro/libtonc/lib\libtonc.a(tte_init_bmp.o) (sbmp16_rect)
C:/devkitPro/libtonc/lib\libtonc.a(bmp16_drawg_b1cs.o)
                              C:/devkitPro/libtonc/lib\libtonc.a(tte_init_bmp.o) (bmp16_drawg_b1cts)
c:/devkitpro/devkitarm/bin/../lib/gcc/arm-none-eabi/12.1.0/thumb\libgcc.a(_udivsi3.o)
                              void.o (__aeabi_uidiv)
c:/devkitpro/devkitarm/bin/../lib/gcc/arm-none-eabi/12.1.0/thumb\libgcc.a(_divsi3.o)
                              main.o (__aeabi_idiv)
c:/devkitpro/devkitarm/bin/../lib/gcc/arm-none-eabi/12.1.0/thumb\libgcc.a(_dvmd_tls.o)
                              c:/devkitpro/devkitarm/bin/../lib/gcc/arm-none-eabi/12.1.0/thumb\libgcc.a(_udivsi3.o) (__aeabi_idiv0)
c:/devkitpro/devkitarm/bin/../lib/gcc/arm-none-eabi/12.1.0/../../../../arm-none-eabi/lib/thumb\libg.a(lib_a-ctype_.o)
                              C:/devkitPro/libtonc/lib\libtonc.a(tte_main.o) (_ctype_)
c:/devkitpro/devkitarm/bin/../lib/gcc/arm-none-eabi/12.1.0/../../../../arm-none-eabi/lib/thumb\libg.a(lib_a-init.o)
                              c:/devkitpro/devkitarm/bin/../lib/gcc/arm-none-eabi/12.1.0/../../../../arm-none-eabi/lib/thumb/gba_crt0.o (__libc_init_array)
c:/devkitpro/devkitarm/bin/../lib/gcc/arm-none-eabi/12.1.0/../../../../arm-none-eabi/lib/thumb\libg.a(lib_a-memset.o)
                              C:/devkitPro/libtonc/lib\libtonc.a(tte_main.o) (memset)
c:/devkitpro/devkitarm/bin/../lib/gcc/arm-none-eabi/12.1.0/../../../../arm-none-eabi/lib/thumb\libg.a(lib_a-strtol.o)
                              C:/devkitPro/libtonc/lib\libtonc.a(tte_main.o) (strtol)
c:/devkitpro/devkitarm/bin/../lib/gcc/arm-none-eabi/12.1.0/../../../../arm-none-eabi/lib/thumb\libg.a(lib_a-errno.o)
                              c:/devkitpro/devkitarm/bin/../lib/gcc/arm-none-eabi/12.1.0/../../../../arm-none-eabi/lib/thumb\libg.a(lib_a-strtol.o) (__errno)
c:/devkitpro/devkitarm/bin/../lib/gcc/arm-none-eabi/12.1.0/../../../../arm-none-eabi/lib/thumb\libsysbase.a(malloc_vars.o)
                              c:/devkitpro/devkitarm/bin/../lib/gcc/arm-none-eabi/12.1.0/../../../../arm-none-eabi/lib/thumb/gba_crt0.o (fake_heap_end)
c:/devkitpro/devkitarm/bin/../lib/gcc/arm-none-eabi/12.1.0/../../../../arm-none-eabi/lib/thumb\libsysbase.a(getreent.o)
                              c:/devkitpro/devkitarm/bin/../lib/gcc/arm-none-eabi/12.1.0/../../../../arm-none-eabi/lib/thumb\libg.a(lib_a-strtol.o) (__getreent)
c:/devkitpro/devkitarm/bin/../lib/gcc/arm-none-eabi/12.1.0/../../../../arm-none-eabi/lib/thumb\libg.a(lib_a-impure.o)
                              c:/devkitpro/devkitarm/bin/../lib/gcc/arm-none-eabi/12.1.0/../../../../arm-none-eabi/lib/thumb\libsysbase.a(getreent.o) (_impure_ptr)

Allocating common symbols
Common symbol       size              file

__isr_table         0x78              C:/devkitPro/libtonc/lib\libtonc.a(tonc_irq.o)
__tte_main_context  0x48              C:/devkitPro/libtonc/lib\libtonc.a(tte_main.o)

Discarded input sections

 .text          0x0000000000000000        0x0 c:/devkitpro/devkitarm/bin/../lib/gcc/arm-none-eabi/12.1.0/../../../../arm-none-eabi/lib/thumb/gba_crt0.o
 .data          0x0000000000000000        0x0 c:/devkitpro/devkitarm/bin/../lib/gcc/arm-none-eabi/12.1.0/../../../../arm-none-eabi/lib/thumb/gba_crt0.o
 .bss           0x0000000000000000        0x0 c:/devkitpro/devkitarm/bin/../lib/gcc/arm-none-eabi/12.1.0/../../../../arm-none-eabi/lib/thumb/gba_crt0.o
 .text          0x0000000000000000        0x0 c:/devkitpro/devkitarm/bin/../lib/gcc/arm-none-eabi/12.1.0/thumb/crti.o
 .data          0x0000000000000000        0x0 c:/devkitpro/devkitarm/bin/../lib/gcc/arm-none-eabi/12.1.0/thumb/crti.o
 .bss           0x0000000000000000        0x0 c:/devkitpro/devkitarm/bin/../lib/gcc/arm-none-eabi/12.1.0/thumb/crti.o
 .text          0x0000000000000000        0x0 c:/devkitpro/devkitarm/bin/../lib/gcc/arm-none-eabi/12.1.0/thumb/crtbegin.o
 .data          0x0000000000000000        0x0 c:/devkitpro/devkitarm/bin/../lib/gcc/arm-none-eabi/12.1.0/thumb/crtbegin.o
 .bss           0x0000000000000000        0x0 c:/devkitpro/devkitarm/bin/../lib/gcc/arm-none-eabi/12.1.0/thumb/crtbegin.o
 .rodata.all_implied_fbits
                0x0000000000000000       0x24 c:/devkitpro/devkitarm/bin/../lib/gcc/arm-none-eabi/12.1.0/thumb/crtbegin.o
 .data.__dso_handle
                0x0000000000000000        0x4 c:/devkitpro/devkitarm/bin/../lib/gcc/arm-none-eabi/12.1.0/thumb/crtbegin.o
 .text          0x0000000000000000        0x0 slide_1.o
 .data          0x0000000000000000        0x0 slide_1.o
 .bss           0x0000000000000000        0x0 slide_1.o
 .text          0x0000000000000000        0x0 slide_2.o
 .data          0x0000000000000000        0x0 slide_2.o
 .bss           0x0000000000000000        0x0 slide_2.o
 .text          0x0000000000000000        0x0 slide_3.o
 .data          0x0000000000000000        0x0 slide_3.o
 .bss           0x0000000000000000        0x0 slide_3.o
 .text          0x0000000000000000        0x0 slide_4.o
 .data          0x0000000000000000        0x0 slide_4.o
 .bss           0x0000000000000000        0x0 slide_4.o
 .text          0x0000000000000000        0x0 slide_5.o
 .data          0x0000000000000000        0x0 slide_5.o
 .bss           0x0000000000000000        0x0 slide_5.o
 .text          0x0000000000000000        0x0 slide_6.o
 .data          0x0000000000000000        0x0 slide_6.o
 .bss           0x0000000000000000        0x0 slide_6.o
 .text          0x0000000000000000        0x0 spr_coin.o
 .data          0x0000000000000000        0x0 spr_coin.o
 .bss           0x0000000000000000        0x0 spr_coin.o
 .text          0x0000000000000000        0x0 spr_player.o
 .data          0x0000000000000000        0x0 spr_player.o
 .bss           0x0000000000000000        0x0 spr_player.o
 .text          0x0000000000000000        0x0 tileset.o
 .data          0x0000000000000000        0x0 tileset.o
 .bss           0x0000000000000000        0x0 tileset.o
 .text          0x0000000000000000        0x0 title.o
 .data          0x0000000000000000        0x0 title.o
 .bss           0x0000000000000000        0x0 title.o
 .text          0x0000000000000000        0x0 map1.o
 .data          0x0000000000000000        0x0 map1.o
 .bss           0x0000000000000000        0x0 map1.o
 .data          0x0000000000000000        0x0 C:/devkitPro/libtonc/lib\libtonc.a(tonc_irq.o)
 .bss           0x0000000000000000        0x0 C:/devkitPro/libtonc/lib\libtonc.a(tonc_irq.o)
 .bss           0x0000000000000000        0x0 C:/devkitPro/libtonc/lib\libtonc.a(tonc_core.o)
 .rodata        0x0000000000000000       0x58 C:/devkitPro/libtonc/lib\libtonc.a(tonc_core.o)
 .data          0x0000000000000000        0x0 C:/devkitPro/libtonc/lib\libtonc.a(tonc_oam.o)
 .bss           0x0000000000000000        0x0 C:/devkitPro/libtonc/lib\libtonc.a(tonc_oam.o)
 .bss           0x0000000000000000        0x0 C:/devkitPro/libtonc/lib\libtonc.a(tte_main.o)
 .data          0x0000000000000000        0x0 C:/devkitPro/libtonc/lib\libtonc.a(tte_init_bmp.o)
 .bss           0x0000000000000000        0x0 C:/devkitPro/libtonc/lib\libtonc.a(tte_init_bmp.o)
 .data          0x0000000000000000        0x0 C:/devkitPro/libtonc/lib\libtonc.a(bmp8_drawg_b1cs.o)
 .bss           0x0000000000000000        0x0 C:/devkitPro/libtonc/lib\libtonc.a(bmp8_drawg_b1cs.o)
 .data          0x0000000000000000        0x0 C:/devkitPro/libtonc/lib\libtonc.a(tonc_bios.o)
 .bss           0x0000000000000000        0x0 C:/devkitPro/libtonc/lib\libtonc.a(tonc_bios.o)
 .data          0x0000000000000000        0x0 C:/devkitPro/libtonc/lib\libtonc.a(tonc_memcpy.o)
 .bss           0x0000000000000000        0x0 C:/devkitPro/libtonc/lib\libtonc.a(tonc_memcpy.o)
 .data          0x0000000000000000        0x0 C:/devkitPro/libtonc/lib\libtonc.a(tonc_bios_ex.o)
 .bss           0x0000000000000000        0x0 C:/devkitPro/libtonc/lib\libtonc.a(tonc_bios_ex.o)
 .data          0x0000000000000000        0x0 C:/devkitPro/libtonc/lib\libtonc.a(tonc_nocash.o)
 .bss           0x0000000000000000        0x0 C:/devkitPro/libtonc/lib\libtonc.a(tonc_nocash.o)
 .text          0x0000000000000000        0x0 C:/devkitPro/libtonc/lib\libtonc.a(tonc_isr_master.o)
 .data          0x0000000000000000        0x0 C:/devkitPro/libtonc/lib\libtonc.a(tonc_isr_master.o)
 .bss           0x0000000000000000        0x0 C:/devkitPro/libtonc/lib\libtonc.a(tonc_isr_master.o)
 .data          0x0000000000000000        0x0 C:/devkitPro/libtonc/lib\libtonc.a(tonc_memset.o)
 .bss           0x0000000000000000        0x0 C:/devkitPro/libtonc/lib\libtonc.a(tonc_memset.o)
 .text          0x0000000000000000        0x0 C:/devkitPro/libtonc/lib\libtonc.a(verdana9.o)
 .data          0x0000000000000000        0x0 C:/devkitPro/libtonc/lib\libtonc.a(verdana9.o)
 .bss           0x0000000000000000        0x0 C:/devkitPro/libtonc/lib\libtonc.a(verdana9.o)
 .text          0x0000000000000000        0x0 C:/devkitPro/libtonc/lib\libtonc.a(sys8.o)
 .data          0x0000000000000000        0x0 C:/devkitPro/libtonc/lib\libtonc.a(sys8.o)
 .bss           0x0000000000000000        0x0 C:/devkitPro/libtonc/lib\libtonc.a(sys8.o)
 .data          0x0000000000000000        0x0 C:/devkitPro/libtonc/lib\libtonc.a(tonc_sbmp8.o)
 .bss           0x0000000000000000        0x0 C:/devkitPro/libtonc/lib\libtonc.a(tonc_sbmp8.o)
 .rodata        0x0000000000000000       0x28 C:/devkitPro/libtonc/lib\libtonc.a(tonc_sbmp8.o)
 .rodata.str1.4
                0x0000000000000000        0x5 C:/devkitPro/libtonc/lib\libtonc.a(tonc_sbmp8.o)
 .data          0x0000000000000000        0x0 C:/devkitPro/libtonc/lib\libtonc.a(tonc_sbmp16.o)
 .bss           0x0000000000000000        0x0 C:/devkitPro/libtonc/lib\libtonc.a(tonc_sbmp16.o)
 .data          0x0000000000000000        0x0 C:/devkitPro/libtonc/lib\libtonc.a(bmp16_drawg_b1cs.o)
 .bss           0x0000000000000000        0x0 C:/devkitPro/libtonc/lib\libtonc.a(bmp16_drawg_b1cs.o)
 .data          0x0000000000000000        0x0 c:/devkitpro/devkitarm/bin/../lib/gcc/arm-none-eabi/12.1.0/thumb\libgcc.a(_udivsi3.o)
 .bss           0x0000000000000000        0x0 c:/devkitpro/devkitarm/bin/../lib/gcc/arm-none-eabi/12.1.0/thumb\libgcc.a(_udivsi3.o)
 .data          0x0000000000000000        0x0 c:/devkitpro/devkitarm/bin/../lib/gcc/arm-none-eabi/12.1.0/thumb\libgcc.a(_divsi3.o)
 .bss           0x0000000000000000        0x0 c:/devkitpro/devkitarm/bin/../lib/gcc/arm-none-eabi/12.1.0/thumb\libgcc.a(_divsi3.o)
 .data          0x0000000000000000        0x0 c:/devkitpro/devkitarm/bin/../lib/gcc/arm-none-eabi/12.1.0/thumb\libgcc.a(_dvmd_tls.o)
 .bss           0x0000000000000000        0x0 c:/devkitpro/devkitarm/bin/../lib/gcc/arm-none-eabi/12.1.0/thumb\libgcc.a(_dvmd_tls.o)
 .text          0x0000000000000000        0x0 c:/devkitpro/devkitarm/bin/../lib/gcc/arm-none-eabi/12.1.0/../../../../arm-none-eabi/lib/thumb\libg.a(lib_a-ctype_.o)
 .data          0x0000000000000000        0x0 c:/devkitpro/devkitarm/bin/../lib/gcc/arm-none-eabi/12.1.0/../../../../arm-none-eabi/lib/thumb\libg.a(lib_a-ctype_.o)
 .bss           0x0000000000000000        0x0 c:/devkitpro/devkitarm/bin/../lib/gcc/arm-none-eabi/12.1.0/../../../../arm-none-eabi/lib/thumb\libg.a(lib_a-ctype_.o)
 .text.__set_ctype
                0x0000000000000000        0xc c:/devkitpro/devkitarm/bin/../lib/gcc/arm-none-eabi/12.1.0/../../../../arm-none-eabi/lib/thumb\libg.a(lib_a-ctype_.o)
 .text          0x0000000000000000        0x0 c:/devkitpro/devkitarm/bin/../lib/gcc/arm-none-eabi/12.1.0/../../../../arm-none-eabi/lib/thumb\libg.a(lib_a-init.o)
 .data          0x0000000000000000        0x0 c:/devkitpro/devkitarm/bin/../lib/gcc/arm-none-eabi/12.1.0/../../../../arm-none-eabi/lib/thumb\libg.a(lib_a-init.o)
 .bss           0x0000000000000000        0x0 c:/devkitpro/devkitarm/bin/../lib/gcc/arm-none-eabi/12.1.0/../../../../arm-none-eabi/lib/thumb\libg.a(lib_a-init.o)
 .text          0x0000000000000000        0x0 c:/devkitpro/devkitarm/bin/../lib/gcc/arm-none-eabi/12.1.0/../../../../arm-none-eabi/lib/thumb\libg.a(lib_a-memset.o)
 .data          0x0000000000000000        0x0 c:/devkitpro/devkitarm/bin/../lib/gcc/arm-none-eabi/12.1.0/../../../../arm-none-eabi/lib/thumb\libg.a(lib_a-memset.o)
 .bss           0x0000000000000000        0x0 c:/devkitpro/devkitarm/bin/../lib/gcc/arm-none-eabi/12.1.0/../../../../arm-none-eabi/lib/thumb\libg.a(lib_a-memset.o)
 .text          0x0000000000000000        0x0 c:/devkitpro/devkitarm/bin/../lib/gcc/arm-none-eabi/12.1.0/../../../../arm-none-eabi/lib/thumb\libg.a(lib_a-strtol.o)
 .data          0x0000000000000000        0x0 c:/devkitpro/devkitarm/bin/../lib/gcc/arm-none-eabi/12.1.0/../../../../arm-none-eabi/lib/thumb\libg.a(lib_a-strtol.o)
 .bss           0x0000000000000000        0x0 c:/devkitpro/devkitarm/bin/../lib/gcc/arm-none-eabi/12.1.0/../../../../arm-none-eabi/lib/thumb\libg.a(lib_a-strtol.o)
 .text._strtol_r
                0x0000000000000000       0x20 c:/devkitpro/devkitarm/bin/../lib/gcc/arm-none-eabi/12.1.0/../../../../arm-none-eabi/lib/thumb\libg.a(lib_a-strtol.o)
 .text.strtol_l
                0x0000000000000000       0x30 c:/devkitpro/devkitarm/bin/../lib/gcc/arm-none-eabi/12.1.0/../../../../arm-none-eabi/lib/thumb\libg.a(lib_a-strtol.o)
 .text          0x0000000000000000        0x0 c:/devkitpro/devkitarm/bin/../lib/gcc/arm-none-eabi/12.1.0/../../../../arm-none-eabi/lib/thumb\libg.a(lib_a-errno.o)
 .data          0x0000000000000000        0x0 c:/devkitpro/devkitarm/bin/../lib/gcc/arm-none-eabi/12.1.0/../../../../arm-none-eabi/lib/thumb\libg.a(lib_a-errno.o)
 .bss           0x0000000000000000        0x0 c:/devkitpro/devkitarm/bin/../lib/gcc/arm-none-eabi/12.1.0/../../../../arm-none-eabi/lib/thumb\libg.a(lib_a-errno.o)
 .text          0x0000000000000000        0x0 c:/devkitpro/devkitarm/bin/../lib/gcc/arm-none-eabi/12.1.0/../../../../arm-none-eabi/lib/thumb\libsysbase.a(malloc_vars.o)
 .data          0x0000000000000000        0x0 c:/devkitpro/devkitarm/bin/../lib/gcc/arm-none-eabi/12.1.0/../../../../arm-none-eabi/lib/thumb\libsysbase.a(malloc_vars.o)
 .bss           0x0000000000000000        0x0 c:/devkitpro/devkitarm/bin/../lib/gcc/arm-none-eabi/12.1.0/../../../../arm-none-eabi/lib/thumb\libsysbase.a(malloc_vars.o)
 .bss.fake_heap_start
                0x0000000000000000        0x4 c:/devkitpro/devkitarm/bin/../lib/gcc/arm-none-eabi/12.1.0/../../../../arm-none-eabi/lib/thumb\libsysbase.a(malloc_vars.o)
 .text          0x0000000000000000        0x0 c:/devkitpro/devkitarm/bin/../lib/gcc/arm-none-eabi/12.1.0/../../../../arm-none-eabi/lib/thumb\libsysbase.a(getreent.o)
 .data          0x0000000000000000        0x0 c:/devkitpro/devkitarm/bin/../lib/gcc/arm-none-eabi/12.1.0/../../../../arm-none-eabi/lib/thumb\libsysbase.a(getreent.o)
 .bss           0x0000000000000000        0x0 c:/devkitpro/devkitarm/bin/../lib/gcc/arm-none-eabi/12.1.0/../../../../arm-none-eabi/lib/thumb\libsysbase.a(getreent.o)
 .text          0x0000000000000000        0x0 c:/devkitpro/devkitarm/bin/../lib/gcc/arm-none-eabi/12.1.0/../../../../arm-none-eabi/lib/thumb\libg.a(lib_a-impure.o)
 .data          0x0000000000000000        0x0 c:/devkitpro/devkitarm/bin/../lib/gcc/arm-none-eabi/12.1.0/../../../../arm-none-eabi/lib/thumb\libg.a(lib_a-impure.o)
 .bss           0x0000000000000000        0x0 c:/devkitpro/devkitarm/bin/../lib/gcc/arm-none-eabi/12.1.0/../../../../arm-none-eabi/lib/thumb\libg.a(lib_a-impure.o)
 .rodata._global_impure_ptr
                0x0000000000000000        0x4 c:/devkitpro/devkitarm/bin/../lib/gcc/arm-none-eabi/12.1.0/../../../../arm-none-eabi/lib/thumb\libg.a(lib_a-impure.o)
 .text          0x0000000000000000        0x0 c:/devkitpro/devkitarm/bin/../lib/gcc/arm-none-eabi/12.1.0/thumb/crtend.o
 .data          0x0000000000000000        0x0 c:/devkitpro/devkitarm/bin/../lib/gcc/arm-none-eabi/12.1.0/thumb/crtend.o
 .bss           0x0000000000000000        0x0 c:/devkitpro/devkitarm/bin/../lib/gcc/arm-none-eabi/12.1.0/thumb/crtend.o
 .rodata.all_implied_fbits
                0x0000000000000000       0x24 c:/devkitpro/devkitarm/bin/../lib/gcc/arm-none-eabi/12.1.0/thumb/crtend.o
 .text          0x0000000000000000        0x0 c:/devkitpro/devkitarm/bin/../lib/gcc/arm-none-eabi/12.1.0/thumb/crtn.o
 .data          0x0000000000000000        0x0 c:/devkitpro/devkitarm/bin/../lib/gcc/arm-none-eabi/12.1.0/thumb/crtn.o
 .bss           0x0000000000000000        0x0 c:/devkitpro/devkitarm/bin/../lib/gcc/arm-none-eabi/12.1.0/thumb/crtn.o

Memory Configuration

Name             Origin             Length             Attributes
rom              0x0000000008000000 0x0000000002000000
iwram            0x0000000003000000 0x0000000000008000
ewram            0x0000000002000000 0x0000000000040000
*default*        0x0000000000000000 0xffffffffffffffff

Linker script and memory map

                0x0000000008000000                __text_start = ORIGIN (rom)
                0x0000000002040000                __eheap_end = (ORIGIN (ewram) + LENGTH (ewram))
                0x0000000003000000                __iwram_start = ORIGIN (iwram)
                0x0000000003008000                __iwram_top = (ORIGIN (iwram) + LENGTH (iwram))
                0x0000000003007fa0                __sp_irq = (__iwram_top - 0x60)
                0x0000000003007f00                __sp_usr = (__sp_irq - 0xa0)
                0x0000000003007ff8                __irq_flags = 0x3007ff8
                0x0000000008000000                . = __text_start

.crt0           0x0000000008000000      0x210
 *(.crt0)
 .crt0          0x0000000008000000      0x210 c:/devkitpro/devkitarm/bin/../lib/gcc/arm-none-eabi/12.1.0/../../../../arm-none-eabi/lib/thumb/gba_crt0.o
                0x0000000008000000                _start
                0x00000000080000c4                __boot_method
                0x00000000080000c5                __slave_number
                0x00000000080000e0                start_vector
                0x0000000008000210                . = ALIGN (0x4)

.init           0x0000000008000210        0xc
 *(SORT_NONE(.init))
 .init          0x0000000008000210        0x4 c:/devkitpro/devkitarm/bin/../lib/gcc/arm-none-eabi/12.1.0/thumb/crti.o
                0x0000000008000210                _init
 .init          0x0000000008000214        0x8 c:/devkitpro/devkitarm/bin/../lib/gcc/arm-none-eabi/12.1.0/thumb/crtn.o

.plt            0x000000000800021c        0x0
 *(.plt)
                0x000000000800021c                . = ALIGN (0x4)

.text           0x0000000008000220     0x3128
 *(EXCLUDE_FILE(*.iwram*) .text*)
 .text.__do_global_dtors_aux
                0x0000000008000220       0x2c c:/devkitpro/devkitarm/bin/../lib/gcc/arm-none-eabi/12.1.0/thumb/crtbegin.o
 .text.frame_dummy
                0x000000000800024c       0x24 c:/devkitpro/devkitarm/bin/../lib/gcc/arm-none-eabi/12.1.0/thumb/crtbegin.o
 .text          0x0000000008000270      0x690 main.o
                0x0000000008000270                mget(int, int, unsigned short const*)
                0x000000000800027c                updateCoinAndPlayer()
                0x00000000080005bc                winCopy()
                0x00000000080005fc                initMenu()
                0x0000000008000644                nextSlide()
                0x0000000008000664                initSlide()
                0x0000000008000774                initGame()
                0x00000000080008c0                updateGame()
 .text.startup  0x0000000008000900      0x184 main.o
                0x0000000008000900                main
 .text          0x0000000008000a84      0x2c8 void.o
                0x0000000008000a84                initVoid
                0x0000000008000ab0                initOam
                0x0000000008000acc                initEnt
                0x0000000008000ad0                loadObjectsToOam
                0x0000000008000af8                getMode
                0x0000000008000b00                setMode
                0x0000000008000b08                spr
                0x0000000008000bbc                flipSprite
                0x0000000008000bd8                flipEnt
                0x0000000008000bf4                setObjectPosition
                0x0000000008000c18                setAnim
                0x0000000008000c88                moveBg
                0x0000000008000d10                updateEnt
                0x0000000008000d24                PixelToTileX
                0x0000000008000d28                PixelToTileY
                0x0000000008000d2c                TileToPixelX
                0x0000000008000d3c                TileToPixelY
 .text          0x0000000008000d4c      0x354 C:/devkitPro/libtonc/lib\libtonc.a(tonc_irq.o)
                0x0000000008000d4c                irq_init
                0x0000000008000d90                irq_set_master
                0x0000000008000dbc                irq_set
                0x0000000008000ee4                irq_add
                0x0000000008000f5c                irq_delete
                0x0000000008001010                irq_enable
                0x0000000008001058                irq_disable
 .text          0x00000000080010a0      0x1c4 C:/devkitPro/libtonc/lib\libtonc.a(tonc_core.o)
                0x00000000080010a0                tonccpy
                0x0000000008001150                __toncset
                0x00000000080011e0                sqran
                0x00000000080011f0                octant
                0x0000000008001210                octant_rot
 .text          0x0000000008001264       0xbc C:/devkitPro/libtonc/lib\libtonc.a(tonc_oam.o)
                0x0000000008001264                oam_init
                0x00000000080012ac                obj_copy
                0x00000000080012cc                obj_hide_multi
                0x00000000080012f4                obj_unhide_multi
 .text          0x0000000008001320       0xa8 C:/devkitPro/libtonc/lib\libtonc.a(tonc_input.o)
                0x0000000008001320                key_poll
                0x0000000008001374                key_wait_till_hit
                0x0000000008001398                key_repeat
                0x00000000080013a4                key_repeat_mask
                0x00000000080013b4                key_repeat_limits
 .text          0x00000000080013c8      0x958 C:/devkitPro/libtonc/lib\libtonc.a(tte_main.o)
                0x00000000080013c8                dummy_drawg
                0x00000000080013cc                dummy_erase
                0x00000000080013d0                tte_set_context
                0x00000000080013e8                tte_set_color_attr
                0x00000000080013f8                tte_set_color_attrs
                0x0000000008001414                tte_set_color
                0x0000000008001434                tte_set_colors
                0x0000000008001474                tte_init_base
                0x0000000008001508                utf8_decode_char
                0x00000000080015bc                tte_cmd_skip
                0x00000000080015cc                tte_cmd_next
                0x0000000008001604                tte_putc
                0x0000000008001654                tte_erase_rect
                0x0000000008001670                tte_erase_screen
                0x0000000008001694                tte_erase_line
                0x00000000080016bc                tte_cmd_default
                0x0000000008001b10                tte_write
                0x0000000008001bfc                tte_write_ex
                0x0000000008001c2c                tte_get_text_size
                0x0000000008001d00                tte_set_margins
 .text          0x0000000008001d20      0x134 C:/devkitPro/libtonc/lib\libtonc.a(tte_init_bmp.o)
                0x0000000008001d20                bmp8_erase
                0x0000000008001d48                bmp16_erase
                0x0000000008001d70                tte_init_bmp
 .text          0x0000000008001e54      0x21c C:/devkitPro/libtonc/lib\libtonc.a(bmp8_drawg_b1cs.o)
                0x0000000008001e54                bmp8_drawg_b1cts
                0x0000000008001f50                bmp8_drawg_b1cos
 .text          0x0000000008002070       0x8c C:/devkitPro/libtonc/lib\libtonc.a(tonc_bios.o)
                0x0000000008002070                SoftReset
                0x0000000008002074                RegisterRamReset
                0x0000000008002078                Halt
                0x000000000800207c                Stop
                0x0000000008002080                IntrWait
                0x0000000008002084                VBlankIntrWait
                0x0000000008002088                Div
                0x000000000800208c                DivArm
                0x0000000008002090                Sqrt
                0x0000000008002094                ArcTan
                0x0000000008002098                ArcTan2
                0x000000000800209c                CpuSet
                0x00000000080020a0                CpuFastSet
                0x00000000080020a4                BiosCheckSum
                0x00000000080020a8                BgAffineSet
                0x00000000080020ac                ObjAffineSet
                0x00000000080020b0                BitUnPack
                0x00000000080020b4                LZ77UnCompWram
                0x00000000080020b8                LZ77UnCompVram
                0x00000000080020bc                HuffUnComp
                0x00000000080020c0                RLUnCompWram
                0x00000000080020c4                RLUnCompVram
                0x00000000080020c8                Diff8bitUnFilterWram
                0x00000000080020cc                Diff8bitUnFilterVram
                0x00000000080020d0                Diff16bitUnFilter
                0x00000000080020d4                SoundBias
                0x00000000080020d8                SoundDriverInit
                0x00000000080020dc                SoundDriverMode
                0x00000000080020e0                SoundDriverMain
                0x00000000080020e4                SoundDriverVSync
                0x00000000080020e8                SoundChannelClear
                0x00000000080020ec                MidiKey2Freq
                0x00000000080020f0                MultiBoot
                0x00000000080020f4                SoundDriverVSyncOff
                0x00000000080020f8                SoundDriverVSyncOn
 .text          0x00000000080020fc       0x44 C:/devkitPro/libtonc/lib\libtonc.a(tonc_memcpy.o)
                0x00000000080020fc                memcpy16
 .text          0x0000000008002140       0x54 C:/devkitPro/libtonc/lib\libtonc.a(tonc_bios_ex.o)
                0x0000000008002140                VBlankIntrDelay
                0x0000000008002150                DivSafe
                0x0000000008002164                Mod
                0x000000000800216c                DivAbs
                0x0000000008002174                DivArmMod
                0x000000000800217c                DivArmAbs
                0x0000000008002184                CpuFastFill
 .text          0x0000000008002194       0x38 C:/devkitPro/libtonc/lib\libtonc.a(tonc_nocash.o)
                0x0000000008002194                nocash_puts
 .text          0x00000000080021cc       0x3c C:/devkitPro/libtonc/lib\libtonc.a(tonc_memset.o)
                0x00000000080021cc                memset16
 .text          0x0000000008002208      0x5bc C:/devkitPro/libtonc/lib\libtonc.a(tonc_sbmp8.o)
                0x0000000008002208                sbmp8_get_pixel
                0x0000000008002218                sbmp8_plot
                0x0000000008002254                sbmp8_vline
                0x00000000080022c0                sbmp8_hline
                0x00000000080022fc                sbmp8_line
                0x0000000008002434                sbmp8_blit
                0x0000000008002568                sbmp8_rect
                0x00000000080025d0                sbmp8_frame
                0x0000000008002694                sbmp8_floodfill_internal
                0x000000000800279c                sbmp8_floodfill
 .text          0x00000000080027c4      0x4cc C:/devkitPro/libtonc/lib\libtonc.a(tonc_sbmp16.o)
                0x00000000080027c4                sbmp16_get_pixel
                0x00000000080027d4                sbmp16_plot
                0x00000000080027e8                sbmp16_vline
                0x0000000008002820                sbmp16_line
                0x00000000080028dc                sbmp16_hline
                0x000000000800290c                sbmp16_blit
                0x0000000008002a54                sbmp16_rect
                0x0000000008002ac0                sbmp16_frame
                0x0000000008002b50                sbmp16_floodfill_internal
                0x0000000008002c64                sbmp16_floodfill
 .text          0x0000000008002c90      0x170 C:/devkitPro/libtonc/lib\libtonc.a(bmp16_drawg_b1cs.o)
                0x0000000008002c90                bmp16_drawg_b1cts
                0x0000000008002d3c                bmp16_drawg_b1cos
 .text          0x0000000008002e00      0x11c c:/devkitpro/devkitarm/bin/../lib/gcc/arm-none-eabi/12.1.0/thumb\libgcc.a(_udivsi3.o)
                0x0000000008002e00                __aeabi_uidiv
                0x0000000008002e00                __udivsi3
                0x0000000008002efc                __aeabi_uidivmod
 .text          0x0000000008002f1c      0x150 c:/devkitpro/devkitarm/bin/../lib/gcc/arm-none-eabi/12.1.0/thumb\libgcc.a(_divsi3.o)
                0x0000000008002f1c                __divsi3
                0x0000000008002f1c                __aeabi_idiv
                0x000000000800304c                __aeabi_idivmod
 .text          0x000000000800306c        0x4 c:/devkitpro/devkitarm/bin/../lib/gcc/arm-none-eabi/12.1.0/thumb\libgcc.a(_dvmd_tls.o)
                0x000000000800306c                __aeabi_idiv0
                0x000000000800306c                __aeabi_ldiv0
 .text.__libc_init_array
                0x0000000008003070       0x54 c:/devkitpro/devkitarm/bin/../lib/gcc/arm-none-eabi/12.1.0/../../../../arm-none-eabi/lib/thumb\libg.a(lib_a-init.o)
                0x0000000008003070                __libc_init_array
 .text.memset   0x00000000080030c4       0xb0 c:/devkitpro/devkitarm/bin/../lib/gcc/arm-none-eabi/12.1.0/../../../../arm-none-eabi/lib/thumb\libg.a(lib_a-memset.o)
                0x00000000080030c4                memset
 .text._strtol_l.part.0
                0x0000000008003174      0x144 c:/devkitpro/devkitarm/bin/../lib/gcc/arm-none-eabi/12.1.0/../../../../arm-none-eabi/lib/thumb\libg.a(lib_a-strtol.o)
 .text.strtol   0x00000000080032b8       0x30 c:/devkitpro/devkitarm/bin/../lib/gcc/arm-none-eabi/12.1.0/../../../../arm-none-eabi/lib/thumb\libg.a(lib_a-strtol.o)
                0x00000000080032b8                strtol
 .text.__errno  0x00000000080032e8        0xc c:/devkitpro/devkitarm/bin/../lib/gcc/arm-none-eabi/12.1.0/../../../../arm-none-eabi/lib/thumb\libg.a(lib_a-errno.o)
                0x00000000080032e8                __errno
 .text.__getreent
                0x00000000080032f4       0x20 c:/devkitpro/devkitarm/bin/../lib/gcc/arm-none-eabi/12.1.0/../../../../arm-none-eabi/lib/thumb\libsysbase.a(getreent.o)
                0x00000000080032f4                __getreent
 *fill*         0x0000000008003314        0x4 ff
 .text.__getreent.__stub
                0x0000000008003318       0x2c linker stubs
 *(.gnu.linkonce.t.*)
 *(.text.*personality*)
 *(.gnu.warning)
 *(.glue_7t)
 .glue_7t       0x0000000008003348        0x0 linker stubs
 *(.glue_7)
 .glue_7        0x0000000008003348        0x0 linker stubs
 *(.vfp11_veneer)
 .vfp11_veneer  0x0000000008003348        0x0 linker stubs
                0x0000000008003348                . = ALIGN (0x4)
                0x0000000008003348                __text_end = .

.v4_bx          0x0000000008003348        0x0
 .v4_bx         0x0000000008003348        0x0 linker stubs

.iplt           0x0000000008003348        0x0
 .iplt          0x0000000008003348        0x0 c:/devkitpro/devkitarm/bin/../lib/gcc/arm-none-eabi/12.1.0/../../../../arm-none-eabi/lib/thumb/gba_crt0.o

.fini           0x0000000008003348        0xc
 *(.fini)
 .fini          0x0000000008003348        0x4 c:/devkitpro/devkitarm/bin/../lib/gcc/arm-none-eabi/12.1.0/thumb/crti.o
                0x0000000008003348                _fini
 .fini          0x000000000800334c        0x8 c:/devkitpro/devkitarm/bin/../lib/gcc/arm-none-eabi/12.1.0/thumb/crtn.o
                0x0000000008003354                . = ALIGN (0x4)

.rodata         0x0000000008003354    0x87d80
 *(.rodata)
 .rodata        0x0000000008003354       0x1c main.o
 .rodata        0x0000000008003370    0x12c00 slide_1.o
                0x0000000008003370                slide_1Bitmap
 .rodata        0x0000000008015f70    0x12c00 slide_2.o
                0x0000000008015f70                slide_2Bitmap
 .rodata        0x0000000008028b70    0x12c00 slide_3.o
                0x0000000008028b70                slide_3Bitmap
 .rodata        0x000000000803b770    0x12c00 slide_4.o
                0x000000000803b770                slide_4Bitmap
 .rodata        0x000000000804e370    0x12c00 slide_5.o
                0x000000000804e370                slide_5Bitmap
 .rodata        0x0000000008060f70    0x12c00 slide_6.o
                0x0000000008060f70                slide_6Bitmap
 .rodata        0x0000000008073b70      0x724 spr_coin.o
                0x0000000008073b70                spr_coinPal
                0x0000000008073b94                spr_coinTiles
 .rodata        0x0000000008074294      0x424 spr_player.o
                0x0000000008074294                spr_playerPal
                0x00000000080742b8                spr_playerTiles
 .rodata        0x00000000080746b8     0x1024 tileset.o
                0x00000000080746b8                tilesetPal
                0x00000000080746dc                tilesetTiles
 .rodata        0x00000000080756dc    0x12c00 title.o
                0x00000000080756dc                titleBitmap
 .rodata        0x00000000080882dc     0x1800 map1.o
                0x00000000080882dc                solids
                0x0000000008088adc                bg1
                0x00000000080892dc                bg0
 .rodata        0x0000000008089adc       0x38 C:/devkitPro/libtonc/lib\libtonc.a(tonc_irq.o)
 .rodata        0x0000000008089b14      0x1f0 C:/devkitPro/libtonc/lib\libtonc.a(tte_main.o)
 .rodata        0x0000000008089d04      0xef8 C:/devkitPro/libtonc/lib\libtonc.a(verdana9.o)
                0x0000000008089d04                verdana9Font
                0x0000000008089d1c                verdana9Glyphs
                0x000000000808ab1c                verdana9Widths
 .rodata        0x000000000808abfc      0x318 C:/devkitPro/libtonc/lib\libtonc.a(sys8.o)
                0x000000000808abfc                sys8Font
                0x000000000808ac14                sys8Glyphs
 .rodata        0x000000000808af14       0x3c C:/devkitPro/libtonc/lib\libtonc.a(tonc_sbmp16.o)
                0x000000000808af14                bmp16_tab
                0x000000000808af3c                m3_surface
 *all.rodata*(*)
 *(.roda)
 *(.rodata.*)
 .rodata.str1.4
                0x000000000808af50       0x76 main.o
 *fill*         0x000000000808afc6        0x2 ff
 .rodata.str1.4
                0x000000000808afc8        0x6 C:/devkitPro/libtonc/lib\libtonc.a(tonc_sbmp16.o)
 *fill*         0x000000000808afce        0x2 ff
 .rodata._ctype_
                0x000000000808afd0      0x101 c:/devkitpro/devkitarm/bin/../lib/gcc/arm-none-eabi/12.1.0/../../../../arm-none-eabi/lib/thumb\libg.a(lib_a-ctype_.o)
                0x000000000808afd0                _ctype_
 *(.gnu.linkonce.r*)
                0x000000000808b0d4                . = ALIGN (0x4)
 *fill*         0x000000000808b0d1        0x3 ff

.ARM.extab
 *(.ARM.extab* .gnu.linkonce.armextab.*)
                0x000000000808b0d4                __exidx_start = .

.ARM.exidx
 *(.ARM.exidx* .gnu.linkonce.armexidx.*)
                0x000000000808b0d4                __exidx_end = .

.ctors          0x000000000808b0d4        0x0
 *crtbegin.o(.ctors)
 *(EXCLUDE_FILE(*crtend.o) .ctors)
 *(SORT_BY_NAME(.ctors.*))
 *(.ctors)
                0x000000000808b0d4                . = ALIGN (0x4)

.dtors          0x000000000808b0d4        0x0
 *crtbegin.o(.dtors)
 *(EXCLUDE_FILE(*crtend.o) .dtors)
 *(SORT_BY_NAME(.dtors.*))
 *(.dtors)
                0x000000000808b0d4                . = ALIGN (0x4)

.eh_frame       0x000000000808b0d4        0x4
 *(.eh_frame)
 .eh_frame      0x000000000808b0d4        0x0 c:/devkitpro/devkitarm/bin/../lib/gcc/arm-none-eabi/12.1.0/thumb/crtbegin.o
 .eh_frame      0x000000000808b0d4        0x4 c:/devkitpro/devkitarm/bin/../lib/gcc/arm-none-eabi/12.1.0/thumb/crtend.o
                0x000000000808b0d8                . = ALIGN (0x4)

.gcc_except_table
                0x000000000808b0d8        0x0
 *(.gcc_except_table)
                0x000000000808b0d8                . = ALIGN (0x4)
                0x000000000808b0d8                __iwram_lma = .

.iwram          0x0000000003000000      0x128 load address 0x000000000808b0d8
                0x0000000003000000                __iwram_start__ = ABSOLUTE (.)
 *(.iwram .iwram*)
 .iwram         0x0000000003000000       0x38 C:/devkitPro/libtonc/lib\libtonc.a(tonc_memcpy.o)
                0x0000000003000000                memcpy32
 .iwram         0x0000000003000038       0xa4 C:/devkitPro/libtonc/lib\libtonc.a(tonc_isr_master.o)
                0x0000000003000038                isr_master
 .iwram         0x00000000030000dc       0x4c C:/devkitPro/libtonc/lib\libtonc.a(tonc_memset.o)
                0x00000000030000dc                memset32
 *iwram.*(.text* .data*)
                0x0000000003000128                . = ALIGN (0x4)
                0x0000000003000128                __iwram_end__ = ABSOLUTE (.)
                0x000000000808b200                __data_lma = (__iwram_lma + SIZEOF (.iwram))

.bss            0x0000000003000128      0x550
                0x0000000003000128                __bss_start = ABSOLUTE (.)
                0x0000000003000128                __bss_start__ = ABSOLUTE (.)
 *(.dynbss)
 *(.gnu.linkonce.b*)
 *(.bss*)
 .bss.completed.1
                0x0000000003000128        0x1 c:/devkitpro/devkitarm/bin/../lib/gcc/arm-none-eabi/12.1.0/thumb/crtbegin.o
 *fill*         0x0000000003000129        0x3 
 .bss.object.0  0x000000000300012c       0x18 c:/devkitpro/devkitarm/bin/../lib/gcc/arm-none-eabi/12.1.0/thumb/crtbegin.o
 .bss           0x0000000003000144       0x64 main.o
                0x0000000003000144                player
                0x0000000003000168                coin
                0x000000000300018c                p_get_coin_anim_t
                0x0000000003000190                p_get_coin
                0x0000000003000194                p_dir
                0x0000000003000198                max_slides
                0x000000000300019c                bg_x
                0x00000000030001a0                bg_y
                0x00000000030001a4                STATE
 .bss           0x00000000030001a8      0x408 void.o
                0x00000000030001a8                TICK
                0x00000000030001ac                NUM_OBJS
                0x00000000030001b0                obj_buffer
 .bss           0x00000000030005b0        0x4 C:/devkitPro/libtonc/lib\libtonc.a(tonc_input.o)
                0x00000000030005b0                __key_curr
                0x00000000030005b2                __key_prev
 .bss.fake_heap_end
                0x00000000030005b4        0x4 c:/devkitpro/devkitarm/bin/../lib/gcc/arm-none-eabi/12.1.0/../../../../arm-none-eabi/lib/thumb\libsysbase.a(malloc_vars.o)
                0x00000000030005b4                fake_heap_end
 *(COMMON)
 COMMON         0x00000000030005b8       0x78 C:/devkitPro/libtonc/lib\libtonc.a(tonc_irq.o)
                0x00000000030005b8                __isr_table
 COMMON         0x0000000003000630       0x48 C:/devkitPro/libtonc/lib\libtonc.a(tte_main.o)
                0x0000000003000630                __tte_main_context
                0x0000000003000678                . = ALIGN (0x4)
                0x0000000003000678                __bss_end__ = ABSOLUTE (.)

.data           0x0000000003000678      0x4a8 load address 0x000000000808b200
                0x0000000003000678                __data_start__ = ABSOLUTE (.)
 *(.data*)
 .data          0x0000000003000678       0x28 main.o
                0x0000000003000678                max_pgcat
                0x000000000300067c                anim_coin
                0x000000000300069c                slides_count
 .data          0x00000000030006a0        0x4 void.o
                0x00000000030006a0                LIMIT_OBJS
 .data          0x00000000030006a4        0x8 C:/devkitPro/libtonc/lib\libtonc.a(tonc_core.o)
                0x00000000030006a4                __qran_seed
                0x00000000030006a8                vid_page
 .data          0x00000000030006ac        0x8 C:/devkitPro/libtonc/lib\libtonc.a(tonc_input.o)
                0x00000000030006ac                __key_rpt
 .data          0x00000000030006b4        0x4 C:/devkitPro/libtonc/lib\libtonc.a(tte_main.o)
                0x00000000030006b4                gp_tte_context
 .data._impure_ptr
                0x00000000030006b8        0x4 c:/devkitpro/devkitarm/bin/../lib/gcc/arm-none-eabi/12.1.0/../../../../arm-none-eabi/lib/thumb\libg.a(lib_a-impure.o)
                0x00000000030006b8                _impure_ptr
 *fill*         0x00000000030006bc        0x4 ff
 .data.impure_data
                0x00000000030006c0      0x460 c:/devkitpro/devkitarm/bin/../lib/gcc/arm-none-eabi/12.1.0/../../../../arm-none-eabi/lib/thumb\libg.a(lib_a-impure.o)
 *(.gnu.linkonce.d*)
                0x0000000003000b20                . = ALIGN (0x4)
                0x000000000808b6a8                __preinit_lma = (__data_lma + SIZEOF (.data))

.igot.plt       0x0000000003000b20        0x0 load address 0x000000000808b6a8
 .igot.plt      0x0000000003000b20        0x0 c:/devkitpro/devkitarm/bin/../lib/gcc/arm-none-eabi/12.1.0/../../../../arm-none-eabi/lib/thumb/gba_crt0.o

.preinit_array  0x0000000003000b20        0x0 load address 0x000000000808b6a8
                0x0000000003000b20                __preinit_array_start = ABSOLUTE (.)
 *(.preinit_array)
                0x0000000003000b20                __preinit_array_end = ABSOLUTE (.)
                0x000000000808b6a8                __init_lma = (__preinit_lma + SIZEOF (.preinit_array))

.init_array     0x0000000003000b20        0x8 load address 0x000000000808b6a8
                0x0000000003000b20                __init_array_start = ABSOLUTE (.)
 *(SORT_BY_NAME(.init_array.*))
 *(.init_array)
 .init_array    0x0000000003000b20        0x4 c:/devkitpro/devkitarm/bin/../lib/gcc/arm-none-eabi/12.1.0/thumb/crtbegin.o
 .init_array    0x0000000003000b24        0x4 main.o
                0x0000000003000b28                __init_array_end = ABSOLUTE (.)
                0x000000000808b6b0                __fini_lma = (__init_lma + SIZEOF (.init_array))

.fini_array     0x0000000003000b28        0x4 load address 0x000000000808b6b0
                0x0000000003000b28                __fini_array_start = ABSOLUTE (.)
 *(SORT_BY_NAME(.fini_array.*))
 *(.fini_array)
 .fini_array    0x0000000003000b28        0x4 c:/devkitpro/devkitarm/bin/../lib/gcc/arm-none-eabi/12.1.0/thumb/crtbegin.o
                0x0000000003000b2c                __fini_array_end = ABSOLUTE (.)
                0x000000000808b6b4                __jcr_lma = (__fini_lma + SIZEOF (.fini_array))

.jcr            0x0000000003000b2c        0x0 load address 0x000000000808b6b4
 *(.jcr)
                0x0000000003000b2c                __data_end__ = ABSOLUTE (.)
                0x000000000808b6b4                __iwram_overlay_lma = (__jcr_lma + SIZEOF (.jcr))
                0x0000000003000b2c                __iwram_overlay_start = .

.iwram0         0x0000000003000b2c        0x0 load address 0x000000000808b6b4
 *(.iwram0)
                0x0000000003000b2c                . = ALIGN (0x4)
                0x000000000808b6b4                PROVIDE (__load_start_iwram0 = LOADADDR (.iwram0))
                0x000000000808b6b4                PROVIDE (__load_stop_iwram0 = (LOADADDR (.iwram0) + SIZEOF (.iwram0)))

.iwram1         0x0000000003000b2c        0x0
 *(.iwram1)
                0x0000000003000b2c                . = ALIGN (0x4)
                [!provide]                        PROVIDE (__load_start_iwram1 = LOADADDR (.iwram1))
                [!provide]                        PROVIDE (__load_stop_iwram1 = (LOADADDR (.iwram1) + SIZEOF (.iwram1)))

.iwram2         0x0000000003000b2c        0x0
 *(.iwram2)
                0x0000000003000b2c                . = ALIGN (0x4)
                [!provide]                        PROVIDE (__load_start_iwram2 = LOADADDR (.iwram2))
                [!provide]                        PROVIDE (__load_stop_iwram2 = (LOADADDR (.iwram2) + SIZEOF (.iwram2)))

.iwram3         0x0000000003000b2c        0x0
 *(.iwram3)
                0x0000000003000b2c                . = ALIGN (0x4)
                [!provide]                        PROVIDE (__load_start_iwram3 = LOADADDR (.iwram3))
                [!provide]                        PROVIDE (__load_stop_iwram3 = (LOADADDR (.iwram3) + SIZEOF (.iwram3)))

.iwram4         0x0000000003000b2c        0x0
 *(.iwram4)
                0x0000000003000b2c                . = ALIGN (0x4)
                [!provide]                        PROVIDE (__load_start_iwram4 = LOADADDR (.iwram4))
                [!provide]                        PROVIDE (__load_stop_iwram4 = (LOADADDR (.iwram4) + SIZEOF (.iwram4)))

.iwram5         0x0000000003000b2c        0x0
 *(.iwram5)
                0x0000000003000b2c                . = ALIGN (0x4)
                [!provide]                        PROVIDE (__load_start_iwram5 = LOADADDR (.iwram5))
                [!provide]                        PROVIDE (__load_stop_iwram5 = (LOADADDR (.iwram5) + SIZEOF (.iwram5)))

.iwram6         0x0000000003000b2c        0x0
 *(.iwram6)
                0x0000000003000b2c                . = ALIGN (0x4)
                [!provide]                        PROVIDE (__load_start_iwram6 = LOADADDR (.iwram6))
                [!provide]                        PROVIDE (__load_stop_iwram6 = (LOADADDR (.iwram6) + SIZEOF (.iwram6)))

.iwram7         0x0000000003000b2c        0x0
 *(.iwram7)
                0x0000000003000b2c                . = ALIGN (0x4)
                [!provide]                        PROVIDE (__load_start_iwram7 = LOADADDR (.iwram7))
                [!provide]                        PROVIDE (__load_stop_iwram7 = (LOADADDR (.iwram7) + SIZEOF (.iwram7)))

.iwram8         0x0000000003000b2c        0x0
 *(.iwram8)
                0x0000000003000b2c                . = ALIGN (0x4)
                [!provide]                        PROVIDE (__load_start_iwram8 = LOADADDR (.iwram8))
                [!provide]                        PROVIDE (__load_stop_iwram8 = (LOADADDR (.iwram8) + SIZEOF (.iwram8)))

.iwram9         0x0000000003000b2c        0x0
 *(.iwram9)
                0x0000000003000b2c                . = ALIGN (0x4)
                [!provide]                        PROVIDE (__load_start_iwram9 = LOADADDR (.iwram9))
                [!provide]                        PROVIDE (__load_stop_iwram9 = (LOADADDR (.iwram9) + SIZEOF (.iwram9)))
                0x0000000003000b2c                __iwram_overlay_end = .
                0x000000000808b6b4                __ewram_lma = (__iwram_overlay_lma + (__iwram_overlay_end - __iwram_overlay_start))
                0x0000000003000b2c                __iheap_start = .
                0x0000000002000000                __ewram_start = ORIGIN (ewram)

.ewram          0x0000000002000000       0x84 load address 0x000000000808b6b4
 *(.ewram*)
 .ewram         0x0000000002000000       0x5c C:/devkitPro/libtonc/lib\libtonc.a(tonc_nocash.o)
                0x0000000002000000                nocash_message
                0x0000000002000008                nocash_buffer
 .ewram         0x000000000200005c       0x14 C:/devkitPro/libtonc/lib\libtonc.a(tonc_sbmp8.o)
                0x000000000200005c                m4_surface
 .ewram         0x0000000002000070       0x14 C:/devkitPro/libtonc/lib\libtonc.a(tonc_sbmp16.o)
                0x0000000002000070                m5_surface
                0x0000000002000084                . = ALIGN (0x4)
                0x0000000002000084                __ewram_end = ABSOLUTE (.)
                0x000000000808b738                __pad_lma = (__ewram_lma + SIZEOF (.ewram))

.sbss           0x0000000002000084        0x0
                0x0000000002000084                __sbss_start__ = ABSOLUTE (.)
 *(.sbss*)
                0x0000000002000084                . = ALIGN (0x4)
                0x0000000002000084                __sbss_end__ = ABSOLUTE (.)
                0x0000000002000084                __end__ = ABSOLUTE (.)
                0x0000000002000084                __eheap_start = ABSOLUTE (.)

.pad            0x0000000002000084        0x8 load address 0x000000000808b738
                0x0000000002000084        0x4 LONG 0x52416b64
                0x0000000002000088        0x4 LONG 0x4d
                0x000000000200008c                . = ALIGN (0x4)
                0x000000000808b740                __rom_end__ = (__pad_lma + SIZEOF (.pad))

.rel.dyn        0x000000000200008c        0x0 load address 0x000000000808b740
 .rel.iplt      0x000000000200008c        0x0 c:/devkitpro/devkitarm/bin/../lib/gcc/arm-none-eabi/12.1.0/../../../../arm-none-eabi/lib/thumb/gba_crt0.o

.stab
 *(.stab)

.stabstr
 *(.stabstr)

.stab.excl
 *(.stab.excl)

.stab.exclstr
 *(.stab.exclstr)

.stab.index
 *(.stab.index)

.stab.indexstr
 *(.stab.indexstr)

.comment        0x0000000000000000       0x45
 *(.comment)
 .comment       0x0000000000000000       0x23 c:/devkitpro/devkitarm/bin/../lib/gcc/arm-none-eabi/12.1.0/thumb/crtbegin.o
                                         0x24 (size before relaxing)
 .comment       0x0000000000000023       0x24 main.o
 .comment       0x0000000000000023       0x24 void.o
 .comment       0x0000000000000023       0x24 slide_1.o
 .comment       0x0000000000000023       0x24 slide_2.o
 .comment       0x0000000000000023       0x24 slide_3.o
 .comment       0x0000000000000023       0x24 slide_4.o
 .comment       0x0000000000000023       0x24 slide_5.o
 .comment       0x0000000000000023       0x24 slide_6.o
 .comment       0x0000000000000023       0x24 spr_coin.o
 .comment       0x0000000000000023       0x24 spr_player.o
 .comment       0x0000000000000023       0x24 tileset.o
 .comment       0x0000000000000023       0x24 title.o
 .comment       0x0000000000000023       0x24 map1.o
 .comment       0x0000000000000023       0x22 C:/devkitPro/libtonc/lib\libtonc.a(tonc_irq.o)
                                         0x23 (size before relaxing)
 .comment       0x0000000000000045       0x23 C:/devkitPro/libtonc/lib\libtonc.a(tonc_core.o)
 .comment       0x0000000000000045       0x23 C:/devkitPro/libtonc/lib\libtonc.a(tonc_oam.o)
 .comment       0x0000000000000045       0x23 C:/devkitPro/libtonc/lib\libtonc.a(tonc_input.o)
 .comment       0x0000000000000045       0x23 C:/devkitPro/libtonc/lib\libtonc.a(tte_main.o)
 .comment       0x0000000000000045       0x23 C:/devkitPro/libtonc/lib\libtonc.a(tte_init_bmp.o)
 .comment       0x0000000000000045       0x23 C:/devkitPro/libtonc/lib\libtonc.a(bmp8_drawg_b1cs.o)
 .comment       0x0000000000000045       0x23 C:/devkitPro/libtonc/lib\libtonc.a(tonc_sbmp8.o)
 .comment       0x0000000000000045       0x23 C:/devkitPro/libtonc/lib\libtonc.a(tonc_sbmp16.o)
 .comment       0x0000000000000045       0x23 C:/devkitPro/libtonc/lib\libtonc.a(bmp16_drawg_b1cs.o)
 .comment       0x0000000000000045       0x24 c:/devkitpro/devkitarm/bin/../lib/gcc/arm-none-eabi/12.1.0/../../../../arm-none-eabi/lib/thumb\libg.a(lib_a-ctype_.o)
 .comment       0x0000000000000045       0x24 c:/devkitpro/devkitarm/bin/../lib/gcc/arm-none-eabi/12.1.0/../../../../arm-none-eabi/lib/thumb\libg.a(lib_a-init.o)
 .comment       0x0000000000000045       0x24 c:/devkitpro/devkitarm/bin/../lib/gcc/arm-none-eabi/12.1.0/../../../../arm-none-eabi/lib/thumb\libg.a(lib_a-memset.o)
 .comment       0x0000000000000045       0x24 c:/devkitpro/devkitarm/bin/../lib/gcc/arm-none-eabi/12.1.0/../../../../arm-none-eabi/lib/thumb\libg.a(lib_a-strtol.o)
 .comment       0x0000000000000045       0x24 c:/devkitpro/devkitarm/bin/../lib/gcc/arm-none-eabi/12.1.0/../../../../arm-none-eabi/lib/thumb\libg.a(lib_a-errno.o)
 .comment       0x0000000000000045       0x24 c:/devkitpro/devkitarm/bin/../lib/gcc/arm-none-eabi/12.1.0/../../../../arm-none-eabi/lib/thumb\libsysbase.a(malloc_vars.o)
 .comment       0x0000000000000045       0x24 c:/devkitpro/devkitarm/bin/../lib/gcc/arm-none-eabi/12.1.0/../../../../arm-none-eabi/lib/thumb\libsysbase.a(getreent.o)
 .comment       0x0000000000000045       0x24 c:/devkitpro/devkitarm/bin/../lib/gcc/arm-none-eabi/12.1.0/../../../../arm-none-eabi/lib/thumb\libg.a(lib_a-impure.o)
 .comment       0x0000000000000045       0x24 c:/devkitpro/devkitarm/bin/../lib/gcc/arm-none-eabi/12.1.0/thumb/crtend.o

.debug
 *(.debug)

.line
 *(.line)

.debug_srcinfo
 *(.debug_srcinfo)

.debug_sfnames
 *(.debug_sfnames)

.debug_aranges  0x0000000000000000      0x158
 *(.debug_aranges)
 .debug_aranges
                0x0000000000000000       0x30 main.o
 .debug_aranges
                0x0000000000000030       0x20 void.o
 .debug_aranges
                0x0000000000000050       0x18 slide_1.o
 .debug_aranges
                0x0000000000000068       0x18 slide_2.o
 .debug_aranges
                0x0000000000000080       0x18 slide_3.o
 .debug_aranges
                0x0000000000000098       0x18 slide_4.o
 .debug_aranges
                0x00000000000000b0       0x18 slide_5.o
 .debug_aranges
                0x00000000000000c8       0x18 slide_6.o
 .debug_aranges
                0x00000000000000e0       0x18 spr_coin.o
 .debug_aranges
                0x00000000000000f8       0x18 spr_player.o
 .debug_aranges
                0x0000000000000110       0x18 tileset.o
 .debug_aranges
                0x0000000000000128       0x18 title.o
 .debug_aranges
                0x0000000000000140       0x18 map1.o

.debug_pubnames
 *(.debug_pubnames)

.debug_info     0x0000000000000000     0x2cc7
 *(.debug_info)
 .debug_info    0x0000000000000000     0x1f89 main.o
 .debug_info    0x0000000000001f89      0x8cd void.o
 .debug_info    0x0000000000002856       0x59 slide_1.o
 .debug_info    0x00000000000028af       0x59 slide_2.o
 .debug_info    0x0000000000002908       0x59 slide_3.o
 .debug_info    0x0000000000002961       0x59 slide_4.o
 .debug_info    0x00000000000029ba       0x59 slide_5.o
 .debug_info    0x0000000000002a13       0x59 slide_6.o
 .debug_info    0x0000000000002a6c       0x7b spr_coin.o
 .debug_info    0x0000000000002ae7       0x7b spr_player.o
 .debug_info    0x0000000000002b62       0x82 tileset.o
 .debug_info    0x0000000000002be4       0x59 title.o
 .debug_info    0x0000000000002c3d       0x8a map1.o

.debug_abbrev   0x0000000000000000      0xd4d
 *(.debug_abbrev)
 .debug_abbrev  0x0000000000000000      0x61b main.o
 .debug_abbrev  0x000000000000061b      0x39f void.o
 .debug_abbrev  0x00000000000009ba       0x4b slide_1.o
 .debug_abbrev  0x0000000000000a05       0x4b slide_2.o
 .debug_abbrev  0x0000000000000a50       0x4b slide_3.o
 .debug_abbrev  0x0000000000000a9b       0x4b slide_4.o
 .debug_abbrev  0x0000000000000ae6       0x4b slide_5.o
 .debug_abbrev  0x0000000000000b31       0x4b slide_6.o
 .debug_abbrev  0x0000000000000b7c       0x57 spr_coin.o
 .debug_abbrev  0x0000000000000bd3       0x57 spr_player.o
 .debug_abbrev  0x0000000000000c2a       0x6a tileset.o
 .debug_abbrev  0x0000000000000c94       0x4b title.o
 .debug_abbrev  0x0000000000000cdf       0x6e map1.o

.debug_line     0x0000000000000000     0x164d
 *(.debug_line)
 .debug_line    0x0000000000000000      0xdb3 main.o
 .debug_line    0x0000000000000db3      0x4b6 void.o
 .debug_line    0x0000000000001269       0x5a slide_1.o
 .debug_line    0x00000000000012c3       0x5a slide_2.o
 .debug_line    0x000000000000131d       0x5a slide_3.o
 .debug_line    0x0000000000001377       0x5a slide_4.o
 .debug_line    0x00000000000013d1       0x5a slide_5.o
 .debug_line    0x000000000000142b       0x5a slide_6.o
 .debug_line    0x0000000000001485       0x5b spr_coin.o
 .debug_line    0x00000000000014e0       0x5d spr_player.o
 .debug_line    0x000000000000153d       0x5a tileset.o
 .debug_line    0x0000000000001597       0x58 title.o
 .debug_line    0x00000000000015ef       0x5e map1.o

.debug_frame    0x0000000000000000      0x28c
 *(.debug_frame)
 .debug_frame   0x0000000000000000      0x120 main.o
 .debug_frame   0x0000000000000120      0x16c void.o

.debug_str      0x0000000000000000      0xc98
 *(.debug_str)
 .debug_str     0x0000000000000000      0x863 main.o
                                        0x8e1 (size before relaxing)
 .debug_str     0x0000000000000863      0x1bb void.o
                                        0x3bb (size before relaxing)
 .debug_str     0x0000000000000a1e       0x3a slide_1.o
                                        0x10d (size before relaxing)
 .debug_str     0x0000000000000a58       0x3a slide_2.o
                                        0x10d (size before relaxing)
 .debug_str     0x0000000000000a92       0x3a slide_3.o
                                        0x10d (size before relaxing)
 .debug_str     0x0000000000000acc       0x3a slide_4.o
                                        0x10d (size before relaxing)
 .debug_str     0x0000000000000b06       0x3a slide_5.o
                                        0x10d (size before relaxing)
 .debug_str     0x0000000000000b40       0x3a slide_6.o
                                        0x10d (size before relaxing)
 .debug_str     0x0000000000000b7a       0x3b spr_coin.o
                                        0x11a (size before relaxing)
 .debug_str     0x0000000000000bb5       0x3d spr_player.o
                                        0x120 (size before relaxing)
 .debug_str     0x0000000000000bf2       0x3a tileset.o
                                        0x117 (size before relaxing)
 .debug_str     0x0000000000000c2c       0x38 title.o
                                        0x109 (size before relaxing)
 .debug_str     0x0000000000000c64       0x34 map1.o
                                        0x100 (size before relaxing)

.debug_loc
 *(.debug_loc)

.debug_macinfo
 *(.debug_macinfo)

.debug_weaknames
 *(.debug_weaknames)

.debug_funcnames
 *(.debug_funcnames)

.debug_typenames
 *(.debug_typenames)

.debug_varnames
 *(.debug_varnames)

.stack          0x0000000000080000        0x0
                0x0000000000080000                _stack = .
 *(.stack)

.note.gnu.arm.ident
 *(.note.gnu.arm.ident)

.ARM.attributes
                0x0000000000000000       0x2c
 *(.ARM.attributes)
 .ARM.attributes
                0x0000000000000000       0x20 c:/devkitpro/devkitarm/bin/../lib/gcc/arm-none-eabi/12.1.0/../../../../arm-none-eabi/lib/thumb/gba_crt0.o
 .ARM.attributes
                0x0000000000000020       0x1c c:/devkitpro/devkitarm/bin/../lib/gcc/arm-none-eabi/12.1.0/thumb/crti.o
 .ARM.attributes
                0x000000000000003c       0x2a c:/devkitpro/devkitarm/bin/../lib/gcc/arm-none-eabi/12.1.0/thumb/crtbegin.o
 .ARM.attributes
                0x0000000000000066       0x26 main.o
 .ARM.attributes
                0x000000000000008c       0x26 void.o
 .ARM.attributes
                0x00000000000000b2       0x26 slide_1.o
 .ARM.attributes
                0x00000000000000d8       0x26 slide_2.o
 .ARM.attributes
                0x00000000000000fe       0x26 slide_3.o
 .ARM.attributes
                0x0000000000000124       0x26 slide_4.o
 .ARM.attributes
                0x000000000000014a       0x26 slide_5.o
 .ARM.attributes
                0x0000000000000170       0x26 slide_6.o
 .ARM.attributes
                0x0000000000000196       0x26 spr_coin.o
 .ARM.attributes
                0x00000000000001bc       0x26 spr_player.o
 .ARM.attributes
                0x00000000000001e2       0x26 tileset.o
 .ARM.attributes
                0x0000000000000208       0x26 title.o
 .ARM.attributes
                0x000000000000022e       0x26 map1.o
 .ARM.attributes
                0x0000000000000254       0x2a C:/devkitPro/libtonc/lib\libtonc.a(tonc_irq.o)
 .ARM.attributes
                0x000000000000027e       0x2a C:/devkitPro/libtonc/lib\libtonc.a(tonc_core.o)
 .ARM.attributes
                0x00000000000002a8       0x2a C:/devkitPro/libtonc/lib\libtonc.a(tonc_oam.o)
 .ARM.attributes
                0x00000000000002d2       0x2a C:/devkitPro/libtonc/lib\libtonc.a(tonc_input.o)
 .ARM.attributes
                0x00000000000002fc       0x2a C:/devkitPro/libtonc/lib\libtonc.a(tte_main.o)
 .ARM.attributes
                0x0000000000000326       0x2a C:/devkitPro/libtonc/lib\libtonc.a(tte_init_bmp.o)
 .ARM.attributes
                0x0000000000000350       0x2a C:/devkitPro/libtonc/lib\libtonc.a(bmp8_drawg_b1cs.o)
 .ARM.attributes
                0x000000000000037a       0x1a C:/devkitPro/libtonc/lib\libtonc.a(tonc_bios.o)
 .ARM.attributes
                0x0000000000000394       0x1a C:/devkitPro/libtonc/lib\libtonc.a(tonc_memcpy.o)
 .ARM.attributes
                0x00000000000003ae       0x1a C:/devkitPro/libtonc/lib\libtonc.a(tonc_bios_ex.o)
 .ARM.attributes
                0x00000000000003c8       0x1a C:/devkitPro/libtonc/lib\libtonc.a(tonc_nocash.o)
 .ARM.attributes
                0x00000000000003e2       0x1a C:/devkitPro/libtonc/lib\libtonc.a(tonc_isr_master.o)
 .ARM.attributes
                0x00000000000003fc       0x1a C:/devkitPro/libtonc/lib\libtonc.a(tonc_memset.o)
 .ARM.attributes
                0x0000000000000416       0x1a C:/devkitPro/libtonc/lib\libtonc.a(verdana9.o)
 .ARM.attributes
                0x0000000000000430       0x1a C:/devkitPro/libtonc/lib\libtonc.a(sys8.o)
 .ARM.attributes
                0x000000000000044a       0x2a C:/devkitPro/libtonc/lib\libtonc.a(tonc_sbmp8.o)
 .ARM.attributes
                0x0000000000000474       0x2a C:/devkitPro/libtonc/lib\libtonc.a(tonc_sbmp16.o)
 .ARM.attributes
                0x000000000000049e       0x2a C:/devkitPro/libtonc/lib\libtonc.a(bmp16_drawg_b1cs.o)
 .ARM.attributes
                0x00000000000004c8       0x1c c:/devkitpro/devkitarm/bin/../lib/gcc/arm-none-eabi/12.1.0/thumb\libgcc.a(_udivsi3.o)
 .ARM.attributes
                0x00000000000004e4       0x1c c:/devkitpro/devkitarm/bin/../lib/gcc/arm-none-eabi/12.1.0/thumb\libgcc.a(_divsi3.o)
 .ARM.attributes
                0x0000000000000500       0x1c c:/devkitpro/devkitarm/bin/../lib/gcc/arm-none-eabi/12.1.0/thumb\libgcc.a(_dvmd_tls.o)
 .ARM.attributes
                0x000000000000051c       0x2a c:/devkitpro/devkitarm/bin/../lib/gcc/arm-none-eabi/12.1.0/../../../../arm-none-eabi/lib/thumb\libg.a(lib_a-ctype_.o)
 .ARM.attributes
                0x0000000000000546       0x2a c:/devkitpro/devkitarm/bin/../lib/gcc/arm-none-eabi/12.1.0/../../../../arm-none-eabi/lib/thumb\libg.a(lib_a-init.o)
 .ARM.attributes
                0x0000000000000570       0x2a c:/devkitpro/devkitarm/bin/../lib/gcc/arm-none-eabi/12.1.0/../../../../arm-none-eabi/lib/thumb\libg.a(lib_a-memset.o)
 .ARM.attributes
                0x000000000000059a       0x2a c:/devkitpro/devkitarm/bin/../lib/gcc/arm-none-eabi/12.1.0/../../../../arm-none-eabi/lib/thumb\libg.a(lib_a-strtol.o)
 .ARM.attributes
                0x00000000000005c4       0x2a c:/devkitpro/devkitarm/bin/../lib/gcc/arm-none-eabi/12.1.0/../../../../arm-none-eabi/lib/thumb\libg.a(lib_a-errno.o)
 .ARM.attributes
                0x00000000000005ee       0x2a c:/devkitpro/devkitarm/bin/../lib/gcc/arm-none-eabi/12.1.0/../../../../arm-none-eabi/lib/thumb\libsysbase.a(malloc_vars.o)
 .ARM.attributes
                0x0000000000000618       0x2a c:/devkitpro/devkitarm/bin/../lib/gcc/arm-none-eabi/12.1.0/../../../../arm-none-eabi/lib/thumb\libsysbase.a(getreent.o)
 .ARM.attributes
                0x0000000000000642       0x2a c:/devkitpro/devkitarm/bin/../lib/gcc/arm-none-eabi/12.1.0/../../../../arm-none-eabi/lib/thumb\libg.a(lib_a-impure.o)
 .ARM.attributes
                0x000000000000066c       0x2a c:/devkitpro/devkitarm/bin/../lib/gcc/arm-none-eabi/12.1.0/thumb/crtend.o
 .ARM.attributes
                0x0000000000000696       0x1c c:/devkitpro/devkitarm/bin/../lib/gcc/arm-none-eabi/12.1.0/thumb/crtn.o

/DISCARD/
 *(.note.GNU-stack)
LOAD c:/devkitpro/devkitarm/bin/../lib/gcc/arm-none-eabi/12.1.0/../../../../arm-none-eabi/lib/thumb/gba_crt0.o
LOAD c:/devkitpro/devkitarm/bin/../lib/gcc/arm-none-eabi/12.1.0/thumb/crti.o
LOAD c:/devkitpro/devkitarm/bin/../lib/gcc/arm-none-eabi/12.1.0/thumb/crtbegin.o
LOAD main.o
LOAD void.o
LOAD slide_1.o
LOAD slide_2.o
LOAD slide_3.o
LOAD slide_4.o
LOAD slide_5.o
LOAD slide_6.o
LOAD spr_coin.o
LOAD spr_player.o
LOAD tileset.o
LOAD title.o
LOAD map1.o
LOAD C:/devkitPro/libgba/lib\libmm.a
LOAD C:/devkitPro/libtonc/lib\libtonc.a
LOAD c:/devkitpro/devkitarm/bin/../lib/gcc/arm-none-eabi/12.1.0/../../../../arm-none-eabi/lib/thumb\libstdc++.a
LOAD c:/devkitpro/devkitarm/bin/../lib/gcc/arm-none-eabi/12.1.0/../../../../arm-none-eabi/lib/thumb\libm.a
START GROUP
LOAD c:/devkitpro/devkitarm/bin/../lib/gcc/arm-none-eabi/12.1.0/thumb\libgcc.a
LOAD c:/devkitpro/devkitarm/bin/../lib/gcc/arm-none-eabi/12.1.0/../../../../arm-none-eabi/lib/thumb\libg.a
LOAD c:/devkitpro/devkitarm/bin/../lib/gcc/arm-none-eabi/12.1.0/../../../../arm-none-eabi/lib/thumb\libc.a
LOAD c:/devkitpro/devkitarm/bin/../lib/gcc/arm-none-eabi/12.1.0/../../../../arm-none-eabi/lib/thumb\libsysbase.a
END GROUP
LOAD c:/devkitpro/devkitarm/bin/../lib/gcc/arm-none-eabi/12.1.0/thumb/crtend.o
LOAD c:/devkitpro/devkitarm/bin/../lib/gcc/arm-none-eabi/12.1.0/thumb/crtn.o
OUTPUT(C:/Users/ATS/Documents/C/GBA/col/col.elf elf32-littlearm)
LOAD linker stubs

.debug_loclists
                0x0000000000000000      0xa43
 .debug_loclists
                0x0000000000000000      0x524 main.o
 .debug_loclists
                0x0000000000000524      0x51f void.o

.debug_rnglists
                0x0000000000000000      0x229
 .debug_rnglists
                0x0000000000000000      0x1c1 main.o
 .debug_rnglists
                0x00000000000001c1       0x68 void.o
