Archive member included to satisfy reference by file (symbol)

C:/devkitPro/libtonc/lib\libtonc.a(tonc_irq.o)
                              main.o (irq_init)
C:/devkitPro/libtonc/lib\libtonc.a(tonc_core.o)
                              void.o (oam_sizes)
C:/devkitPro/libtonc/lib\libtonc.a(tonc_oam.o)
                              void.o (oam_init)
C:/devkitPro/libtonc/lib\libtonc.a(tonc_input.o)
                              main.o (key_poll)
C:/devkitPro/libtonc/lib\libtonc.a(tte_iohook.o)
                              main.o (tte_init_con)
C:/devkitPro/libtonc/lib\libtonc.a(tte_init_se.o)
                              main.o (tte_init_se)
C:/devkitPro/libtonc/lib\libtonc.a(tonc_bios.o)
                              main.o (VBlankIntrWait)
C:/devkitPro/libtonc/lib\libtonc.a(tonc_memcpy.o)
                              void.o (memcpy32)
C:/devkitPro/libtonc/lib\libtonc.a(tonc_nocash.o)
                              C:/devkitPro/libtonc/lib\libtonc.a(tte_iohook.o) (nocash_message)
C:/devkitPro/libtonc/lib\libtonc.a(tonc_isr_master.o)
                              C:/devkitPro/libtonc/lib\libtonc.a(tonc_irq.o) (isr_master)
C:/devkitPro/libtonc/lib\libtonc.a(tonc_memset.o)
                              C:/devkitPro/libtonc/lib\libtonc.a(tonc_irq.o) (memset32)
C:/devkitPro/libtonc/lib\libtonc.a(sys8.o)
                              main.o (sys8Font)
C:/devkitPro/libtonc/lib\libtonc.a(tonc_surface.o)
                              C:/devkitPro/libtonc/lib\libtonc.a(tte_init_se.o) (srf_init)
C:/devkitPro/libtonc/lib\libtonc.a(tte_main.o)
                              C:/devkitPro/libtonc/lib\libtonc.a(tte_init_se.o) (tte_init_base)
C:/devkitPro/libtonc/lib\libtonc.a(se_drawg.o)
                              C:/devkitPro/libtonc/lib\libtonc.a(tte_init_se.o) (se_erase)
C:/devkitPro/libtonc/lib\libtonc.a(tonc_bios_ex.o)
                              C:/devkitPro/libtonc/lib\libtonc.a(tte_main.o) (VBlankIntrDelay)
C:/devkitPro/libtonc/lib\libtonc.a(tonc_sbmp16.o)
                              C:/devkitPro/libtonc/lib\libtonc.a(se_drawg.o) (sbmp16_rect)
c:/devkitpro/devkitarm/bin/../lib/gcc/arm-none-eabi/12.1.0/thumb\libgcc.a(_udivsi3.o)
                              void.o (__aeabi_uidivmod)
c:/devkitpro/devkitarm/bin/../lib/gcc/arm-none-eabi/12.1.0/thumb\libgcc.a(_divsi3.o)
                              C:/devkitPro/libtonc/lib\libtonc.a(tte_iohook.o) (__aeabi_idiv)
c:/devkitpro/devkitarm/bin/../lib/gcc/arm-none-eabi/12.1.0/thumb\libgcc.a(_dvmd_tls.o)
                              c:/devkitpro/devkitarm/bin/../lib/gcc/arm-none-eabi/12.1.0/thumb\libgcc.a(_udivsi3.o) (__aeabi_idiv0)
c:/devkitpro/devkitarm/bin/../lib/gcc/arm-none-eabi/12.1.0/../../../../arm-none-eabi/lib/thumb\libg.a(lib_a-ctype_.o)
                              C:/devkitPro/libtonc/lib\libtonc.a(tte_main.o) (_ctype_)
c:/devkitpro/devkitarm/bin/../lib/gcc/arm-none-eabi/12.1.0/../../../../arm-none-eabi/lib/thumb\libg.a(lib_a-init.o)
                              c:/devkitpro/devkitarm/bin/../lib/gcc/arm-none-eabi/12.1.0/../../../../arm-none-eabi/lib/thumb/gba_crt0.o (__libc_init_array)
c:/devkitpro/devkitarm/bin/../lib/gcc/arm-none-eabi/12.1.0/../../../../arm-none-eabi/lib/thumb\libg.a(lib_a-memset.o)
                              C:/devkitPro/libtonc/lib\libtonc.a(tonc_surface.o) (memset)
c:/devkitpro/devkitarm/bin/../lib/gcc/arm-none-eabi/12.1.0/../../../../arm-none-eabi/lib/thumb\libg.a(lib_a-setvbuf.o)
                              C:/devkitPro/libtonc/lib\libtonc.a(tte_iohook.o) (setvbuf)
c:/devkitpro/devkitarm/bin/../lib/gcc/arm-none-eabi/12.1.0/../../../../arm-none-eabi/lib/thumb\libg.a(lib_a-siscanf.o)
                              C:/devkitPro/libtonc/lib\libtonc.a(tte_iohook.o) (siscanf)
c:/devkitpro/devkitarm/bin/../lib/gcc/arm-none-eabi/12.1.0/../../../../arm-none-eabi/lib/thumb\libg.a(lib_a-stdio.o)
                              c:/devkitpro/devkitarm/bin/../lib/gcc/arm-none-eabi/12.1.0/../../../../arm-none-eabi/lib/thumb\libg.a(lib_a-siscanf.o) (__seofread)
c:/devkitpro/devkitarm/bin/../lib/gcc/arm-none-eabi/12.1.0/../../../../arm-none-eabi/lib/thumb\libg.a(lib_a-strlen-stub.o)
                              c:/devkitpro/devkitarm/bin/../lib/gcc/arm-none-eabi/12.1.0/../../../../arm-none-eabi/lib/thumb\libg.a(lib_a-siscanf.o) (strlen)
c:/devkitpro/devkitarm/bin/../lib/gcc/arm-none-eabi/12.1.0/../../../../arm-none-eabi/lib/thumb\libg.a(lib_a-strncpy.o)
                              C:/devkitPro/libtonc/lib\libtonc.a(tte_iohook.o) (strncpy)
c:/devkitpro/devkitarm/bin/../lib/gcc/arm-none-eabi/12.1.0/../../../../arm-none-eabi/lib/thumb\libg.a(lib_a-strtol.o)
                              C:/devkitPro/libtonc/lib\libtonc.a(tte_main.o) (strtol)
c:/devkitpro/devkitarm/bin/../lib/gcc/arm-none-eabi/12.1.0/../../../../arm-none-eabi/lib/thumb\libg.a(lib_a-svfiscanf.o)
[...]
Memory Configuration

Name             Origin             Length             Attributes
rom              0x0000000008000000 0x0000000002000000
iwram            0x0000000003000000 0x0000000000008000
ewram            0x0000000002000000 0x0000000000040000
*default*        0x0000000000000000 0xffffffffffffffff

Linker script and memory map

                0x0000000008000000                __text_start = ORIGIN (rom)
                0x0000000002040000                __eheap_end = (ORIGIN (ewram) + LENGTH (ewram))
                0x0000000003000000                __iwram_start = ORIGIN (iwram)
                0x0000000003008000                __iwram_top = (ORIGIN (iwram) + LENGTH (iwram))
                0x0000000003007fa0                __sp_irq = (__iwram_top - 0x60)
                0x0000000003007f00                __sp_usr = (__sp_irq - 0xa0)
                0x0000000003007ff8                __irq_flags = 0x3007ff8
                0x0000000008000000                . = __text_start

.crt0           0x0000000008000000      0x210
 *(.crt0)
 .crt0          0x0000000008000000      0x210 c:/devkitpro/devkitarm/bin/../lib/gcc/arm-none-eabi/12.1.0/../../../../arm-none-eabi/lib/thumb/gba_crt0.o
                0x0000000008000000                _start
                0x00000000080000c4                __boot_method
                0x00000000080000c5                __slave_number
                0x00000000080000e0                start_vector
                0x0000000008000210                . = ALIGN (0x4)

.init           0x0000000008000210        0xc
 *(SORT_NONE(.init))
 .init          0x0000000008000210        0x4 c:/devkitpro/devkitarm/bin/../lib/gcc/arm-none-eabi/12.1.0/thumb/crti.o
                0x0000000008000210                _init
 .init          0x0000000008000214        0x8 c:/devkitpro/devkitarm/bin/../lib/gcc/arm-none-eabi/12.1.0/thumb/crtn.o

.plt            0x000000000800021c        0x0
 *(.plt)
                0x000000000800021c                . = ALIGN (0x4)

.text           0x0000000008000220     0x7048
 *(EXCLUDE_FILE(*.iwram*) .text*)
 .text.__do_global_dtors_aux
                0x0000000008000220       0x2c c:/devkitpro/devkitarm/bin/../lib/gcc/arm-none-eabi/12.1.0/thumb/crtbegin.o
 .text.frame_dummy
                0x000000000800024c       0x24 c:/devkitpro/devkitarm/bin/../lib/gcc/arm-none-eabi/12.1.0/thumb/crtbegin.o
 .text          0x0000000008000270       0xc4 main.o
                0x0000000008000270                sol(int, int)
                0x00000000080002a0                isSolid(int, int)
 .text.startup  0x0000000008000334      0x2f0 main.o
                0x0000000008000334                main
 .text          0x0000000008000624      0x4e8 void.o
                0x0000000008000624                mget(int, int, unsigned short const*, unsigned short)
                0x0000000008000630                mset(int, int, unsigned char, unsigned short*, unsigned short)
                0x0000000008000634                initOam()
                0x0000000008000648                updateOam()
                0x0000000008000670                checkSpriteIsHided(unsigned short)
                0x0000000008000680                Sprite::Sprite(short)
                0x0000000008000680                Sprite::Sprite(short)
                0x00000000080006f0                Sprite::update()
                0x0000000008000784                Sprite::getSize()
                0x00000000080007b4                Sprite::getWidth()
                0x00000000080007d0                Sprite::getHeight()
                0x00000000080007ec                Sprite::setAttr(unsigned short, unsigned short)
                0x00000000080007f4                Sprite::setPos(int, int)
                0x00000000080007fc                Sprite::getPos()
                0x0000000008000808                Sprite::hide()
                0x0000000008000820                Sprite::unhide()
                0x0000000008000830                Sprite::anim(unsigned short, unsigned short, unsigned short)
                0x00000000080008cc                Map::Map(int, unsigned int, void const*, unsigned int, unsigned int)
                0x00000000080008cc                Map::Map(int, unsigned int, void const*, unsigned int, unsigned int)
                0x0000000008000944                Map::colcpy(int, int)
                0x00000000080009b4                Map::rowcpy(int, int)
                0x0000000008000a14                Map::update()
                0x0000000008000a94                Map::setPos(int, int)
                0x0000000008000adc                Map::getTile(int, int)
                0x0000000008000aec                Map::setTile(int, int, unsigned char)
 .text          0x0000000008000b0c      0x354 C:/devkitPro/libtonc/lib\libtonc.a(tonc_irq.o)
                0x0000000008000b0c                irq_init
                0x0000000008000b50                irq_set_master
                0x0000000008000b7c                irq_set
                0x0000000008000ca4                irq_add
                0x0000000008000d1c                irq_delete
                0x0000000008000dd0                irq_enable
                0x0000000008000e18                irq_disable
 .text          0x0000000008000e60       0xbc C:/devkitPro/libtonc/lib\libtonc.a(tonc_oam.o)
                0x0000000008000e60                oam_init
                0x0000000008000ea8                obj_copy
                0x0000000008000ec8                obj_hide_multi
                0x0000000008000ef0                obj_unhide_multi
 .text          0x0000000008000f1c       0xa8 C:/devkitPro/libtonc/lib\libtonc.a(tonc_input.o)
                0x0000000008000f1c                key_poll
                0x0000000008000f70                key_wait_till_hit
                0x0000000008000f94                key_repeat
                0x0000000008000fa0                key_repeat_mask
                0x0000000008000fb0                key_repeat_limits
 .text          0x0000000008000fc4      0x354 C:/devkitPro/libtonc/lib\libtonc.a(tte_iohook.o)
                0x0000000008000fc4                tte_con_nocash
                0x0000000008001030                tte_init_con
                0x0000000008001074                tte_cmd_vt100
                0x00000000080011cc                tte_con_write
 .text          0x0000000008001318      0x164 C:/devkitPro/libtonc/lib\libtonc.a(tte_init_se.o)
                0x0000000008001318                tte_init_se
 .text          0x000000000800147c       0x8c C:/devkitPro/libtonc/lib\libtonc.a(tonc_bios.o)
                0x000000000800147c                SoftReset
                0x0000000008001480                RegisterRamReset
                0x0000000008001484                Halt
                0x0000000008001488                Stop
                0x000000000800148c                IntrWait
                0x0000000008001490                VBlankIntrWait
                0x0000000008001494                Div
                0x0000000008001498                DivArm
                0x000000000800149c                Sqrt
                0x00000000080014a0                ArcTan
                0x00000000080014a4                ArcTan2
                0x00000000080014a8                CpuSet
                0x00000000080014ac                CpuFastSet
                0x00000000080014b0                BiosCheckSum
                0x00000000080014b4                BgAffineSet
                0x00000000080014b8                ObjAffineSet
                0x00000000080014bc                BitUnPack
                0x00000000080014c0                LZ77UnCompWram
                0x00000000080014c4                LZ77UnCompVram
                0x00000000080014c8                HuffUnComp
                0x00000000080014cc                RLUnCompWram
                0x00000000080014d0                RLUnCompVram
                0x00000000080014d4                Diff8bitUnFilterWram
                0x00000000080014d8                Diff8bitUnFilterVram
                0x00000000080014dc                Diff16bitUnFilter
                0x00000000080014e0                SoundBias
                0x00000000080014e4                SoundDriverInit
                0x00000000080014e8                SoundDriverMode
                0x00000000080014ec                SoundDriverMain
                0x00000000080014f0                SoundDriverVSync
                0x00000000080014f4                SoundChannelClear
                0x00000000080014f8                MidiKey2Freq
                0x00000000080014fc                MultiBoot
                0x0000000008001500                SoundDriverVSyncOff
                0x0000000008001504                SoundDriverVSyncOn
 .text          0x0000000008001508       0x44 C:/devkitPro/libtonc/lib\libtonc.a(tonc_memcpy.o)
                0x0000000008001508                memcpy16
 .text          0x000000000800154c       0x3c C:/devkitPro/libtonc/lib\libtonc.a(tonc_memset.o)
                0x000000000800154c                memset16
 .text          0x0000000008001588      0x16c C:/devkitPro/libtonc/lib\libtonc.a(tonc_surface.o)
                0x0000000008001588                srf_init
                0x0000000008001650                srf_pal_copy
                0x0000000008001678                srf_get_ptr
 .text          0x00000000080016f4      0x958 C:/devkitPro/libtonc/lib\libtonc.a(tte_main.o)
                0x00000000080016f4                dummy_drawg
                0x00000000080016f8                dummy_erase
                0x00000000080016fc                tte_set_context
                0x0000000008001714                tte_set_color_attr
                0x0000000008001724                tte_set_color_attrs
                0x0000000008001740                tte_set_color
                0x0000000008001760                tte_set_colors
                0x00000000080017a0                tte_init_base
                0x0000000008001834                utf8_decode_char
                0x00000000080018e8                tte_cmd_skip
                0x00000000080018f8                tte_cmd_next
                0x0000000008001930                tte_putc
                0x0000000008001980                tte_erase_rect
                0x000000000800199c                tte_erase_screen
                0x00000000080019c0                tte_erase_line
                0x00000000080019e8                tte_cmd_default
                0x0000000008001e3c                tte_write
                0x0000000008001f28                tte_write_ex
                0x0000000008001f58                tte_get_text_size
                0x000000000800202c                tte_set_margins
 .text          0x000000000800204c      0x174 C:/devkitPro/libtonc/lib\libtonc.a(se_drawg.o)
                0x000000000800204c                se_erase
                0x0000000008002078                se_drawg_w8h8
                0x00000000080020a8                se_drawg_w8h16
                0x00000000080020e8                se_drawg
                0x0000000008002154                se_drawg_s
 .text          0x00000000080021c0       0x54 C:/devkitPro/libtonc/lib\libtonc.a(tonc_bios_ex.o)
                0x00000000080021c0                VBlankIntrDelay
                0x00000000080021d0                DivSafe
                0x00000000080021e4                Mod
                0x00000000080021ec                DivAbs
                0x00000000080021f4                DivArmMod
                0x00000000080021fc                DivArmAbs
                0x0000000008002204                CpuFastFill
 .text          0x0000000008002214      0x4cc C:/devkitPro/libtonc/lib\libtonc.a(tonc_sbmp16.o)
                0x0000000008002214                sbmp16_get_pixel
                0x0000000008002224                sbmp16_plot
                0x0000000008002238                sbmp16_vline
                0x0000000008002270                sbmp16_line
                0x000000000800232c                sbmp16_hline
                0x000000000800235c                sbmp16_blit
                0x00000000080024a4                sbmp16_rect
                0x0000000008002510                sbmp16_frame
                0x00000000080025a0                sbmp16_floodfill_internal
                0x00000000080026b4                sbmp16_floodfill
 .text          0x00000000080026e0      0x11c c:/devkitpro/devkitarm/bin/../lib/gcc/arm-none-eabi/12.1.0/thumb\libgcc.a(_udivsi3.o)
                0x00000000080026e0                __aeabi_uidiv
                0x00000000080026e0                __udivsi3
                0x00000000080027dc                __aeabi_uidivmod
 .text          0x00000000080027fc      0x150 c:/devkitpro/devkitarm/bin/../lib/gcc/arm-none-eabi/12.1.0/thumb\libgcc.a(_divsi3.o)
                0x00000000080027fc                __divsi3
                0x00000000080027fc                __aeabi_idiv
                0x000000000800292c                __aeabi_idivmod
 .text          0x000000000800294c        0x4 c:/devkitpro/devkitarm/bin/../lib/gcc/arm-none-eabi/12.1.0/thumb\libgcc.a(_dvmd_tls.o)
                0x000000000800294c                __aeabi_idiv0
                0x000000000800294c                __aeabi_ldiv0
 .text.__libc_init_array
                0x0000000008002950       0x54 c:/devkitpro/devkitarm/bin/../lib/gcc/arm-none-eabi/12.1.0/../../../../arm-none-eabi/lib/thumb\libg.a(lib_a-init.o)
                0x0000000008002950                __libc_init_array
 .text.memset   0x00000000080029a4       0xb0 c:/devkitpro/devkitarm/bin/../lib/gcc/arm-none-eabi/12.1.0/../../../../arm-none-eabi/lib/thumb\libg.a(lib_a-memset.o)
                0x00000000080029a4                memset
 .text.setvbuf  0x0000000008002a54      0x19c c:/devkitpro/devkitarm/bin/../lib/gcc/arm-none-eabi/12.1.0/../../../../arm-none-eabi/lib/thumb\libg.a(lib_a-setvbuf.o)
                0x0000000008002a54                setvbuf
 .text.siscanf  0x0000000008002bf0       0x4c c:/devkitpro/devkitarm/bin/../lib/gcc/arm-none-eabi/12.1.0/../../../../arm-none-eabi/lib/thumb\libg.a(lib_a-siscanf.o)
                0x0000000008002bf0                siscanf
 .text.__sread  0x0000000008002c3c       0x34 c:/devkitpro/devkitarm/bin/../lib/gcc/arm-none-eabi/12.1.0/../../../../arm-none-eabi/lib/thumb\libg.a(lib_a-stdio.o)
                0x0000000008002c3c                __sread
 .text.__seofread
                0x0000000008002c70        0x4 c:/devkitpro/devkitarm/bin/../lib/gcc/arm-none-eabi/12.1.0/../../../../arm-none-eabi/lib/thumb\libg.a(lib_a-stdio.o)
                0x0000000008002c70                __seofread
 .text.__swrite
                0x0000000008002c74       0x4c c:/devkitpro/devkitarm/bin/../lib/gcc/arm-none-eabi/12.1.0/../../../../arm-none-eabi/lib/thumb\libg.a(lib_a-stdio.o)
                0x0000000008002c74                __swrite
 .text.__sseek  0x0000000008002cc0       0x44 c:/devkitpro/devkitarm/bin/../lib/gcc/arm-none-eabi/12.1.0/../../../../arm-none-eabi/lib/thumb\libg.a(lib_a-stdio.o)
                0x0000000008002cc0                __sseek
 .text.__sclose
                0x0000000008002d04       0x10 c:/devkitpro/devkitarm/bin/../lib/gcc/arm-none-eabi/12.1.0/../../../../arm-none-eabi/lib/thumb\libg.a(lib_a-stdio.o)
                0x0000000008002d04                __sclose
 .text.strlen   0x0000000008002d14       0x60 c:/devkitpro/devkitarm/bin/../lib/gcc/arm-none-eabi/12.1.0/../../../../arm-none-eabi/lib/thumb\libg.a(lib_a-strlen-stub.o)
                0x0000000008002d14                strlen
 .text.strncpy  0x0000000008002d74       0x68 c:/devkitpro/devkitarm/bin/../lib/gcc/arm-none-eabi/12.1.0/../../../../arm-none-eabi/lib/thumb\libg.a(lib_a-strncpy.o)
                0x0000000008002d74                strncpy
 .text._strtol_l.part.0
                0x0000000008002ddc      0x144 c:/devkitpro/devkitarm/bin/../lib/gcc/arm-none-eabi/12.1.0/../../../../arm-none-eabi/lib/thumb\libg.a(lib_a-strtol.o)
 .text._strtol_r
                0x0000000008002f20       0x20 c:/devkitpro/devkitarm/bin/../lib/gcc/arm-none-eabi/12.1.0/../../../../arm-none-eabi/lib/thumb\libg.a(lib_a-strtol.o)
                0x0000000008002f20                _strtol_r
 .text.strtol   0x0000000008002f40       0x30 c:/devkitpro/devkitarm/bin/../lib/gcc/arm-none-eabi/12.1.0/../../../../arm-none-eabi/lib/thumb\libg.a(lib_a-strtol.o)
                0x0000000008002f40                strtol
 .text.get_arg  0x0000000008002f70       0x32 c:/devkitpro/devkitarm/bin/../lib/gcc/arm-none-eabi/12.1.0/../../../../arm-none-eabi/lib/thumb\libg.a(lib_a-svfiscanf.o)
 .text._sungetc_r
                0x0000000008002fa2       0x7e c:/devkitpro/devkitarm/bin/../lib/gcc/arm-none-eabi/12.1.0/../../../../arm-none-eabi/lib/thumb\libg.a(lib_a-svfiscanf.o)
                0x0000000008002fa2                _sungetc_r
 .text.__ssrefill_r
                0x0000000008003020       0x42 c:/devkitpro/devkitarm/bin/../lib/gcc/arm-none-eabi/12.1.0/../../../../arm-none-eabi/lib/thumb\libg.a(lib_a-svfiscanf.o)
                0x0000000008003020                __ssrefill_r
 .text._sfread_r
                0x0000000008003062       0x88 c:/devkitpro/devkitarm/bin/../lib/gcc/arm-none-eabi/12.1.0/../../../../arm-none-eabi/lib/thumb\libg.a(lib_a-svfiscanf.o)
                0x0000000008003062                _sfread_r
 *fill*         0x00000000080030ea        0x2 ff
 .text.__ssvfiscanf_r
                0x00000000080030ec     0x1ae0 c:/devkitpro/devkitarm/bin/../lib/gcc/arm-none-eabi/12.1.0/../../../../arm-none-eabi/lib/thumb\libg.a(lib_a-svfiscanf.o)
                0x00000000080030ec                __ssvfiscanf_r
 .text.__submore
                0x0000000008004bcc       0x88 c:/devkitpro/devkitarm/bin/../lib/gcc/arm-none-eabi/12.1.0/../../../../arm-none-eabi/lib/thumb\libg.a(lib_a-ungetc.o)
                0x0000000008004bcc                __submore
 .text.__errno  0x0000000008004c54        0xc c:/devkitpro/devkitarm/bin/../lib/gcc/arm-none-eabi/12.1.0/../../../../arm-none-eabi/lib/thumb\libg.a(lib_a-errno.o)
                0x0000000008004c54                __errno
 .text.__sflush_r
                0x0000000008004c60      0x18c c:/devkitpro/devkitarm/bin/../lib/gcc/arm-none-eabi/12.1.0/../../../../arm-none-eabi/lib/thumb\libg.a(lib_a-fflush.o)
                0x0000000008004c60                __sflush_r
 .text._fflush_r
                0x0000000008004dec       0x70 c:/devkitpro/devkitarm/bin/../lib/gcc/arm-none-eabi/12.1.0/../../../../arm-none-eabi/lib/thumb\libg.a(lib_a-fflush.o)
                0x0000000008004dec                _fflush_r
 .text._cleanup_r
                0x0000000008004e5c       0x14 c:/devkitpro/devkitarm/bin/../lib/gcc/arm-none-eabi/12.1.0/../../../../arm-none-eabi/lib/thumb\libg.a(lib_a-findfp.o)
                0x0000000008004e5c                _cleanup_r
 .text.__sinit  0x0000000008004e70      0x124 c:/devkitpro/devkitarm/bin/../lib/gcc/arm-none-eabi/12.1.0/../../../../arm-none-eabi/lib/thumb\libg.a(lib_a-findfp.o)
                0x0000000008004e70                __sinit
 .text.__sfp_lock_acquire
                0x0000000008004f94       0x14 c:/devkitpro/devkitarm/bin/../lib/gcc/arm-none-eabi/12.1.0/../../../../arm-none-eabi/lib/thumb\libg.a(lib_a-findfp.o)
                0x0000000008004f94                __sfp_lock_acquire
 .text.__sfp_lock_release
                0x0000000008004fa8       0x14 c:/devkitpro/devkitarm/bin/../lib/gcc/arm-none-eabi/12.1.0/../../../../arm-none-eabi/lib/thumb\libg.a(lib_a-findfp.o)
                0x0000000008004fa8                __sfp_lock_release
 .text._malloc_trim_r
                0x0000000008004fbc       0xac c:/devkitpro/devkitarm/bin/../lib/gcc/arm-none-eabi/12.1.0/../../../../arm-none-eabi/lib/thumb\libg.a(lib_a-freer.o)
                0x0000000008004fbc                _malloc_trim_r
 .text._free_r  0x0000000008005068      0x1d8 c:/devkitpro/devkitarm/bin/../lib/gcc/arm-none-eabi/12.1.0/../../../../arm-none-eabi/lib/thumb\libg.a(lib_a-freer.o)
                0x0000000008005068                _free_r
 .text._fwalk_reent
                0x0000000008005240       0x50 c:/devkitpro/devkitarm/bin/../lib/gcc/arm-none-eabi/12.1.0/../../../../arm-none-eabi/lib/thumb\libg.a(lib_a-fwalk.o)
                0x0000000008005240                _fwalk_reent
 .text.iswspace
                0x0000000008005290       0x10 c:/devkitpro/devkitarm/bin/../lib/gcc/arm-none-eabi/12.1.0/../../../../arm-none-eabi/lib/thumb\libg.a(lib_a-iswspace.o)
                0x0000000008005290                iswspace
 .text.__locale_mb_cur_max
                0x00000000080052a0       0x10 c:/devkitpro/devkitarm/bin/../lib/gcc/arm-none-eabi/12.1.0/../../../../arm-none-eabi/lib/thumb\libg.a(lib_a-locale.o)
                0x00000000080052a0                __locale_mb_cur_max
 .text.__swhatbuf_r
                0x00000000080052b0       0x5c c:/devkitpro/devkitarm/bin/../lib/gcc/arm-none-eabi/12.1.0/../../../../arm-none-eabi/lib/thumb\libg.a(lib_a-makebuf.o)
                0x00000000080052b0                __swhatbuf_r
 .text.malloc   0x000000000800530c       0x14 c:/devkitpro/devkitarm/bin/../lib/gcc/arm-none-eabi/12.1.0/../../../../arm-none-eabi/lib/thumb\libg.a(lib_a-malloc.o)
                0x000000000800530c                malloc
 .text.free     0x0000000008005320       0x14 c:/devkitpro/devkitarm/bin/../lib/gcc/arm-none-eabi/12.1.0/../../../../arm-none-eabi/lib/thumb\libg.a(lib_a-malloc.o)
                0x0000000008005320                free
 .text._malloc_r
                0x0000000008005334      0x560 c:/devkitpro/devkitarm/bin/../lib/gcc/arm-none-eabi/12.1.0/../../../../arm-none-eabi/lib/thumb\libg.a(lib_a-mallocr.o)
                0x0000000008005334                _malloc_r
 .text._mbrtowc_r
                0x0000000008005894       0x60 c:/devkitpro/devkitarm/bin/../lib/gcc/arm-none-eabi/12.1.0/../../../../arm-none-eabi/lib/thumb\libg.a(lib_a-mbrtowc.o)
                0x0000000008005894                _mbrtowc_r
 .text.__utf8_mbtowc
                0x00000000080058f4      0x27c c:/devkitpro/devkitarm/bin/../lib/gcc/arm-none-eabi/12.1.0/../../../../arm-none-eabi/lib/thumb\libg.a(lib_a-mbtowc_r.o)
                0x00000000080058f4                __utf8_mbtowc
 .text.memcpy   0x0000000008005b70       0x94 c:/devkitpro/devkitarm/bin/../lib/gcc/arm-none-eabi/12.1.0/../../../../arm-none-eabi/lib/thumb\libg.a(lib_a-memcpy-stub.o)
                0x0000000008005b70                memcpy
 .text.__malloc_lock
                0x0000000008005c04       0x14 c:/devkitpro/devkitarm/bin/../lib/gcc/arm-none-eabi/12.1.0/../../../../arm-none-eabi/lib/thumb\libg.a(lib_a-mlock.o)
                0x0000000008005c04                __malloc_lock
 .text.__malloc_unlock
                0x0000000008005c18       0x14 c:/devkitpro/devkitarm/bin/../lib/gcc/arm-none-eabi/12.1.0/../../../../arm-none-eabi/lib/thumb\libg.a(lib_a-mlock.o)
                0x0000000008005c18                __malloc_unlock
 .text.realloc  0x0000000008005c2c       0x18 c:/devkitpro/devkitarm/bin/../lib/gcc/arm-none-eabi/12.1.0/../../../../arm-none-eabi/lib/thumb\libg.a(lib_a-realloc.o)
                0x0000000008005c2c                realloc
 .text._realloc_r
                0x0000000008005c44      0x384 c:/devkitpro/devkitarm/bin/../lib/gcc/arm-none-eabi/12.1.0/../../../../arm-none-eabi/lib/thumb\libg.a(lib_a-reallocr.o)
                0x0000000008005c44                _realloc_r
 .text.__sccl   0x0000000008005fc8       0x90 c:/devkitpro/devkitarm/bin/../lib/gcc/arm-none-eabi/12.1.0/../../../../arm-none-eabi/lib/thumb\libg.a(lib_a-sccl.o)
                0x0000000008005fc8                __sccl
 .text          0x0000000008006058      0x224 c:/devkitpro/devkitarm/bin/../lib/gcc/arm-none-eabi/12.1.0/../../../../arm-none-eabi/lib/thumb\libg.a(lib_a-strcmp.o)
                0x0000000008006058                strcmp
 .text._strtoll_l.constprop.0
                0x000000000800627c      0x1a0 c:/devkitpro/devkitarm/bin/../lib/gcc/arm-none-eabi/12.1.0/../../../../arm-none-eabi/lib/thumb\libg.a(lib_a-strtoll.o)
 .text._strtoll_r
                0x000000000800641c        0xc c:/devkitpro/devkitarm/bin/../lib/gcc/arm-none-eabi/12.1.0/../../../../arm-none-eabi/lib/thumb\libg.a(lib_a-strtoll.o)
                0x000000000800641c                _strtoll_r
 .text._strtoull_l.constprop.0
                0x0000000008006428      0x1bc c:/devkitpro/devkitarm/bin/../lib/gcc/arm-none-eabi/12.1.0/../../../../arm-none-eabi/lib/thumb\libg.a(lib_a-strtoull.o)
 .text._strtoull_r
                0x00000000080065e4        0xc c:/devkitpro/devkitarm/bin/../lib/gcc/arm-none-eabi/12.1.0/../../../../arm-none-eabi/lib/thumb\libg.a(lib_a-strtoull.o)
                0x00000000080065e4                _strtoull_r
 .text._strtoul_l.constprop.0
                0x00000000080065f0      0x144 c:/devkitpro/devkitarm/bin/../lib/gcc/arm-none-eabi/12.1.0/../../../../arm-none-eabi/lib/thumb\libg.a(lib_a-strtoul.o)
 .text._strtoul_r
                0x0000000008006734        0xc c:/devkitpro/devkitarm/bin/../lib/gcc/arm-none-eabi/12.1.0/../../../../arm-none-eabi/lib/thumb\libg.a(lib_a-strtoul.o)
                0x0000000008006734                _strtoul_r
 .text.__utf8_wctomb
                0x0000000008006740       0xb4 c:/devkitpro/devkitarm/bin/../lib/gcc/arm-none-eabi/12.1.0/../../../../arm-none-eabi/lib/thumb\libg.a(lib_a-wctomb_r.o)
                0x0000000008006740                __utf8_wctomb
 .text._fclose_r
                0x00000000080067f4       0xe4 c:/devkitpro/devkitarm/bin/../lib/gcc/arm-none-eabi/12.1.0/../../../../arm-none-eabi/lib/thumb\libg.a(lib_a-fclose.o)
                0x00000000080067f4                _fclose_r
 .text.iswspace_l
                0x00000000080068d8       0x2c c:/devkitpro/devkitarm/bin/../lib/gcc/arm-none-eabi/12.1.0/../../../../arm-none-eabi/lib/thumb\libg.a(lib_a-iswspace_l.o)
                0x00000000080068d8                iswspace_l
 .text.__jp2uc  0x0000000008006904      0x14c c:/devkitpro/devkitarm/bin/../lib/gcc/arm-none-eabi/12.1.0/../../../../arm-none-eabi/lib/thumb\libg.a(lib_a-jp2uc.o)
 .text._jp2uc_l
                0x0000000008006a50       0x6c c:/devkitpro/devkitarm/bin/../lib/gcc/arm-none-eabi/12.1.0/../../../../arm-none-eabi/lib/thumb\libg.a(lib_a-jp2uc.o)
                0x0000000008006a50                _jp2uc_l
 .text.memmove  0x0000000008006abc       0xc0 c:/devkitpro/devkitarm/bin/../lib/gcc/arm-none-eabi/12.1.0/../../../../arm-none-eabi/lib/thumb\libg.a(lib_a-memmove.o)
                0x0000000008006abc                memmove
 .text.category
                0x0000000008006b7c       0x54 c:/devkitpro/devkitarm/bin/../lib/gcc/arm-none-eabi/12.1.0/../../../../arm-none-eabi/lib/thumb\libg.a(lib_a-categories.o)
                0x0000000008006b7c                category
 .text.null_write
                0x0000000008006bd0        0x4 c:/devkitpro/devkitarm/bin/../lib/gcc/arm-none-eabi/12.1.0/../../../../arm-none-eabi/lib/thumb\libsysbase.a(iosupport.o)
 .text._fstat_r
                0x0000000008006bd4       0x4c c:/devkitpro/devkitarm/bin/../lib/gcc/arm-none-eabi/12.1.0/../../../../arm-none-eabi/lib/thumb\libsysbase.a(fstat.o)
                0x0000000008006bd4                _fstat_r
 .text._lseek_r
                0x0000000008006c20       0x5c c:/devkitpro/devkitarm/bin/../lib/gcc/arm-none-eabi/12.1.0/../../../../arm-none-eabi/lib/thumb\libsysbase.a(lseek.o)
                0x0000000008006c20                _lseek_r
 .text._read_r  0x0000000008006c7c       0x50 c:/devkitpro/devkitarm/bin/../lib/gcc/arm-none-eabi/12.1.0/../../../../arm-none-eabi/lib/thumb\libsysbase.a(read.o)
                0x0000000008006c7c                _read_r
 .text._sbrk_r  0x0000000008006ccc       0x54 c:/devkitpro/devkitarm/bin/../lib/gcc/arm-none-eabi/12.1.0/../../../../arm-none-eabi/lib/thumb\libsysbase.a(sbrk.o)
                0x0000000008006ccc                _sbrk_r
 .text._write_r
                0x0000000008006d20       0x50 c:/devkitpro/devkitarm/bin/../lib/gcc/arm-none-eabi/12.1.0/../../../../arm-none-eabi/lib/thumb\libsysbase.a(write.o)
                0x0000000008006d20                _write_r
 .text.__flockfile
                0x0000000008006d70       0x10 c:/devkitpro/devkitarm/bin/../lib/gcc/arm-none-eabi/12.1.0/../../../../arm-none-eabi/lib/thumb\libsysbase.a(flock.o)
                0x0000000008006d70                __flockfile
 .text.__funlockfile
                0x0000000008006d80       0x10 c:/devkitpro/devkitarm/bin/../lib/gcc/arm-none-eabi/12.1.0/../../../../arm-none-eabi/lib/thumb\libsysbase.a(flock.o)
                0x0000000008006d80                __funlockfile
 .text.__get_handle
                0x0000000008006d90       0x34 c:/devkitpro/devkitarm/bin/../lib/gcc/arm-none-eabi/12.1.0/../../../../arm-none-eabi/lib/thumb\libsysbase.a(handle_manager.o)
                0x0000000008006d90                __get_handle
 .text._close_r
                0x0000000008006dc4       0xb8 c:/devkitpro/devkitarm/bin/../lib/gcc/arm-none-eabi/12.1.0/../../../../arm-none-eabi/lib/thumb\libsysbase.a(handle_manager.o)
                0x0000000008006dc4                _close_r
 .text.__getreent
                0x0000000008006e7c       0x20 c:/devkitpro/devkitarm/bin/../lib/gcc/arm-none-eabi/12.1.0/../../../../arm-none-eabi/lib/thumb\libsysbase.a(getreent.o)
                0x0000000008006e7c                __getreent
 .text.__libc_lock_acquire
                0x0000000008006e9c       0x18 c:/devkitpro/devkitarm/bin/../lib/gcc/arm-none-eabi/12.1.0/../../../../arm-none-eabi/lib/thumb\libsysbase.a(syscall_support.o)
                0x0000000008006e9c                __libc_lock_acquire
 .text.__libc_lock_release
                0x0000000008006eb4       0x18 c:/devkitpro/devkitarm/bin/../lib/gcc/arm-none-eabi/12.1.0/../../../../arm-none-eabi/lib/thumb\libsysbase.a(syscall_support.o)
                0x0000000008006eb4                __libc_lock_release
 .text.__libc_lock_init_recursive
                0x0000000008006ecc       0x18 c:/devkitpro/devkitarm/bin/../lib/gcc/arm-none-eabi/12.1.0/../../../../arm-none-eabi/lib/thumb\libsysbase.a(syscall_support.o)
                0x0000000008006ecc                __libc_lock_init_recursive
 .text.__libc_lock_acquire_recursive
                0x0000000008006ee4       0x18 c:/devkitpro/devkitarm/bin/../lib/gcc/arm-none-eabi/12.1.0/../../../../arm-none-eabi/lib/thumb\libsysbase.a(syscall_support.o)
                0x0000000008006ee4                __libc_lock_acquire_recursive
 .text.__libc_lock_release_recursive
                0x0000000008006efc       0x18 c:/devkitpro/devkitarm/bin/../lib/gcc/arm-none-eabi/12.1.0/../../../../arm-none-eabi/lib/thumb\libsysbase.a(syscall_support.o)
                0x0000000008006efc                __libc_lock_release_recursive
 .text.__libc_lock_close_recursive
                0x0000000008006f14       0x18 c:/devkitpro/devkitarm/bin/../lib/gcc/arm-none-eabi/12.1.0/../../../../arm-none-eabi/lib/thumb\libsysbase.a(syscall_support.o)
                0x0000000008006f14                __libc_lock_close_recursive
 .text          0x0000000008006f2c       0x14 c:/devkitpro/devkitarm/bin/../lib/gcc/arm-none-eabi/12.1.0/thumb\libgcc.a(_thumb1_case_uqi.o)
                0x0000000008006f2c                __gnu_thumb1_case_uqi
 .text          0x0000000008006f40       0x14 c:/devkitpro/devkitarm/bin/../lib/gcc/arm-none-eabi/12.1.0/thumb\libgcc.a(_thumb1_case_uhi.o)
                0x0000000008006f40                __gnu_thumb1_case_uhi
 .text          0x0000000008006f54       0x3c c:/devkitpro/devkitarm/bin/../lib/gcc/arm-none-eabi/12.1.0/thumb\libgcc.a(_aeabi_uldivmod.o)
                0x0000000008006f54                __aeabi_uldivmod
 .text.__muldi3
                0x0000000008006f90       0x64 c:/devkitpro/devkitarm/bin/../lib/gcc/arm-none-eabi/12.1.0/thumb\libgcc.a(_muldi3.o)
                0x0000000008006f90                __muldi3
                0x0000000008006f90                __aeabi_lmul
 .text.__udivmoddi4
                0x0000000008006ff4      0x19c c:/devkitpro/devkitarm/bin/../lib/gcc/arm-none-eabi/12.1.0/thumb\libgcc.a(_udivmoddi4.o)
                0x0000000008006ff4                __udivmoddi4
 .text          0x0000000008007190       0x28 c:/devkitpro/devkitarm/bin/../lib/gcc/arm-none-eabi/12.1.0/thumb\libgcc.a(_clzdi2.o)
                0x0000000008007190                __clzdi2
 .text          0x00000000080071b8       0x48 c:/devkitpro/devkitarm/bin/../lib/gcc/arm-none-eabi/12.1.0/thumb\libgcc.a(_clzsi2.o)
                0x00000000080071b8                __clzsi2
 .text.__stub   0x0000000008007200       0x5c linker stubs
 *(.gnu.linkonce.t.*)
 *(.text.*personality*)
 *(.gnu.warning)
 *(.glue_7t)
 .glue_7t       0x0000000008007268        0x0 linker stubs
 *(.glue_7)
 .glue_7        0x0000000008007268        0x0 linker stubs
 *(.vfp11_veneer)
 .vfp11_veneer  0x0000000008007268        0x0 linker stubs
                0x0000000008007268                . = ALIGN (0x4)
                0x0000000008007268                __text_end = .

.v4_bx          0x0000000008007268        0x0
 .v4_bx         0x0000000008007268        0x0 linker stubs

.iplt           0x0000000008007268        0x0
 .iplt          0x0000000008007268        0x0 c:/devkitpro/devkitarm/bin/../lib/gcc/arm-none-eabi/12.1.0/../../../../arm-none-eabi/lib/thumb/gba_crt0.o

.fini           0x0000000008007268        0xc
 *(.fini)
 .fini          0x0000000008007268        0x4 c:/devkitpro/devkitarm/bin/../lib/gcc/arm-none-eabi/12.1.0/thumb/crti.o
                0x0000000008007268                _fini
 .fini          0x000000000800726c        0x8 c:/devkitpro/devkitarm/bin/../lib/gcc/arm-none-eabi/12.1.0/thumb/crtn.o
                0x0000000008007274                . = ALIGN (0x4)

.rodata         0x0000000008007274     0xb6d8
 *(.rodata)
 .rodata        0x0000000008007274       0x20 main.o
 .rodata        0x0000000008007294       0x98 spr_block.o
                0x0000000008007294                spr_blockPal
                0x00000000080072b4                spr_blockTiles
 .rodata        0x000000000800732c       0xa0 spr_play.o
                0x000000000800732c                spr_playPal
                0x000000000800734c                spr_playTiles
 .rodata        0x00000000080073cc      0x140 spr_red_coin.o
                0x00000000080073cc                spr_red_coinPal
                0x000000000800740c                spr_red_coinTiles
 .rodata        0x000000000800750c       0x60 spr_red_small_coin.o
                0x000000000800750c                spr_red_small_coinPal
                0x000000000800752c                spr_red_small_coinTiles
 .rodata        0x000000000800756c     0x2000 space_solids.o
                0x000000000800756c                space_solidsMap
 .rodata        0x000000000800956c     0x2026 space_2.o
                0x000000000800956c                space_2Tiles
                0x000000000800958c                space_2Map
                0x000000000800b58c                space_2Pal
 *fill*         0x000000000800b592        0x2 ff
 .rodata        0x000000000800b594       0x38 C:/devkitPro/libtonc/lib\libtonc.a(tonc_irq.o)
 .rodata        0x000000000800b5cc       0x58 C:/devkitPro/libtonc/lib\libtonc.a(tonc_core.o)
                0x000000000800b5cc                __snd_rates
                0x000000000800b5fc                bg_aff_default
                0x000000000800b60c                oam_sizes
 .rodata        0x000000000800b624      0x1b4 C:/devkitPro/libtonc/lib\libtonc.a(tte_iohook.o)
                0x000000000800b6f8                tte_dotab_stdout
                0x000000000800b768                tte_dotab_nocash
 .rodata        0x000000000800b7d8      0x318 C:/devkitPro/libtonc/lib\libtonc.a(sys8.o)
                0x000000000800b7d8                sys8Font
                0x000000000800b7f0                sys8Glyphs
 .rodata        0x000000000800baf0       0x1c C:/devkitPro/libtonc/lib\libtonc.a(tonc_surface.o)
 .rodata        0x000000000800bb0c      0x1f0 C:/devkitPro/libtonc/lib\libtonc.a(tte_main.o)
 *all.rodata*(*)
 *(.roda)
 *(.rodata.*)
 .rodata.str1.4
                0x000000000800bcfc       0x3b C:/devkitPro/libtonc/lib\libtonc.a(tte_iohook.o)
 *fill*         0x000000000800bd37        0x1 ff
 .rodata._ctype_
                0x000000000800bd38      0x101 c:/devkitpro/devkitarm/bin/../lib/gcc/arm-none-eabi/12.1.0/../../../../arm-none-eabi/lib/thumb\libg.a(lib_a-ctype_.o)
                0x000000000800bd38                _ctype_
 *fill*         0x000000000800be39        0x3 ff
 .rodata.basefix.0
                0x000000000800be3c       0x22 c:/devkitpro/devkitarm/bin/../lib/gcc/arm-none-eabi/12.1.0/../../../../arm-none-eabi/lib/thumb\libg.a(lib_a-svfiscanf.o)
 *fill*         0x000000000800be5e        0x2 ff
 .rodata.str1.4
                0x000000000800be60       0x48 c:/devkitpro/devkitarm/bin/../lib/gcc/arm-none-eabi/12.1.0/../../../../arm-none-eabi/lib/thumb\libg.a(lib_a-locale.o)
                                         0x4c (size before relaxing)
 .rodata._mbrtowc_r.str1.4
                0x000000000800bea8        0x1 c:/devkitpro/devkitarm/bin/../lib/gcc/arm-none-eabi/12.1.0/../../../../arm-none-eabi/lib/thumb\libg.a(lib_a-mbrtowc.o)
 .rodata.__jp2uc
                0x000000000800bea8       0x20 c:/devkitpro/devkitarm/bin/../lib/gcc/arm-none-eabi/12.1.0/../../../../arm-none-eabi/lib/thumb\libg.a(lib_a-jp2uc.o)
 .rodata._jp2uc_l.str1.4
                0x000000000800bec8       0x12 c:/devkitpro/devkitarm/bin/../lib/gcc/arm-none-eabi/12.1.0/../../../../arm-none-eabi/lib/thumb\libg.a(lib_a-jp2uc.o)
 *fill*         0x000000000800beda        0x2 ff
 .rodata.d02f4  0x000000000800bedc     0x1a7c c:/devkitpro/devkitarm/bin/../lib/gcc/arm-none-eabi/12.1.0/../../../../arm-none-eabi/lib/thumb\libg.a(lib_a-jp2uc.o)
 .rodata.b02cf  0x000000000800d958     0x172a c:/devkitpro/devkitarm/bin/../lib/gcc/arm-none-eabi/12.1.0/../../../../arm-none-eabi/lib/thumb\libg.a(lib_a-jp2uc.o)
 *fill*         0x000000000800f082        0x2 ff
 .rodata.a8     0x000000000800f084       0x40 c:/devkitpro/devkitarm/bin/../lib/gcc/arm-none-eabi/12.1.0/../../../../arm-none-eabi/lib/thumb\libg.a(lib_a-jp2uc.o)
 .rodata.a7     0x000000000800f0c4       0xa2 c:/devkitpro/devkitarm/bin/../lib/gcc/arm-none-eabi/12.1.0/../../../../arm-none-eabi/lib/thumb\libg.a(lib_a-jp2uc.o)
 *fill*         0x000000000800f166        0x2 ff
 .rodata.a6     0x000000000800f168       0x70 c:/devkitpro/devkitarm/bin/../lib/gcc/arm-none-eabi/12.1.0/../../../../arm-none-eabi/lib/thumb\libg.a(lib_a-jp2uc.o)
 .rodata.a3     0x000000000800f1d8       0x5b c:/devkitpro/devkitarm/bin/../lib/gcc/arm-none-eabi/12.1.0/../../../../arm-none-eabi/lib/thumb\libg.a(lib_a-jp2uc.o)
 *fill*         0x000000000800f233        0x1 ff
 .rodata.a2     0x000000000800f234       0xbc c:/devkitpro/devkitarm/bin/../lib/gcc/arm-none-eabi/12.1.0/../../../../arm-none-eabi/lib/thumb\libg.a(lib_a-jp2uc.o)
 .rodata.a1     0x000000000800f2f0       0xbc c:/devkitpro/devkitarm/bin/../lib/gcc/arm-none-eabi/12.1.0/../../../../arm-none-eabi/lib/thumb\libg.a(lib_a-jp2uc.o)
 .rodata.categories
                0x000000000800f3ac     0x3528 c:/devkitpro/devkitarm/bin/../lib/gcc/arm-none-eabi/12.1.0/../../../../arm-none-eabi/lib/thumb\libg.a(lib_a-categories.o)
 .rodata.AddDevice.str1.4
                0x00000000080128d4        0x8 c:/devkitpro/devkitarm/bin/../lib/gcc/arm-none-eabi/12.1.0/../../../../arm-none-eabi/lib/thumb\libsysbase.a(iosupport.o)
 .rodata.dotab_stdnull
                0x00000000080128dc       0x70 c:/devkitpro/devkitarm/bin/../lib/gcc/arm-none-eabi/12.1.0/../../../../arm-none-eabi/lib/thumb\libsysbase.a(iosupport.o)
                0x00000000080128dc                dotab_stdnull
 *(.gnu.linkonce.r*)
                0x000000000801294c                . = ALIGN (0x4)

.ARM.extab
 *(.ARM.extab* .gnu.linkonce.armextab.*)
                0x000000000801294c                __exidx_start = .

.ARM.exidx
 *(.ARM.exidx* .gnu.linkonce.armexidx.*)
                0x000000000801294c                __exidx_end = .

.ctors          0x000000000801294c        0x0
 *crtbegin.o(.ctors)
 *(EXCLUDE_FILE(*crtend.o) .ctors)
 *(SORT_BY_NAME(.ctors.*))
 *(.ctors)
                0x000000000801294c                . = ALIGN (0x4)

.dtors          0x000000000801294c        0x0
 *crtbegin.o(.dtors)
 *(EXCLUDE_FILE(*crtend.o) .dtors)
 *(SORT_BY_NAME(.dtors.*))
 *(.dtors)
                0x000000000801294c                . = ALIGN (0x4)

.eh_frame       0x000000000801294c        0x4
 *(.eh_frame)
 .eh_frame      0x000000000801294c        0x0 c:/devkitpro/devkitarm/bin/../lib/gcc/arm-none-eabi/12.1.0/thumb/crtbegin.o
 .eh_frame      0x000000000801294c        0x4 c:/devkitpro/devkitarm/bin/../lib/gcc/arm-none-eabi/12.1.0/thumb/crtend.o
                0x0000000008012950                . = ALIGN (0x4)

.gcc_except_table
                0x0000000008012950        0x0
 *(.gcc_except_table)
                0x0000000008012950                . = ALIGN (0x4)
                0x0000000008012950                __iwram_lma = .

.iwram          0x0000000003000000      0x128 load address 0x0000000008012950
                0x0000000003000000                __iwram_start__ = ABSOLUTE (.)
 *(.iwram .iwram*)
 .iwram         0x0000000003000000       0x38 C:/devkitPro/libtonc/lib\libtonc.a(tonc_memcpy.o)
                0x0000000003000000                memcpy32
 .iwram         0x0000000003000038       0xa4 C:/devkitPro/libtonc/lib\libtonc.a(tonc_isr_master.o)
                0x0000000003000038                isr_master
 .iwram         0x00000000030000dc       0x4c C:/devkitPro/libtonc/lib\libtonc.a(tonc_memset.o)
                0x00000000030000dc                memset32
 *iwram.*(.text* .data*)
                0x0000000003000128                . = ALIGN (0x4)
                0x0000000003000128                __iwram_end__ = ABSOLUTE (.)
                0x0000000008012a78                __data_lma = (__iwram_lma + SIZEOF (.iwram))

.bss            0x0000000003000128      0x558
                0x0000000003000128                __bss_start = ABSOLUTE (.)
                0x0000000003000128                __bss_start__ = ABSOLUTE (.)
 *(.dynbss)
 *(.gnu.linkonce.b*)
 *(.bss*)
 .bss.completed.1
                0x0000000003000128        0x1 c:/devkitpro/devkitarm/bin/../lib/gcc/arm-none-eabi/12.1.0/thumb/crtbegin.o
 *fill*         0x0000000003000129        0x3 
 .bss.object.0  0x000000000300012c       0x18 c:/devkitpro/devkitarm/bin/../lib/gcc/arm-none-eabi/12.1.0/thumb/crtbegin.o
 .bss           0x0000000003000144      0x40c void.o
                0x0000000003000144                SPRITE_TOTAL_OAM
                0x0000000003000146                PAL_IN_BANK_BG
                0x0000000003000148                PAL_IN_BANK_OBJ
                0x000000000300014a                SPRITE_IN_VRAM_TILE
                0x000000000300014c                SPRITE_IN_VRAM_OBJ
                0x0000000003000150                OBJ_BUFFER
 .bss           0x0000000003000550        0x4 C:/devkitPro/libtonc/lib\libtonc.a(tonc_input.o)
                0x0000000003000550                __key_curr
                0x0000000003000552                __key_prev
 .bss           0x0000000003000554        0x4 C:/devkitPro/libtonc/lib\libtonc.a(tte_iohook.o)
 .bss.__sinit_recursive_mutex
                0x0000000003000558        0xc c:/devkitpro/devkitarm/bin/../lib/gcc/arm-none-eabi/12.1.0/../../../../arm-none-eabi/lib/thumb\libg.a(lib_a-findfp.o)
 .bss.__sfp_recursive_mutex
                0x0000000003000564        0xc c:/devkitpro/devkitarm/bin/../lib/gcc/arm-none-eabi/12.1.0/../../../../arm-none-eabi/lib/thumb\libg.a(lib_a-findfp.o)
 .bss.__malloc_current_mallinfo
                0x0000000003000570       0x28 c:/devkitpro/devkitarm/bin/../lib/gcc/arm-none-eabi/12.1.0/../../../../arm-none-eabi/lib/thumb\libg.a(lib_a-mallocr.o)
                0x0000000003000570                __malloc_current_mallinfo
 .bss.__malloc_max_total_mem
                0x0000000003000598        0x4 c:/devkitpro/devkitarm/bin/../lib/gcc/arm-none-eabi/12.1.0/../../../../arm-none-eabi/lib/thumb\libg.a(lib_a-mallocr.o)
                0x0000000003000598                __malloc_max_total_mem
 .bss.__malloc_max_sbrked_mem
                0x000000000300059c        0x4 c:/devkitpro/devkitarm/bin/../lib/gcc/arm-none-eabi/12.1.0/../../../../arm-none-eabi/lib/thumb\libg.a(lib_a-mallocr.o)
                0x000000000300059c                __malloc_max_sbrked_mem
 .bss.__malloc_top_pad
                0x00000000030005a0        0x4 c:/devkitpro/devkitarm/bin/../lib/gcc/arm-none-eabi/12.1.0/../../../../arm-none-eabi/lib/thumb\libg.a(lib_a-mallocr.o)
                0x00000000030005a0                __malloc_top_pad
 .bss.__malloc_recursive_mutex
                0x00000000030005a4        0xc c:/devkitpro/devkitarm/bin/../lib/gcc/arm-none-eabi/12.1.0/../../../../arm-none-eabi/lib/thumb\libg.a(lib_a-mlock.o)
 .bss.heap_start.0
                0x00000000030005b0        0x4 c:/devkitpro/devkitarm/bin/../lib/gcc/arm-none-eabi/12.1.0/../../../../arm-none-eabi/lib/thumb\libsysbase.a(sbrk.o)
 .bss.fake_heap_start
                0x00000000030005b4        0x4 c:/devkitpro/devkitarm/bin/../lib/gcc/arm-none-eabi/12.1.0/../../../../arm-none-eabi/lib/thumb\libsysbase.a(malloc_vars.o)
                0x00000000030005b4                fake_heap_start
 .bss.fake_heap_end
                0x00000000030005b8        0x4 c:/devkitpro/devkitarm/bin/../lib/gcc/arm-none-eabi/12.1.0/../../../../arm-none-eabi/lib/thumb\libsysbase.a(malloc_vars.o)
                0x00000000030005b8                fake_heap_end
 .bss.__hndl_lock
                0x00000000030005bc        0x4 c:/devkitpro/devkitarm/bin/../lib/gcc/arm-none-eabi/12.1.0/../../../../arm-none-eabi/lib/thumb\libsysbase.a(handle_manager.o)
 *(COMMON)
 COMMON         0x00000000030005c0       0x78 C:/devkitPro/libtonc/lib\libtonc.a(tonc_irq.o)
                0x00000000030005c0                __isr_table
 COMMON         0x0000000003000638       0x48 C:/devkitPro/libtonc/lib\libtonc.a(tte_main.o)
                0x0000000003000638                __tte_main_context
                0x0000000003000680                . = ALIGN (0x4)
                0x0000000003000680                __bss_end__ = ABSOLUTE (.)

.data           0x0000000003000680     0x1aa0 load address 0x0000000008012a78
                0x0000000003000680                __data_start__ = ABSOLUTE (.)
 *(.data*)
 .data          0x0000000003000680        0x8 C:/devkitPro/libtonc/lib\libtonc.a(tonc_input.o)
                0x0000000003000680                __key_rpt
 .data          0x0000000003000688        0x4 C:/devkitPro/libtonc/lib\libtonc.a(tte_main.o)
                0x0000000003000688                gp_tte_context
 .data._impure_ptr
                0x000000000300068c        0x4 c:/devkitpro/devkitarm/bin/../lib/gcc/arm-none-eabi/12.1.0/../../../../arm-none-eabi/lib/thumb\libg.a(lib_a-impure.o)
                0x000000000300068c                _impure_ptr
 .data.impure_data
                0x0000000003000690      0x460 c:/devkitpro/devkitarm/bin/../lib/gcc/arm-none-eabi/12.1.0/../../../../arm-none-eabi/lib/thumb\libg.a(lib_a-impure.o)
 .data.__global_locale
                0x0000000003000af0      0x16c c:/devkitpro/devkitarm/bin/../lib/gcc/arm-none-eabi/12.1.0/../../../../arm-none-eabi/lib/thumb\libg.a(lib_a-locale.o)
                0x0000000003000af0                __global_locale
 .data.__malloc_sbrk_base
                0x0000000003000c5c        0x4 c:/devkitpro/devkitarm/bin/../lib/gcc/arm-none-eabi/12.1.0/../../../../arm-none-eabi/lib/thumb\libg.a(lib_a-mallocr.o)
                0x0000000003000c5c                __malloc_sbrk_base
 .data.__malloc_trim_threshold
                0x0000000003000c60        0x4 c:/devkitpro/devkitarm/bin/../lib/gcc/arm-none-eabi/12.1.0/../../../../arm-none-eabi/lib/thumb\libg.a(lib_a-mallocr.o)
                0x0000000003000c60                __malloc_trim_threshold
 *fill*         0x0000000003000c64        0x4 ff
 .data.__malloc_av_
                0x0000000003000c68      0x408 c:/devkitpro/devkitarm/bin/../lib/gcc/arm-none-eabi/12.1.0/../../../../arm-none-eabi/lib/thumb\libg.a(lib_a-mallocr.o)
                0x0000000003000c68                __malloc_av_
 .data.devoptab_list
                0x0000000003001070       0x8c c:/devkitpro/devkitarm/bin/../lib/gcc/arm-none-eabi/12.1.0/../../../../arm-none-eabi/lib/thumb\libsysbase.a(iosupport.o)
                0x0000000003001070                devoptab_list
 .data.handles  0x00000000030010fc     0x1000 c:/devkitpro/devkitarm/bin/../lib/gcc/arm-none-eabi/12.1.0/../../../../arm-none-eabi/lib/thumb\libsysbase.a(handle_manager.o)
 .data.__stderr_handle
                0x00000000030020fc        0xc c:/devkitpro/devkitarm/bin/../lib/gcc/arm-none-eabi/12.1.0/../../../../arm-none-eabi/lib/thumb\libsysbase.a(handle_manager.o)
 .data.__stdout_handle
                0x0000000003002108        0xc c:/devkitpro/devkitarm/bin/../lib/gcc/arm-none-eabi/12.1.0/../../../../arm-none-eabi/lib/thumb\libsysbase.a(handle_manager.o)
 .data.__stdin_handle
                0x0000000003002114        0xc c:/devkitpro/devkitarm/bin/../lib/gcc/arm-none-eabi/12.1.0/../../../../arm-none-eabi/lib/thumb\libsysbase.a(handle_manager.o)
 *(.gnu.linkonce.d*)
                0x0000000003002120                . = ALIGN (0x4)
                0x0000000008014518                __preinit_lma = (__data_lma + SIZEOF (.data))

.igot.plt       0x0000000003002120        0x0 load address 0x0000000008014518
 .igot.plt      0x0000000003002120        0x0 c:/devkitpro/devkitarm/bin/../lib/gcc/arm-none-eabi/12.1.0/../../../../arm-none-eabi/lib/thumb/gba_crt0.o

.preinit_array  0x0000000003002120        0x0 load address 0x0000000008014518
                0x0000000003002120                __preinit_array_start = ABSOLUTE (.)
 *(.preinit_array)
                0x0000000003002120                __preinit_array_end = ABSOLUTE (.)
                0x0000000008014518                __init_lma = (__preinit_lma + SIZEOF (.preinit_array))

.init_array     0x0000000003002120        0x4 load address 0x0000000008014518
                0x0000000003002120                __init_array_start = ABSOLUTE (.)
 *(SORT_BY_NAME(.init_array.*))
 *(.init_array)
 .init_array    0x0000000003002120        0x4 c:/devkitpro/devkitarm/bin/../lib/gcc/arm-none-eabi/12.1.0/thumb/crtbegin.o
                0x0000000003002124                __init_array_end = ABSOLUTE (.)
                0x000000000801451c                __fini_lma = (__init_lma + SIZEOF (.init_array))

.fini_array     0x0000000003002124        0x4 load address 0x000000000801451c
                0x0000000003002124                __fini_array_start = ABSOLUTE (.)
 *(SORT_BY_NAME(.fini_array.*))
 *(.fini_array)
 .fini_array    0x0000000003002124        0x4 c:/devkitpro/devkitarm/bin/../lib/gcc/arm-none-eabi/12.1.0/thumb/crtbegin.o
                0x0000000003002128                __fini_array_end = ABSOLUTE (.)
                0x0000000008014520                __jcr_lma = (__fini_lma + SIZEOF (.fini_array))

.jcr            0x0000000003002128        0x0 load address 0x0000000008014520
 *(.jcr)
                0x0000000003002128                __data_end__ = ABSOLUTE (.)
                0x0000000008014520                __iwram_overlay_lma = (__jcr_lma + SIZEOF (.jcr))
                0x0000000003002128                __iwram_overlay_start = .

.iwram0         0x0000000003002128        0x0 load address 0x0000000008014520
 *(.iwram0)
                0x0000000003002128                . = ALIGN (0x4)
                0x0000000008014520                PROVIDE (__load_start_iwram0 = LOADADDR (.iwram0))
                0x0000000008014520                PROVIDE (__load_stop_iwram0 = (LOADADDR (.iwram0) + SIZEOF (.iwram0)))

.iwram1         0x0000000003002128        0x0
 *(.iwram1)
                0x0000000003002128                . = ALIGN (0x4)
                [!provide]                        PROVIDE (__load_start_iwram1 = LOADADDR (.iwram1))
                [!provide]                        PROVIDE (__load_stop_iwram1 = (LOADADDR (.iwram1) + SIZEOF (.iwram1)))

.iwram2         0x0000000003002128        0x0
 *(.iwram2)
                0x0000000003002128                . = ALIGN (0x4)
                [!provide]                        PROVIDE (__load_start_iwram2 = LOADADDR (.iwram2))
                [!provide]                        PROVIDE (__load_stop_iwram2 = (LOADADDR (.iwram2) + SIZEOF (.iwram2)))

.iwram3         0x0000000003002128        0x0
 *(.iwram3)
                0x0000000003002128                . = ALIGN (0x4)
                [!provide]                        PROVIDE (__load_start_iwram3 = LOADADDR (.iwram3))
                [!provide]                        PROVIDE (__load_stop_iwram3 = (LOADADDR (.iwram3) + SIZEOF (.iwram3)))

.iwram4         0x0000000003002128        0x0
 *(.iwram4)
                0x0000000003002128                . = ALIGN (0x4)
                [!provide]                        PROVIDE (__load_start_iwram4 = LOADADDR (.iwram4))
                [!provide]                        PROVIDE (__load_stop_iwram4 = (LOADADDR (.iwram4) + SIZEOF (.iwram4)))

.iwram5         0x0000000003002128        0x0
 *(.iwram5)
                0x0000000003002128                . = ALIGN (0x4)
                [!provide]                        PROVIDE (__load_start_iwram5 = LOADADDR (.iwram5))
                [!provide]                        PROVIDE (__load_stop_iwram5 = (LOADADDR (.iwram5) + SIZEOF (.iwram5)))

.iwram6         0x0000000003002128        0x0
 *(.iwram6)
                0x0000000003002128                . = ALIGN (0x4)
                [!provide]                        PROVIDE (__load_start_iwram6 = LOADADDR (.iwram6))
                [!provide]                        PROVIDE (__load_stop_iwram6 = (LOADADDR (.iwram6) + SIZEOF (.iwram6)))

.iwram7         0x0000000003002128        0x0
 *(.iwram7)
                0x0000000003002128                . = ALIGN (0x4)
                [!provide]                        PROVIDE (__load_start_iwram7 = LOADADDR (.iwram7))
                [!provide]                        PROVIDE (__load_stop_iwram7 = (LOADADDR (.iwram7) + SIZEOF (.iwram7)))

.iwram8         0x0000000003002128        0x0
 *(.iwram8)
                0x0000000003002128                . = ALIGN (0x4)
                [!provide]                        PROVIDE (__load_start_iwram8 = LOADADDR (.iwram8))
                [!provide]                        PROVIDE (__load_stop_iwram8 = (LOADADDR (.iwram8) + SIZEOF (.iwram8)))

.iwram9         0x0000000003002128        0x0
 *(.iwram9)
                0x0000000003002128                . = ALIGN (0x4)
                [!provide]                        PROVIDE (__load_start_iwram9 = LOADADDR (.iwram9))
                [!provide]                        PROVIDE (__load_stop_iwram9 = (LOADADDR (.iwram9) + SIZEOF (.iwram9)))
                0x0000000003002128                __iwram_overlay_end = .
                0x0000000008014520                __ewram_lma = (__iwram_overlay_lma + (__iwram_overlay_end - __iwram_overlay_start))
                0x0000000003002128                __iheap_start = .
                0x0000000002000000                __ewram_start = ORIGIN (ewram)

.ewram          0x0000000002000000       0x5c load address 0x0000000008014520
 *(.ewram*)
 .ewram         0x0000000002000000       0x5c C:/devkitPro/libtonc/lib\libtonc.a(tonc_nocash.o)
                0x0000000002000000                nocash_message
                0x0000000002000008                nocash_buffer
                0x000000000200005c                . = ALIGN (0x4)
                0x000000000200005c                __ewram_end = ABSOLUTE (.)
                0x000000000801457c                __pad_lma = (__ewram_lma + SIZEOF (.ewram))

.sbss           0x000000000200005c        0x0
                0x000000000200005c                __sbss_start__ = ABSOLUTE (.)
 *(.sbss*)
                0x000000000200005c                . = ALIGN (0x4)
                0x000000000200005c                __sbss_end__ = ABSOLUTE (.)
                0x000000000200005c                __end__ = ABSOLUTE (.)
                0x000000000200005c                __eheap_start = ABSOLUTE (.)

.pad            0x000000000200005c        0x8 load address 0x000000000801457c
                0x000000000200005c        0x4 LONG 0x52416b64
                0x0000000002000060        0x4 LONG 0x4d
                0x0000000002000064                . = ALIGN (0x4)
                0x0000000008014584                __rom_end__ = (__pad_lma + SIZEOF (.pad))

.rel.dyn        0x0000000002000064        0x0 load address 0x0000000008014584
 .rel.iplt      0x0000000002000064        0x0 c:/devkitpro/devkitarm/bin/../lib/gcc/arm-none-eabi/12.1.0/../../../../arm-none-eabi/lib/thumb/gba_crt0.o

.stab
 *(.stab)

.stabstr
 *(.stabstr)

.stab.excl
 *(.stab.excl)

.stab.exclstr
 *(.stab.exclstr)

.stab.index
 *(.stab.index)

.stab.indexstr
 *(.stab.indexstr)

.comment        0x0000000000000000       0x45
 *(.comment)
 .comment       0x0000000000000000       0x23 c:/devkitpro/devkitarm/bin/../lib/gcc/arm-none-eabi/12.1.0/thumb/crtbegin.o
                                         0x24 (size before relaxing)
 .comment       0x0000000000000023       0x24 main.o
 .comment       0x0000000000000023       0x24 void.o
 .comment       0x0000000000000023       0x24 spr_block.o
 .comment       0x0000000000000023       0x24 spr_play.o
 .comment       0x0000000000000023       0x24 spr_red_coin.o
 .comment       0x0000000000000023       0x24 spr_red_small_coin.o
 .comment       0x0000000000000023       0x24 space_solids.o
 .comment       0x0000000000000023       0x22 C:/devkitPro/libtonc/lib\libtonc.a(tonc_irq.o)
                                         0x23 (size before relaxing)
 .comment       0x0000000000000045       0x23 C:/devkitPro/libtonc/lib\libtonc.a(tonc_core.o)
 .comment       0x0000000000000045       0x23 C:/devkitPro/libtonc/lib\libtonc.a(tonc_oam.o)
 .comment       0x0000000000000045       0x23 C:/devkitPro/libtonc/lib\libtonc.a(tonc_input.o)
 .comment       0x0000000000000045       0x23 C:/devkitPro/libtonc/lib\libtonc.a(tte_iohook.o)
 .comment       0x0000000000000045       0x23 C:/devkitPro/libtonc/lib\libtonc.a(tte_init_se.o)
 .comment       0x0000000000000045       0x23 C:/devkitPro/libtonc/lib\libtonc.a(tonc_surface.o)
 .comment       0x0000000000000045       0x23 C:/devkitPro/libtonc/lib\libtonc.a(tte_main.o)
 .comment       0x0000000000000045       0x23 C:/devkitPro/libtonc/lib\libtonc.a(se_drawg.o)
 .comment       0x0000000000000045       0x23 C:/devkitPro/libtonc/lib\libtonc.a(tonc_sbmp16.o)
 .comment       0x0000000000000045       0x24 c:/devkitpro/devkitarm/bin/../lib/gcc/arm-none-eabi/12.1.0/../../../../arm-none-eabi/lib/thumb\libg.a(lib_a-ctype_.o)
 .comment       0x0000000000000045       0x24 c:/devkitpro/devkitarm/bin/../lib/gcc/arm-none-eabi/12.1.0/../../../../arm-none-eabi/lib/thumb\libg.a(lib_a-init.o)
 .comment       0x0000000000000045       0x24 c:/devkitpro/devkitarm/bin/../lib/gcc/arm-none-eabi/12.1.0/../../../../arm-none-eabi/lib/thumb\libg.a(lib_a-memset.o)
 .comment       0x0000000000000045       0x24 c:/devkitpro/devkitarm/bin/../lib/gcc/arm-none-eabi/12.1.0/../../../../arm-none-eabi/lib/thumb\libg.a(lib_a-setvbuf.o)
 .comment       0x0000000000000045       0x24 c:/devkitpro/devkitarm/bin/../lib/gcc/arm-none-eabi/12.1.0/../../../../arm-none-eabi/lib/thumb\libg.a(lib_a-siscanf.o)
 .comment       0x0000000000000045       0x24 c:/devkitpro/devkitarm/bin/../lib/gcc/arm-none-eabi/12.1.0/../../../../arm-none-eabi/lib/thumb\libg.a(lib_a-stdio.o)
 .comment       0x0000000000000045       0x24 c:/devkitpro/devkitarm/bin/../lib/gcc/arm-none-eabi/12.1.0/../../../../arm-none-eabi/lib/thumb\libg.a(lib_a-strlen-stub.o)
 .comment       0x0000000000000045       0x24 c:/devkitpro/devkitarm/bin/../lib/gcc/arm-none-eabi/12.1.0/../../../../arm-none-eabi/lib/thumb\libg.a(lib_a-strncpy.o)
 .comment       0x0000000000000045       0x24 c:/devkitpro/devkitarm/bin/../lib/gcc/arm-none-eabi/12.1.0/../../../../arm-none-eabi/lib/thumb\libg.a(lib_a-strtol.o)
 .comment       0x0000000000000045       0x24 c:/devkitpro/devkitarm/bin/../lib/gcc/arm-none-eabi/12.1.0/../../../../arm-none-eabi/lib/thumb\libg.a(lib_a-svfiscanf.o)
 .comment       0x0000000000000045       0x24 c:/devkitpro/devkitarm/bin/../lib/gcc/arm-none-eabi/12.1.0/../../../../arm-none-eabi/lib/thumb\libg.a(lib_a-ungetc.o)
 .comment       0x0000000000000045       0x24 c:/devkitpro/devkitarm/bin/../lib/gcc/arm-none-eabi/12.1.0/../../../../arm-none-eabi/lib/thumb\libg.a(lib_a-errno.o)
 .comment       0x0000000000000045       0x24 c:/devkitpro/devkitarm/bin/../lib/gcc/arm-none-eabi/12.1.0/../../../../arm-none-eabi/lib/thumb\libg.a(lib_a-fflush.o)
 .comment       0x0000000000000045       0x24 c:/devkitpro/devkitarm/bin/../lib/gcc/arm-none-eabi/12.1.0/../../../../arm-none-eabi/lib/thumb\libg.a(lib_a-findfp.o)
 .comment       0x0000000000000045       0x24 c:/devkitpro/devkitarm/bin/../lib/gcc/arm-none-eabi/12.1.0/../../../../arm-none-eabi/lib/thumb\libg.a(lib_a-freer.o)
 .comment       0x0000000000000045       0x24 c:/devkitpro/devkitarm/bin/../lib/gcc/arm-none-eabi/12.1.0/../../../../arm-none-eabi/lib/thumb\libg.a(lib_a-fwalk.o)
 .comment       0x0000000000000045       0x24 c:/devkitpro/devkitarm/bin/../lib/gcc/arm-none-eabi/12.1.0/../../../../arm-none-eabi/lib/thumb\libg.a(lib_a-impure.o)
 .comment       0x0000000000000045       0x24 c:/devkitpro/devkitarm/bin/../lib/gcc/arm-none-eabi/12.1.0/../../../../arm-none-eabi/lib/thumb\libg.a(lib_a-iswspace.o)
 .comment       0x0000000000000045       0x24 c:/devkitpro/devkitarm/bin/../lib/gcc/arm-none-eabi/12.1.0/../../../../arm-none-eabi/lib/thumb\libg.a(lib_a-locale.o)
 .comment       0x0000000000000045       0x24 c:/devkitpro/devkitarm/bin/../lib/gcc/arm-none-eabi/12.1.0/../../../../arm-none-eabi/lib/thumb\libg.a(lib_a-makebuf.o)
 .comment       0x0000000000000045       0x24 c:/devkitpro/devkitarm/bin/../lib/gcc/arm-none-eabi/12.1.0/../../../../arm-none-eabi/lib/thumb\libg.a(lib_a-malloc.o)
 .comment       0x0000000000000045       0x24 c:/devkitpro/devkitarm/bin/../lib/gcc/arm-none-eabi/12.1.0/../../../../arm-none-eabi/lib/thumb\libg.a(lib_a-mallocr.o)
 .comment       0x0000000000000045       0x24 c:/devkitpro/devkitarm/bin/../lib/gcc/arm-none-eabi/12.1.0/../../../../arm-none-eabi/lib/thumb\libg.a(lib_a-mbrtowc.o)
 .comment       0x0000000000000045       0x24 c:/devkitpro/devkitarm/bin/../lib/gcc/arm-none-eabi/12.1.0/../../../../arm-none-eabi/lib/thumb\libg.a(lib_a-mbtowc_r.o)
 .comment       0x0000000000000045       0x24 c:/devkitpro/devkitarm/bin/../lib/gcc/arm-none-eabi/12.1.0/../../../../arm-none-eabi/lib/thumb\libg.a(lib_a-memcpy-stub.o)
 .comment       0x0000000000000045       0x24 c:/devkitpro/devkitarm/bin/../lib/gcc/arm-none-eabi/12.1.0/../../../../arm-none-eabi/lib/thumb\libg.a(lib_a-mlock.o)
 .comment       0x0000000000000045       0x24 c:/devkitpro/devkitarm/bin/../lib/gcc/arm-none-eabi/12.1.0/../../../../arm-none-eabi/lib/thumb\libg.a(lib_a-realloc.o)
 .comment       0x0000000000000045       0x24 c:/devkitpro/devkitarm/bin/../lib/gcc/arm-none-eabi/12.1.0/../../../../arm-none-eabi/lib/thumb\libg.a(lib_a-reallocr.o)
 .comment       0x0000000000000045       0x24 c:/devkitpro/devkitarm/bin/../lib/gcc/arm-none-eabi/12.1.0/../../../../arm-none-eabi/lib/thumb\libg.a(lib_a-sccl.o)
 .comment       0x0000000000000045       0x24 c:/devkitpro/devkitarm/bin/../lib/gcc/arm-none-eabi/12.1.0/../../../../arm-none-eabi/lib/thumb\libg.a(lib_a-strtoll.o)
 .comment       0x0000000000000045       0x24 c:/devkitpro/devkitarm/bin/../lib/gcc/arm-none-eabi/12.1.0/../../../../arm-none-eabi/lib/thumb\libg.a(lib_a-strtoull.o)
 .comment       0x0000000000000045       0x24 c:/devkitpro/devkitarm/bin/../lib/gcc/arm-none-eabi/12.1.0/../../../../arm-none-eabi/lib/thumb\libg.a(lib_a-strtoul.o)
 .comment       0x0000000000000045       0x24 c:/devkitpro/devkitarm/bin/../lib/gcc/arm-none-eabi/12.1.0/../../../../arm-none-eabi/lib/thumb\libg.a(lib_a-wctomb_r.o)
 .comment       0x0000000000000045       0x24 c:/devkitpro/devkitarm/bin/../lib/gcc/arm-none-eabi/12.1.0/../../../../arm-none-eabi/lib/thumb\libg.a(lib_a-fclose.o)
 .comment       0x0000000000000045       0x24 c:/devkitpro/devkitarm/bin/../lib/gcc/arm-none-eabi/12.1.0/../../../../arm-none-eabi/lib/thumb\libg.a(lib_a-iswspace_l.o)
 .comment       0x0000000000000045       0x24 c:/devkitpro/devkitarm/bin/../lib/gcc/arm-none-eabi/12.1.0/../../../../arm-none-eabi/lib/thumb\libg.a(lib_a-jp2uc.o)
 .comment       0x0000000000000045       0x24 c:/devkitpro/devkitarm/bin/../lib/gcc/arm-none-eabi/12.1.0/../../../../arm-none-eabi/lib/thumb\libg.a(lib_a-memmove.o)
 .comment       0x0000000000000045       0x24 c:/devkitpro/devkitarm/bin/../lib/gcc/arm-none-eabi/12.1.0/../../../../arm-none-eabi/lib/thumb\libg.a(lib_a-categories.o)
 .comment       0x0000000000000045       0x24 c:/devkitpro/devkitarm/bin/../lib/gcc/arm-none-eabi/12.1.0/../../../../arm-none-eabi/lib/thumb\libsysbase.a(iosupport.o)
 .comment       0x0000000000000045       0x24 c:/devkitpro/devkitarm/bin/../lib/gcc/arm-none-eabi/12.1.0/../../../../arm-none-eabi/lib/thumb\libsysbase.a(fstat.o)
 .comment       0x0000000000000045       0x24 c:/devkitpro/devkitarm/bin/../lib/gcc/arm-none-eabi/12.1.0/../../../../arm-none-eabi/lib/thumb\libsysbase.a(lseek.o)
 .comment       0x0000000000000045       0x24 c:/devkitpro/devkitarm/bin/../lib/gcc/arm-none-eabi/12.1.0/../../../../arm-none-eabi/lib/thumb\libsysbase.a(read.o)
 .comment       0x0000000000000045       0x24 c:/devkitpro/devkitarm/bin/../lib/gcc/arm-none-eabi/12.1.0/../../../../arm-none-eabi/lib/thumb\libsysbase.a(sbrk.o)
 .comment       0x0000000000000045       0x24 c:/devkitpro/devkitarm/bin/../lib/gcc/arm-none-eabi/12.1.0/../../../../arm-none-eabi/lib/thumb\libsysbase.a(write.o)
 .comment       0x0000000000000045       0x24 c:/devkitpro/devkitarm/bin/../lib/gcc/arm-none-eabi/12.1.0/../../../../arm-none-eabi/lib/thumb\libsysbase.a(malloc_vars.o)
 .comment       0x0000000000000045       0x24 c:/devkitpro/devkitarm/bin/../lib/gcc/arm-none-eabi/12.1.0/../../../../arm-none-eabi/lib/thumb\libsysbase.a(flock.o)
 .comment       0x0000000000000045       0x24 c:/devkitpro/devkitarm/bin/../lib/gcc/arm-none-eabi/12.1.0/../../../../arm-none-eabi/lib/thumb\libsysbase.a(handle_manager.o)
 .comment       0x0000000000000045       0x24 c:/devkitpro/devkitarm/bin/../lib/gcc/arm-none-eabi/12.1.0/../../../../arm-none-eabi/lib/thumb\libsysbase.a(getreent.o)
 .comment       0x0000000000000045       0x24 c:/devkitpro/devkitarm/bin/../lib/gcc/arm-none-eabi/12.1.0/../../../../arm-none-eabi/lib/thumb\libsysbase.a(syscall_support.o)
 .comment       0x0000000000000045       0x24 c:/devkitpro/devkitarm/bin/../lib/gcc/arm-none-eabi/12.1.0/thumb\libgcc.a(_muldi3.o)
 .comment       0x0000000000000045       0x24 c:/devkitpro/devkitarm/bin/../lib/gcc/arm-none-eabi/12.1.0/thumb\libgcc.a(_udivmoddi4.o)
 .comment       0x0000000000000045       0x24 c:/devkitpro/devkitarm/bin/../lib/gcc/arm-none-eabi/12.1.0/thumb/crtend.o

.debug
 *(.debug)

.line
 *(.line)

.debug_srcinfo
 *(.debug_srcinfo)

.debug_sfnames
 *(.debug_sfnames)

.debug_aranges  0x0000000000000000       0xc0
 *(.debug_aranges)
 .debug_aranges
                0x0000000000000000       0x28 main.o
 .debug_aranges
                0x0000000000000028       0x20 void.o
 .debug_aranges
                0x0000000000000048       0x18 spr_block.o
 .debug_aranges
                0x0000000000000060       0x18 spr_play.o
 .debug_aranges
                0x0000000000000078       0x18 spr_red_coin.o
 .debug_aranges
                0x0000000000000090       0x18 spr_red_small_coin.o
 .debug_aranges
                0x00000000000000a8       0x18 space_solids.o

.debug_pubnames
 *(.debug_pubnames)

.debug_info     0x0000000000000000     0x2934
 *(.debug_info)
 .debug_info    0x0000000000000000     0x1102 main.o
 .debug_info    0x0000000000001102     0x15f1 void.o
 .debug_info    0x00000000000026f3       0x7a spr_block.o
 .debug_info    0x000000000000276d       0x7a spr_play.o
 .debug_info    0x00000000000027e7       0x7a spr_red_coin.o
 .debug_info    0x0000000000002861       0x7a spr_red_small_coin.o
 .debug_info    0x00000000000028db       0x59 space_solids.o

.debug_abbrev   0x0000000000000000      0xbd6
 *(.debug_abbrev)
 .debug_abbrev  0x0000000000000000      0x4eb main.o
 .debug_abbrev  0x00000000000004eb      0x568 void.o
 .debug_abbrev  0x0000000000000a53       0x4e spr_block.o
 .debug_abbrev  0x0000000000000aa1       0x4e spr_play.o
 .debug_abbrev  0x0000000000000aef       0x4e spr_red_coin.o
 .debug_abbrev  0x0000000000000b3d       0x4e spr_red_small_coin.o
 .debug_abbrev  0x0000000000000b8b       0x4b space_solids.o

.debug_line     0x0000000000000000     0x1240
 *(.debug_line)
 .debug_line    0x0000000000000000      0x685 main.o
 .debug_line    0x0000000000000685      0x949 void.o
 .debug_line    0x0000000000000fce       0x7b spr_block.o
 .debug_line    0x0000000000001049       0x7a spr_play.o
 .debug_line    0x00000000000010c3       0x7e spr_red_coin.o
 .debug_line    0x0000000000001141       0x84 spr_red_small_coin.o
 .debug_line    0x00000000000011c5       0x7b space_solids.o

.debug_frame    0x0000000000000000      0x29c
 *(.debug_frame)
 .debug_frame   0x0000000000000000       0x80 main.o
 .debug_frame   0x0000000000000080      0x21c void.o

.debug_str      0x0000000000000000      0xbf6
 *(.debug_str)
 .debug_str     0x0000000000000000      0x7ae main.o
                                        0x807 (size before relaxing)
 .debug_str     0x00000000000007ae      0x1c9 void.o
                                        0x704 (size before relaxing)
 .debug_str     0x0000000000000977       0xe6 spr_block.o
                                        0x15b (size before relaxing)
 .debug_str     0x0000000000000a5d       0x66 spr_play.o
                                        0x158 (size before relaxing)
 .debug_str     0x0000000000000ac3       0x5e spr_red_coin.o
                                        0x164 (size before relaxing)
 .debug_str     0x0000000000000b21       0x7a spr_red_small_coin.o
                                        0x176 (size before relaxing)
 .debug_str     0x0000000000000b9b       0x5b space_solids.o
                                        0x14f (size before relaxing)

.debug_loc
 *(.debug_loc)

.debug_macinfo
 *(.debug_macinfo)

.debug_weaknames
 *(.debug_weaknames)

.debug_funcnames
 *(.debug_funcnames)

.debug_typenames
 *(.debug_typenames)

.debug_varnames
 *(.debug_varnames)

.stack          0x0000000000080000        0x0
                0x0000000000080000                _stack = .
 *(.stack)

.note.gnu.arm.ident
 *(.note.gnu.arm.ident)

.ARM.attributes
                0x0000000000000000       0x2c
 *(.ARM.attributes)
 .ARM.attributes
                0x0000000000000000       0x20 c:/devkitpro/devkitarm/bin/../lib/gcc/arm-none-eabi/12.1.0/../../../../arm-none-eabi/lib/thumb/gba_crt0.o
 .ARM.attributes
                0x0000000000000020       0x1c c:/devkitpro/devkitarm/bin/../lib/gcc/arm-none-eabi/12.1.0/thumb/crti.o
 .ARM.attributes
                0x000000000000003c       0x2a c:/devkitpro/devkitarm/bin/../lib/gcc/arm-none-eabi/12.1.0/thumb/crtbegin.o
 .ARM.attributes
                0x0000000000000066       0x26 main.o
 .ARM.attributes
                0x000000000000008c       0x26 void.o
 .ARM.attributes
                0x00000000000000b2       0x26 spr_block.o
 .ARM.attributes
                0x00000000000000d8       0x26 spr_play.o
 .ARM.attributes
                0x00000000000000fe       0x26 spr_red_coin.o
 .ARM.attributes
                0x0000000000000124       0x26 spr_red_small_coin.o
 .ARM.attributes
                0x000000000000014a       0x26 tiles.o
 .ARM.attributes
                0x0000000000000170       0x26 space.o
 .ARM.attributes
                0x0000000000000196       0x26 space_solids.o
 .ARM.attributes
                0x00000000000001bc       0x1a space_2.o
 .ARM.attributes
                0x00000000000001d6       0x2a C:/devkitPro/libtonc/lib\libtonc.a(tonc_irq.o)
 .ARM.attributes
                0x0000000000000200       0x2a C:/devkitPro/libtonc/lib\libtonc.a(tonc_core.o)
 .ARM.attributes
                0x000000000000022a       0x2a C:/devkitPro/libtonc/lib\libtonc.a(tonc_oam.o)
 .ARM.attributes
                0x0000000000000254       0x2a C:/devkitPro/libtonc/lib\libtonc.a(tonc_input.o)
 .ARM.attributes
                0x000000000000027e       0x2a C:/devkitPro/libtonc/lib\libtonc.a(tte_iohook.o)
 .ARM.attributes
                0x00000000000002a8       0x2a C:/devkitPro/libtonc/lib\libtonc.a(tte_init_se.o)
 .ARM.attributes
                0x00000000000002d2       0x1a C:/devkitPro/libtonc/lib\libtonc.a(tonc_bios.o)
 .ARM.attributes
                0x00000000000002ec       0x1a C:/devkitPro/libtonc/lib\libtonc.a(tonc_memcpy.o)
 .ARM.attributes
                0x0000000000000306       0x1a C:/devkitPro/libtonc/lib\libtonc.a(tonc_nocash.o)
 .ARM.attributes
                0x0000000000000320       0x1a C:/devkitPro/libtonc/lib\libtonc.a(tonc_isr_master.o)
 .ARM.attributes
                0x000000000000033a       0x1a C:/devkitPro/libtonc/lib\libtonc.a(tonc_memset.o)
 .ARM.attributes
                0x0000000000000354       0x1a C:/devkitPro/libtonc/lib\libtonc.a(sys8.o)
 .ARM.attributes
                0x000000000000036e       0x2a C:/devkitPro/libtonc/lib\libtonc.a(tonc_surface.o)
 .ARM.attributes
                0x0000000000000398       0x2a C:/devkitPro/libtonc/lib\libtonc.a(tte_main.o)
 .ARM.attributes
                0x00000000000003c2       0x2a C:/devkitPro/libtonc/lib\libtonc.a(se_drawg.o)
 .ARM.attributes
                0x00000000000003ec       0x1a C:/devkitPro/libtonc/lib\libtonc.a(tonc_bios_ex.o)
 .ARM.attributes
                0x0000000000000406       0x2a C:/devkitPro/libtonc/lib\libtonc.a(tonc_sbmp16.o)
 .ARM.attributes
                0x0000000000000430       0x1c c:/devkitpro/devkitarm/bin/../lib/gcc/arm-none-eabi/12.1.0/thumb\libgcc.a(_udivsi3.o)
 .ARM.attributes
                0x000000000000044c       0x1c c:/devkitpro/devkitarm/bin/../lib/gcc/arm-none-eabi/12.1.0/thumb\libgcc.a(_divsi3.o)
 .ARM.attributes
                0x0000000000000468       0x1c c:/devkitpro/devkitarm/bin/../lib/gcc/arm-none-eabi/12.1.0/thumb\libgcc.a(_dvmd_tls.o)
 .ARM.attributes
                0x0000000000000484       0x2a c:/devkitpro/devkitarm/bin/../lib/gcc/arm-none-eabi/12.1.0/../../../../arm-none-eabi/lib/thumb\libg.a(lib_a-ctype_.o)
 .ARM.attributes
                0x00000000000004ae       0x2a c:/devkitpro/devkitarm/bin/../lib/gcc/arm-none-eabi/12.1.0/../../../../arm-none-eabi/lib/thumb\libg.a(lib_a-init.o)
 .ARM.attributes
                0x00000000000004d8       0x2a c:/devkitpro/devkitarm/bin/../lib/gcc/arm-none-eabi/12.1.0/../../../../arm-none-eabi/lib/thumb\libg.a(lib_a-memset.o)
 .ARM.attributes
                0x0000000000000502       0x2a c:/devkitpro/devkitarm/bin/../lib/gcc/arm-none-eabi/12.1.0/../../../../arm-none-eabi/lib/thumb\libg.a(lib_a-setvbuf.o)
 .ARM.attributes
                0x000000000000052c       0x2a c:/devkitpro/devkitarm/bin/../lib/gcc/arm-none-eabi/12.1.0/../../../../arm-none-eabi/lib/thumb\libg.a(lib_a-siscanf.o)
 .ARM.attributes
                0x0000000000000556       0x2a c:/devkitpro/devkitarm/bin/../lib/gcc/arm-none-eabi/12.1.0/../../../../arm-none-eabi/lib/thumb\libg.a(lib_a-stdio.o)
 .ARM.attributes
                0x0000000000000580       0x2a c:/devkitpro/devkitarm/bin/../lib/gcc/arm-none-eabi/12.1.0/../../../../arm-none-eabi/lib/thumb\libg.a(lib_a-strlen-stub.o)
 .ARM.attributes
                0x00000000000005aa       0x2a c:/devkitpro/devkitarm/bin/../lib/gcc/arm-none-eabi/12.1.0/../../../../arm-none-eabi/lib/thumb\libg.a(lib_a-strncpy.o)
 .ARM.attributes
                0x00000000000005d4       0x2a c:/devkitpro/devkitarm/bin/../lib/gcc/arm-none-eabi/12.1.0/../../../../arm-none-eabi/lib/thumb\libg.a(lib_a-strtol.o)
 .ARM.attributes
                0x00000000000005fe       0x2a c:/devkitpro/devkitarm/bin/../lib/gcc/arm-none-eabi/12.1.0/../../../../arm-none-eabi/lib/thumb\libg.a(lib_a-svfiscanf.o)
 .ARM.attributes
                0x0000000000000628       0x2a c:/devkitpro/devkitarm/bin/../lib/gcc/arm-none-eabi/12.1.0/../../../../arm-none-eabi/lib/thumb\libg.a(lib_a-ungetc.o)
 .ARM.attributes
                0x0000000000000652       0x2a c:/devkitpro/devkitarm/bin/../lib/gcc/arm-none-eabi/12.1.0/../../../../arm-none-eabi/lib/thumb\libg.a(lib_a-errno.o)
 .ARM.attributes
                0x000000000000067c       0x2a c:/devkitpro/devkitarm/bin/../lib/gcc/arm-none-eabi/12.1.0/../../../../arm-none-eabi/lib/thumb\libg.a(lib_a-fflush.o)
 .ARM.attributes
                0x00000000000006a6       0x2a c:/devkitpro/devkitarm/bin/../lib/gcc/arm-none-eabi/12.1.0/../../../../arm-none-eabi/lib/thumb\libg.a(lib_a-findfp.o)
 .ARM.attributes
                0x00000000000006d0       0x2a c:/devkitpro/devkitarm/bin/../lib/gcc/arm-none-eabi/12.1.0/../../../../arm-none-eabi/lib/thumb\libg.a(lib_a-freer.o)
 .ARM.attributes
                0x00000000000006fa       0x2a c:/devkitpro/devkitarm/bin/../lib/gcc/arm-none-eabi/12.1.0/../../../../arm-none-eabi/lib/thumb\libg.a(lib_a-fwalk.o)
 .ARM.attributes
                0x0000000000000724       0x2a c:/devkitpro/devkitarm/bin/../lib/gcc/arm-none-eabi/12.1.0/../../../../arm-none-eabi/lib/thumb\libg.a(lib_a-impure.o)
 .ARM.attributes
                0x000000000000074e       0x2a c:/devkitpro/devkitarm/bin/../lib/gcc/arm-none-eabi/12.1.0/../../../../arm-none-eabi/lib/thumb\libg.a(lib_a-iswspace.o)
 .ARM.attributes
                0x0000000000000778       0x2a c:/devkitpro/devkitarm/bin/../lib/gcc/arm-none-eabi/12.1.0/../../../../arm-none-eabi/lib/thumb\libg.a(lib_a-locale.o)
 .ARM.attributes
                0x00000000000007a2       0x2a c:/devkitpro/devkitarm/bin/../lib/gcc/arm-none-eabi/12.1.0/../../../../arm-none-eabi/lib/thumb\libg.a(lib_a-makebuf.o)
 .ARM.attributes
                0x00000000000007cc       0x2a c:/devkitpro/devkitarm/bin/../lib/gcc/arm-none-eabi/12.1.0/../../../../arm-none-eabi/lib/thumb\libg.a(lib_a-malloc.o)
 .ARM.attributes
                0x00000000000007f6       0x2a c:/devkitpro/devkitarm/bin/../lib/gcc/arm-none-eabi/12.1.0/../../../../arm-none-eabi/lib/thumb\libg.a(lib_a-mallocr.o)
 .ARM.attributes
                0x0000000000000820       0x2a c:/devkitpro/devkitarm/bin/../lib/gcc/arm-none-eabi/12.1.0/../../../../arm-none-eabi/lib/thumb\libg.a(lib_a-mbrtowc.o)
 .ARM.attributes
                0x000000000000084a       0x2a c:/devkitpro/devkitarm/bin/../lib/gcc/arm-none-eabi/12.1.0/../../../../arm-none-eabi/lib/thumb\libg.a(lib_a-mbtowc_r.o)
 .ARM.attributes
                0x0000000000000874       0x2a c:/devkitpro/devkitarm/bin/../lib/gcc/arm-none-eabi/12.1.0/../../../../arm-none-eabi/lib/thumb\libg.a(lib_a-memcpy-stub.o)
 .ARM.attributes
                0x000000000000089e       0x2a c:/devkitpro/devkitarm/bin/../lib/gcc/arm-none-eabi/12.1.0/../../../../arm-none-eabi/lib/thumb\libg.a(lib_a-mlock.o)
 .ARM.attributes
                0x00000000000008c8       0x2a c:/devkitpro/devkitarm/bin/../lib/gcc/arm-none-eabi/12.1.0/../../../../arm-none-eabi/lib/thumb\libg.a(lib_a-realloc.o)
 .ARM.attributes
                0x00000000000008f2       0x2a c:/devkitpro/devkitarm/bin/../lib/gcc/arm-none-eabi/12.1.0/../../../../arm-none-eabi/lib/thumb\libg.a(lib_a-reallocr.o)
 .ARM.attributes
                0x000000000000091c       0x2a c:/devkitpro/devkitarm/bin/../lib/gcc/arm-none-eabi/12.1.0/../../../../arm-none-eabi/lib/thumb\libg.a(lib_a-sccl.o)
 .ARM.attributes
                0x0000000000000946       0x2a c:/devkitpro/devkitarm/bin/../lib/gcc/arm-none-eabi/12.1.0/../../../../arm-none-eabi/lib/thumb\libg.a(lib_a-strcasecmp.o)
 .ARM.attributes
                0x0000000000000970       0x2a c:/devkitpro/devkitarm/bin/../lib/gcc/arm-none-eabi/12.1.0/../../../../arm-none-eabi/lib/thumb\libg.a(lib_a-strcat.o)
 .ARM.attributes
                0x000000000000099a       0x2a c:/devkitpro/devkitarm/bin/../lib/gcc/arm-none-eabi/12.1.0/../../../../arm-none-eabi/lib/thumb\libg.a(lib_a-strchr.o)
 .ARM.attributes
                0x00000000000009c4       0x1a c:/devkitpro/devkitarm/bin/../lib/gcc/arm-none-eabi/12.1.0/../../../../arm-none-eabi/lib/thumb\libg.a(lib_a-strcmp.o)
 .ARM.attributes
                0x00000000000009de       0x2a c:/devkitpro/devkitarm/bin/../lib/gcc/arm-none-eabi/12.1.0/../../../../arm-none-eabi/lib/thumb\libg.a(lib_a-strcpy.o)
 .ARM.attributes
                0x0000000000000a08       0x2a c:/devkitpro/devkitarm/bin/../lib/gcc/arm-none-eabi/12.1.0/../../../../arm-none-eabi/lib/thumb\libg.a(lib_a-strlcpy.o)
 .ARM.attributes
                0x0000000000000a32       0x2a c:/devkitpro/devkitarm/bin/../lib/gcc/arm-none-eabi/12.1.0/../../../../arm-none-eabi/lib/thumb\libg.a(lib_a-strncasecmp.o)
 .ARM.attributes
                0x0000000000000a5c       0x2a c:/devkitpro/devkitarm/bin/../lib/gcc/arm-none-eabi/12.1.0/../../../../arm-none-eabi/lib/thumb\libg.a(lib_a-strtoll.o)
 .ARM.attributes
                0x0000000000000a86       0x2a c:/devkitpro/devkitarm/bin/../lib/gcc/arm-none-eabi/12.1.0/../../../../arm-none-eabi/lib/thumb\libg.a(lib_a-strtoull.o)
 .ARM.attributes
                0x0000000000000ab0       0x2a c:/devkitpro/devkitarm/bin/../lib/gcc/arm-none-eabi/12.1.0/../../../../arm-none-eabi/lib/thumb\libg.a(lib_a-strtoul.o)
 .ARM.attributes
                0x0000000000000ada       0x2a c:/devkitpro/devkitarm/bin/../lib/gcc/arm-none-eabi/12.1.0/../../../../arm-none-eabi/lib/thumb\libg.a(lib_a-wctomb_r.o)
 .ARM.attributes
                0x0000000000000b04       0x2a c:/devkitpro/devkitarm/bin/../lib/gcc/arm-none-eabi/12.1.0/../../../../arm-none-eabi/lib/thumb\libg.a(lib_a-fclose.o)
 .ARM.attributes
                0x0000000000000b2e       0x2a c:/devkitpro/devkitarm/bin/../lib/gcc/arm-none-eabi/12.1.0/../../../../arm-none-eabi/lib/thumb\libg.a(lib_a-getenv_r.o)
 .ARM.attributes
                0x0000000000000b58       0x2a c:/devkitpro/devkitarm/bin/../lib/gcc/arm-none-eabi/12.1.0/../../../../arm-none-eabi/lib/thumb\libg.a(lib_a-iswspace_l.o)
 .ARM.attributes
                0x0000000000000b82       0x2a c:/devkitpro/devkitarm/bin/../lib/gcc/arm-none-eabi/12.1.0/../../../../arm-none-eabi/lib/thumb\libg.a(lib_a-jp2uc.o)
 .ARM.attributes
                0x0000000000000bac       0x2a c:/devkitpro/devkitarm/bin/../lib/gcc/arm-none-eabi/12.1.0/../../../../arm-none-eabi/lib/thumb\libg.a(lib_a-memmove.o)
 .ARM.attributes
                0x0000000000000bd6       0x2a c:/devkitpro/devkitarm/bin/../lib/gcc/arm-none-eabi/12.1.0/../../../../arm-none-eabi/lib/thumb\libg.a(lib_a-strncmp.o)
 .ARM.attributes
                0x0000000000000c00       0x2a c:/devkitpro/devkitarm/bin/../lib/gcc/arm-none-eabi/12.1.0/../../../../arm-none-eabi/lib/thumb\libg.a(lib_a-categories.o)
 .ARM.attributes
                0x0000000000000c2a       0x2a c:/devkitpro/devkitarm/bin/../lib/gcc/arm-none-eabi/12.1.0/../../../../arm-none-eabi/lib/thumb\libg.a(lib_a-environ.o)
 .ARM.attributes
                0x0000000000000c54       0x2a c:/devkitpro/devkitarm/bin/../lib/gcc/arm-none-eabi/12.1.0/../../../../arm-none-eabi/lib/thumb\libg.a(lib_a-envlock.o)
 .ARM.attributes
                0x0000000000000c7e       0x2a c:/devkitpro/devkitarm/bin/../lib/gcc/arm-none-eabi/12.1.0/../../../../arm-none-eabi/lib/thumb\libsysbase.a(iosupport.o)
 .ARM.attributes
                0x0000000000000ca8       0x2a c:/devkitpro/devkitarm/bin/../lib/gcc/arm-none-eabi/12.1.0/../../../../arm-none-eabi/lib/thumb\libsysbase.a(fstat.o)
 .ARM.attributes
                0x0000000000000cd2       0x2a c:/devkitpro/devkitarm/bin/../lib/gcc/arm-none-eabi/12.1.0/../../../../arm-none-eabi/lib/thumb\libsysbase.a(isatty.o)
 .ARM.attributes
                0x0000000000000cfc       0x2a c:/devkitpro/devkitarm/bin/../lib/gcc/arm-none-eabi/12.1.0/../../../../arm-none-eabi/lib/thumb\libsysbase.a(lseek.o)
 .ARM.attributes
                0x0000000000000d26       0x2a c:/devkitpro/devkitarm/bin/../lib/gcc/arm-none-eabi/12.1.0/../../../../arm-none-eabi/lib/thumb\libsysbase.a(read.o)
 .ARM.attributes
                0x0000000000000d50       0x2a c:/devkitpro/devkitarm/bin/../lib/gcc/arm-none-eabi/12.1.0/../../../../arm-none-eabi/lib/thumb\libsysbase.a(sbrk.o)
 .ARM.attributes
                0x0000000000000d7a       0x2a c:/devkitpro/devkitarm/bin/../lib/gcc/arm-none-eabi/12.1.0/../../../../arm-none-eabi/lib/thumb\libsysbase.a(write.o)
 .ARM.attributes
                0x0000000000000da4       0x2a c:/devkitpro/devkitarm/bin/../lib/gcc/arm-none-eabi/12.1.0/../../../../arm-none-eabi/lib/thumb\libsysbase.a(malloc_vars.o)
 .ARM.attributes
                0x0000000000000dce       0x2a c:/devkitpro/devkitarm/bin/../lib/gcc/arm-none-eabi/12.1.0/../../../../arm-none-eabi/lib/thumb\libsysbase.a(flock.o)
 .ARM.attributes
                0x0000000000000df8       0x2a c:/devkitpro/devkitarm/bin/../lib/gcc/arm-none-eabi/12.1.0/../../../../arm-none-eabi/lib/thumb\libsysbase.a(handle_manager.o)
 .ARM.attributes
                0x0000000000000e22       0x2a c:/devkitpro/devkitarm/bin/../lib/gcc/arm-none-eabi/12.1.0/../../../../arm-none-eabi/lib/thumb\libsysbase.a(getreent.o)
 .ARM.attributes
                0x0000000000000e4c       0x2a c:/devkitpro/devkitarm/bin/../lib/gcc/arm-none-eabi/12.1.0/../../../../arm-none-eabi/lib/thumb\libsysbase.a(syscall_support.o)
 .ARM.attributes
                0x0000000000000e76       0x1c c:/devkitpro/devkitarm/bin/../lib/gcc/arm-none-eabi/12.1.0/thumb\libgcc.a(_thumb1_case_uqi.o)
 .ARM.attributes
                0x0000000000000e92       0x1c c:/devkitpro/devkitarm/bin/../lib/gcc/arm-none-eabi/12.1.0/thumb\libgcc.a(_thumb1_case_uhi.o)
 .ARM.attributes
                0x0000000000000eae       0x1c c:/devkitpro/devkitarm/bin/../lib/gcc/arm-none-eabi/12.1.0/thumb\libgcc.a(_aeabi_uldivmod.o)
 .ARM.attributes
                0x0000000000000eca       0x2a c:/devkitpro/devkitarm/bin/../lib/gcc/arm-none-eabi/12.1.0/thumb\libgcc.a(_muldi3.o)
 .ARM.attributes
                0x0000000000000ef4       0x2a c:/devkitpro/devkitarm/bin/../lib/gcc/arm-none-eabi/12.1.0/thumb\libgcc.a(_udivmoddi4.o)
 .ARM.attributes
                0x0000000000000f1e       0x1c c:/devkitpro/devkitarm/bin/../lib/gcc/arm-none-eabi/12.1.0/thumb\libgcc.a(_clzdi2.o)
 .ARM.attributes
                0x0000000000000f3a       0x1c c:/devkitpro/devkitarm/bin/../lib/gcc/arm-none-eabi/12.1.0/thumb\libgcc.a(_clzsi2.o)
 .ARM.attributes
                0x0000000000000f56       0x2a c:/devkitpro/devkitarm/bin/../lib/gcc/arm-none-eabi/12.1.0/thumb/crtend.o
 .ARM.attributes
                0x0000000000000f80       0x1c c:/devkitpro/devkitarm/bin/../lib/gcc/arm-none-eabi/12.1.0/thumb/crtn.o

/DISCARD/
 *(.note.GNU-stack)
LOAD c:/devkitpro/devkitarm/bin/../lib/gcc/arm-none-eabi/12.1.0/../../../../arm-none-eabi/lib/thumb/gba_crt0.o
LOAD c:/devkitpro/devkitarm/bin/../lib/gcc/arm-none-eabi/12.1.0/thumb/crti.o
LOAD c:/devkitpro/devkitarm/bin/../lib/gcc/arm-none-eabi/12.1.0/thumb/crtbegin.o
LOAD main.o
LOAD void.o
LOAD spr_block.o
LOAD spr_play.o
LOAD spr_red_coin.o
LOAD spr_red_small_coin.o
LOAD tiles.o
LOAD space.o
LOAD space_solids.o
LOAD space_2.o
LOAD C:/devkitPro/libgba/lib\libmm.a
LOAD C:/devkitPro/libtonc/lib\libtonc.a
LOAD c:/devkitpro/devkitarm/bin/../lib/gcc/arm-none-eabi/12.1.0/../../../../arm-none-eabi/lib/thumb\libstdc++.a
LOAD c:/devkitpro/devkitarm/bin/../lib/gcc/arm-none-eabi/12.1.0/../../../../arm-none-eabi/lib/thumb\libm.a
START GROUP
LOAD c:/devkitpro/devkitarm/bin/../lib/gcc/arm-none-eabi/12.1.0/thumb\libgcc.a
LOAD c:/devkitpro/devkitarm/bin/../lib/gcc/arm-none-eabi/12.1.0/../../../../arm-none-eabi/lib/thumb\libg.a
LOAD c:/devkitpro/devkitarm/bin/../lib/gcc/arm-none-eabi/12.1.0/../../../../arm-none-eabi/lib/thumb\libc.a
LOAD c:/devkitpro/devkitarm/bin/../lib/gcc/arm-none-eabi/12.1.0/../../../../arm-none-eabi/lib/thumb\libsysbase.a
END GROUP
LOAD c:/devkitpro/devkitarm/bin/../lib/gcc/arm-none-eabi/12.1.0/thumb/crtend.o
LOAD c:/devkitpro/devkitarm/bin/../lib/gcc/arm-none-eabi/12.1.0/thumb/crtn.o
OUTPUT(C:/Users/ATS/Documents/C/GBA/gba_tutorial_github/void_toolchain/void_toolchain.elf elf32-littlearm)
LOAD linker stubs

.debug_loclists
                0x0000000000000000      0xcb9
 .debug_loclists
                0x0000000000000000      0x2bc main.o
 .debug_loclists
                0x00000000000002bc      0x9fd void.o

.debug_rnglists
                0x0000000000000000      0x174
 .debug_rnglists
                0x0000000000000000       0x8d main.o
 .debug_rnglists
                0x000000000000008d       0xe7 void.o
