                                      1 ;--------------------------------------------------------
                                      2 ; File Created by SDCC : free open source ANSI-C Compiler
                                      3 ; Version 4.1.6 #12539 (MINGW32)
                                      4 ;--------------------------------------------------------
                                      5 	.module main
                                      6 	.optsdcc -mgbz80
                                      7 	
                                      8 ;--------------------------------------------------------
                                      9 ; Public variables in this module
                                     10 ;--------------------------------------------------------
                                     11 	.globl _main
                                     12 	.globl _Draw
                                     13 	.globl _Update
                                     14 	.globl _Load
                                     15 	.globl _playerDraw
                                     16 	.globl _playerUpdate
                                     17 	.globl _playerLoad
                                     18 	.globl _set_sprite_data
                                     19 	.globl _set_bkg_tiles
                                     20 	.globl _set_bkg_data
                                     21 	.globl _joypad
                                     22 	.globl _delay
                                     23 	.globl _player_sprites
                                     24 	.globl _map2
                                     25 	.globl _map1
                                     26 	.globl _tileset
                                     27 	.globl _player
                                     28 	.globl _entity
                                     29 ;--------------------------------------------------------
                                     30 ; special function registers
                                     31 ;--------------------------------------------------------
                                     32 ;--------------------------------------------------------
                                     33 ; ram data
                                     34 ;--------------------------------------------------------
                                     35 	.area _DATA
      000000                         36 _entity::
      000000                         37 	.ds 8
      000008                         38 _player::
      000008                         39 	.ds 8
                                     40 ;--------------------------------------------------------
                                     41 ; ram data
                                     42 ;--------------------------------------------------------
                                     43 	.area _INITIALIZED
      000000                         44 _tileset::
      000000                         45 	.ds 112
      000070                         46 _map1::
      000070                         47 	.ds 360
      0001D8                         48 _map2::
      0001D8                         49 	.ds 360
      000340                         50 _player_sprites::
      000340                         51 	.ds 80
                                     52 ;--------------------------------------------------------
                                     53 ; absolute external ram data
                                     54 ;--------------------------------------------------------
                                     55 	.area _DABS (ABS)
                                     56 ;--------------------------------------------------------
                                     57 ; global & static initialisations
                                     58 ;--------------------------------------------------------
                                     59 	.area _HOME
                                     60 	.area _GSINIT
                                     61 	.area _GSFINAL
                                     62 	.area _GSINIT
                                     63 ;--------------------------------------------------------
                                     64 ; Home
                                     65 ;--------------------------------------------------------
                                     66 	.area _HOME
                                     67 	.area _HOME
                                     68 ;--------------------------------------------------------
                                     69 ; code
                                     70 ;--------------------------------------------------------
                                     71 	.area _CODE
                                     72 ;src/player.c:15: void playerLoad(){
                                     73 ;	---------------------------------
                                     74 ; Function playerLoad
                                     75 ; ---------------------------------
      000000                         76 _playerLoad::
                                     77 ;src/player.c:16: player.x = 0;
      000000 21r09r00                78 	ld	hl, #(_player + 1)
      000003 36 00                   79 	ld	(hl), #0x00
                                     80 ;src/player.c:17: player.y = 0;
      000005 21r0Ar00                81 	ld	hl, #(_player + 2)
      000008 36 00                   82 	ld	(hl), #0x00
                                     83 ;src/player.c:18: player.w, player.h = 8;
      00000A 21r0Cr00                84 	ld	hl, #(_player + 4)
      00000D 36 08                   85 	ld	(hl), #0x08
                                     86 ;src/player.c:19: player.speed = 8;
      00000F 21r0Fr00                87 	ld	hl, #(_player + 7)
      000012 36 08                   88 	ld	(hl), #0x08
                                     89 ;src/player.c:20: player.dx, player.dy = 0;
      000014 21r0Er00                90 	ld	hl, #(_player + 6)
      000017 36 00                   91 	ld	(hl), #0x00
                                     92 ;src/player.c:22: set_sprite_data(0, 4, player_sprites);
      000019 11r40r03                93 	ld	de, #_player_sprites
      00001C D5                      94 	push	de
      00001D 21 00 04                95 	ld	hl, #0x400
      000020 E5                      96 	push	hl
      000021 CDr00r00                97 	call	_set_sprite_data
      000024 E8 04                   98 	add	sp, #4
                                     99 ;src/player.c:23: }
      000026 C9                     100 	ret
                                    101 ;src/player.c:25: void playerUpdate(){
                                    102 ;	---------------------------------
                                    103 ; Function playerUpdate
                                    104 ; ---------------------------------
      000027                        105 _playerUpdate::
                                    106 ;src/player.c:27: if(joypad() == J_UP && player.y > 0){
      000027 CDr00r00               107 	call	_joypad
      00002A 7B                     108 	ld	a, e
      00002B D6 04                  109 	sub	a, #0x04
      00002D 20 18                  110 	jr	NZ, 00106$
      00002F FAr0Ar00               111 	ld	a, (#(_player + 2) + 0)
      000032 B7                     112 	or	a, a
      000033 28 12                  113 	jr	Z, 00106$
                                    114 ;src/player.c:28: player.dy = - player.speed;
      000035 21r0Fr00               115 	ld	hl, #_player + 7
      000038 4E                     116 	ld	c, (hl)
      000039 AF                     117 	xor	a, a
      00003A 91                     118 	sub	a, c
      00003B 4F                     119 	ld	c, a
      00003C 21r0Er00               120 	ld	hl, #(_player + 6)
      00003F 71                     121 	ld	(hl), c
                                    122 ;src/player.c:29: player.sp = 3;
      000040 21r08r00               123 	ld	hl, #_player
      000043 36 03                  124 	ld	(hl), #0x03
      000045 18 22                  125 	jr	00107$
      000047                        126 00106$:
                                    127 ;src/player.c:30: }else if(joypad() == J_DOWN && player.y < (8 * 12)){
      000047 CDr00r00               128 	call	_joypad
      00004A 7B                     129 	ld	a, e
      00004B D6 08                  130 	sub	a, #0x08
      00004D 20 15                  131 	jr	NZ, 00102$
      00004F FAr0Ar00               132 	ld	a, (#(_player + 2) + 0)
      000052 D6 60                  133 	sub	a, #0x60
      000054 30 0E                  134 	jr	NC, 00102$
                                    135 ;src/player.c:31: player.dy = player.speed;
      000056 01r0Er00               136 	ld	bc, #_player + 6
      000059 FAr0Fr00               137 	ld	a, (#(_player + 7) + 0)
      00005C 02                     138 	ld	(bc), a
                                    139 ;src/player.c:32: player.sp = 0;
      00005D 21r08r00               140 	ld	hl, #_player
      000060 36 00                  141 	ld	(hl), #0x00
      000062 18 05                  142 	jr	00107$
      000064                        143 00102$:
                                    144 ;src/player.c:34: player.dy = 0;
      000064 21r0Er00               145 	ld	hl, #(_player + 6)
      000067 36 00                  146 	ld	(hl), #0x00
      000069                        147 00107$:
                                    148 ;src/player.c:37: if(joypad() == J_LEFT && player.x > 0){
      000069 CDr00r00               149 	call	_joypad
      00006C 7B                     150 	ld	a, e
      00006D D6 02                  151 	sub	a, #0x02
      00006F 20 18                  152 	jr	NZ, 00114$
      000071 FAr09r00               153 	ld	a, (#(_player + 1) + 0)
      000074 B7                     154 	or	a, a
      000075 28 12                  155 	jr	Z, 00114$
                                    156 ;src/player.c:38: player.dx = - player.speed;
      000077 21r0Fr00               157 	ld	hl, #_player + 7
      00007A 4E                     158 	ld	c, (hl)
      00007B AF                     159 	xor	a, a
      00007C 91                     160 	sub	a, c
      00007D 4F                     161 	ld	c, a
      00007E 21r0Dr00               162 	ld	hl, #(_player + 5)
      000081 71                     163 	ld	(hl), c
                                    164 ;src/player.c:39: player.sp = 1;
      000082 21r08r00               165 	ld	hl, #_player
      000085 36 01                  166 	ld	(hl), #0x01
      000087 18 20                  167 	jr	00115$
      000089                        168 00114$:
                                    169 ;src/player.c:40: }else if(joypad() == J_RIGHT && player.x < (8 * 19)){
      000089 CDr00r00               170 	call	_joypad
      00008C 1D                     171 	dec	e
      00008D 20 15                  172 	jr	NZ, 00110$
      00008F FAr09r00               173 	ld	a, (#(_player + 1) + 0)
      000092 D6 98                  174 	sub	a, #0x98
      000094 30 0E                  175 	jr	NC, 00110$
                                    176 ;src/player.c:41: player.dx = player.speed;
      000096 01r0Dr00               177 	ld	bc, #_player + 5
      000099 FAr0Fr00               178 	ld	a, (#(_player + 7) + 0)
      00009C 02                     179 	ld	(bc), a
                                    180 ;src/player.c:42: player.sp = 2;
      00009D 21r08r00               181 	ld	hl, #_player
      0000A0 36 02                  182 	ld	(hl), #0x02
      0000A2 18 05                  183 	jr	00115$
      0000A4                        184 00110$:
                                    185 ;src/player.c:44: player.dx = 0;
      0000A4 21r0Dr00               186 	ld	hl, #(_player + 5)
      0000A7 36 00                  187 	ld	(hl), #0x00
      0000A9                        188 00115$:
                                    189 ;src/player.c:47: move_sprite(0, player.x + 8, player.y + 16);
      0000A9 FAr0Ar00               190 	ld	a, (#(_player + 2) + 0)
      0000AC C6 10                  191 	add	a, #0x10
      0000AE 47                     192 	ld	b, a
      0000AF FAr09r00               193 	ld	a, (#(_player + 1) + 0)
      0000B2 C6 08                  194 	add	a, #0x08
      0000B4 4F                     195 	ld	c, a
                                    196 ;c:/gbdk/include/gb/gb.h:1520: OAM_item_t * itm = &shadow_OAM[nb];
      0000B5 21r00r00               197 	ld	hl, #_shadow_OAM
                                    198 ;c:/gbdk/include/gb/gb.h:1521: itm->y=y, itm->x=x;
      0000B8 78                     199 	ld	a, b
      0000B9 22                     200 	ld	(hl+), a
      0000BA 71                     201 	ld	(hl), c
                                    202 ;src/player.c:49: player.x += player.dx;
      0000BB 21r09r00               203 	ld	hl, #(_player + 1)
      0000BE 4E                     204 	ld	c, (hl)
      0000BF FAr0Dr00               205 	ld	a, (#(_player + 5) + 0)
      0000C2 81                     206 	add	a, c
      0000C3 EAr09r00               207 	ld	(#(_player + 1)),a
                                    208 ;src/player.c:50: player.y += player.dy;
      0000C6 21r0Ar00               209 	ld	hl, #(_player + 2)
      0000C9 4E                     210 	ld	c, (hl)
      0000CA FAr0Er00               211 	ld	a, (#(_player + 6) + 0)
      0000CD 81                     212 	add	a, c
      0000CE EAr0Ar00               213 	ld	(#(_player + 2)),a
                                    214 ;src/player.c:51: }
      0000D1 C9                     215 	ret
                                    216 ;src/player.c:53: void playerDraw(){
                                    217 ;	---------------------------------
                                    218 ; Function playerDraw
                                    219 ; ---------------------------------
      0000D2                        220 _playerDraw::
                                    221 ;src/player.c:54: set_sprite_tile(0, player.sp);
      0000D2 21r08r00               222 	ld	hl, #_player
      0000D5 4E                     223 	ld	c, (hl)
                                    224 ;c:/gbdk/include/gb/gb.h:1447: shadow_OAM[nb].tile=tile;
      0000D6 21r02r00               225 	ld	hl, #(_shadow_OAM + 2)
      0000D9 71                     226 	ld	(hl), c
                                    227 ;src/player.c:54: set_sprite_tile(0, player.sp);
                                    228 ;src/player.c:55: }
      0000DA C9                     229 	ret
                                    230 ;main.c:10: void Load(){
                                    231 ;	---------------------------------
                                    232 ; Function Load
                                    233 ; ---------------------------------
      0000DB                        234 _Load::
                                    235 ;main.c:11: set_bkg_data(0, 7, tileset);
      0000DB 11r00r00               236 	ld	de, #_tileset
      0000DE D5                     237 	push	de
      0000DF 21 00 07               238 	ld	hl, #0x700
      0000E2 E5                     239 	push	hl
      0000E3 CDr00r00               240 	call	_set_bkg_data
      0000E6 E8 04                  241 	add	sp, #4
                                    242 ;main.c:12: playerLoad();
      0000E8 CDr00r00               243 	call	_playerLoad
                                    244 ;main.c:14: SHOW_SPRITES;
      0000EB F0r00                  245 	ldh	a, (_LCDC_REG + 0)
      0000ED F6 02                  246 	or	a, #0x02
      0000EF E0r00                  247 	ldh	(_LCDC_REG + 0), a
                                    248 ;main.c:15: SHOW_BKG;
      0000F1 F0r00                  249 	ldh	a, (_LCDC_REG + 0)
      0000F3 F6 01                  250 	or	a, #0x01
      0000F5 E0r00                  251 	ldh	(_LCDC_REG + 0), a
                                    252 ;main.c:16: DISPLAY_ON;
      0000F7 F0r00                  253 	ldh	a, (_LCDC_REG + 0)
      0000F9 F6 80                  254 	or	a, #0x80
      0000FB E0r00                  255 	ldh	(_LCDC_REG + 0), a
                                    256 ;main.c:18: }
      0000FD C9                     257 	ret
                                    258 ;main.c:20: void Update(){
                                    259 ;	---------------------------------
                                    260 ; Function Update
                                    261 ; ---------------------------------
      0000FE                        262 _Update::
                                    263 ;main.c:25: set_bkg_tiles(0, 0, map1Width, map1Height, map1); // map 1
      0000FE 11r70r00               264 	ld	de, #_map1
      000101 D5                     265 	push	de
      000102 21 14 12               266 	ld	hl, #0x1214
      000105 E5                     267 	push	hl
      000106 AF                     268 	xor	a, a
      000107 0F                     269 	rrca
      000108 F5                     270 	push	af
      000109 CDr00r00               271 	call	_set_bkg_tiles
      00010C E8 06                  272 	add	sp, #6
                                    273 ;main.c:26: playerUpdate();
      00010E CDr27r00               274 	call	_playerUpdate
                                    275 ;main.c:28: delay(70);
      000111 11 46 00               276 	ld	de, #0x0046
      000114 D5                     277 	push	de
      000115 CDr00r00               278 	call	_delay
      000118 E1                     279 	pop	hl
                                    280 ;main.c:29: }
      000119 C9                     281 	ret
                                    282 ;main.c:31: void Draw(){
                                    283 ;	---------------------------------
                                    284 ; Function Draw
                                    285 ; ---------------------------------
      00011A                        286 _Draw::
                                    287 ;main.c:32: playerDraw();
                                    288 ;main.c:33: }
      00011A C3rD2r00               289 	jp	_playerDraw
                                    290 ;main.c:35: void main(){
                                    291 ;	---------------------------------
                                    292 ; Function main
                                    293 ; ---------------------------------
      00011D                        294 _main::
                                    295 ;main.c:36: Load();
      00011D CDrDBr00               296 	call	_Load
                                    297 ;main.c:38: while(1){
      000120                        298 00102$:
                                    299 ;main.c:39: Update();
      000120 CDrFEr00               300 	call	_Update
                                    301 ;main.c:40: Draw();
      000123 CDr1Ar01               302 	call	_Draw
                                    303 ;main.c:44: }
      000126 18 F8                  304 	jr	00102$
                                    305 	.area _CODE
                                    306 	.area _INITIALIZER
      000000                        307 __xinit__tileset:
      000000 00                     308 	.db #0x00	; 0
      000001 00                     309 	.db #0x00	; 0
      000002 00                     310 	.db #0x00	; 0
      000003 00                     311 	.db #0x00	; 0
      000004 00                     312 	.db #0x00	; 0
      000005 00                     313 	.db #0x00	; 0
      000006 00                     314 	.db #0x00	; 0
      000007 00                     315 	.db #0x00	; 0
      000008 00                     316 	.db #0x00	; 0
      000009 00                     317 	.db #0x00	; 0
      00000A 00                     318 	.db #0x00	; 0
      00000B 00                     319 	.db #0x00	; 0
      00000C 00                     320 	.db #0x00	; 0
      00000D 00                     321 	.db #0x00	; 0
      00000E 00                     322 	.db #0x00	; 0
      00000F 00                     323 	.db #0x00	; 0
      000010 A0                     324 	.db #0xa0	; 160
      000011 00                     325 	.db #0x00	; 0
      000012 40                     326 	.db #0x40	; 64
      000013 00                     327 	.db #0x00	; 0
      000014 40                     328 	.db #0x40	; 64
      000015 00                     329 	.db #0x00	; 0
      000016 0A                     330 	.db #0x0a	; 10
      000017 00                     331 	.db #0x00	; 0
      000018 04                     332 	.db #0x04	; 4
      000019 00                     333 	.db #0x00	; 0
      00001A 04                     334 	.db #0x04	; 4
      00001B 00                     335 	.db #0x00	; 0
      00001C 00                     336 	.db #0x00	; 0
      00001D 00                     337 	.db #0x00	; 0
      00001E 00                     338 	.db #0x00	; 0
      00001F 00                     339 	.db #0x00	; 0
      000020 00                     340 	.db #0x00	; 0
      000021 00                     341 	.db #0x00	; 0
      000022 00                     342 	.db #0x00	; 0
      000023 00                     343 	.db #0x00	; 0
      000024 40                     344 	.db #0x40	; 64
      000025 00                     345 	.db #0x00	; 0
      000026 00                     346 	.db #0x00	; 0
      000027 00                     347 	.db #0x00	; 0
      000028 00                     348 	.db #0x00	; 0
      000029 00                     349 	.db #0x00	; 0
      00002A 04                     350 	.db #0x04	; 4
      00002B 00                     351 	.db #0x00	; 0
      00002C 00                     352 	.db #0x00	; 0
      00002D 00                     353 	.db #0x00	; 0
      00002E 00                     354 	.db #0x00	; 0
      00002F 00                     355 	.db #0x00	; 0
      000030 00                     356 	.db #0x00	; 0
      000031 00                     357 	.db #0x00	; 0
      000032 00                     358 	.db #0x00	; 0
      000033 00                     359 	.db #0x00	; 0
      000034 00                     360 	.db #0x00	; 0
      000035 00                     361 	.db #0x00	; 0
      000036 00                     362 	.db #0x00	; 0
      000037 00                     363 	.db #0x00	; 0
      000038 00                     364 	.db #0x00	; 0
      000039 00                     365 	.db #0x00	; 0
      00003A 00                     366 	.db #0x00	; 0
      00003B 00                     367 	.db #0x00	; 0
      00003C 45                     368 	.db #0x45	; 69	'E'
      00003D 00                     369 	.db #0x00	; 0
      00003E BA                     370 	.db #0xba	; 186
      00003F 45                     371 	.db #0x45	; 69	'E'
      000040 42                     372 	.db #0x42	; 66	'B'
      000041 9C                     373 	.db #0x9c	; 156
      000042 21                     374 	.db #0x21	; 33
      000043 C6                     375 	.db #0xc6	; 198
      000044 39                     376 	.db #0x39	; 57	'9'
      000045 C2                     377 	.db #0xc2	; 194
      000046 04                     378 	.db #0x04	; 4
      000047 FB                     379 	.db #0xfb	; 251
      000048 00                     380 	.db #0x00	; 0
      000049 3F                     381 	.db #0x3f	; 63
      00004A C4                     382 	.db #0xc4	; 196
      00004B 19                     383 	.db #0x19	; 25
      00004C 26                     384 	.db #0x26	; 38
      00004D D8                     385 	.db #0xd8	; 216
      00004E 01                     386 	.db #0x01	; 1
      00004F FE                     387 	.db #0xfe	; 254
      000050 42                     388 	.db #0x42	; 66	'B'
      000051 9C                     389 	.db #0x9c	; 156
      000052 21                     390 	.db #0x21	; 33
      000053 C6                     391 	.db #0xc6	; 198
      000054 39                     392 	.db #0x39	; 57	'9'
      000055 C2                     393 	.db #0xc2	; 194
      000056 AE                     394 	.db #0xae	; 174
      000057 FB                     395 	.db #0xfb	; 251
      000058 55                     396 	.db #0x55	; 85	'U'
      000059 7F                     397 	.db #0x7f	; 127
      00005A EE                     398 	.db #0xee	; 238
      00005B BB                     399 	.db #0xbb	; 187
      00005C FF                     400 	.db #0xff	; 255
      00005D FF                     401 	.db #0xff	; 255
      00005E FF                     402 	.db #0xff	; 255
      00005F FF                     403 	.db #0xff	; 255
      000060 FF                     404 	.db #0xff	; 255
      000061 FF                     405 	.db #0xff	; 255
      000062 FF                     406 	.db #0xff	; 255
      000063 FF                     407 	.db #0xff	; 255
      000064 FF                     408 	.db #0xff	; 255
      000065 FF                     409 	.db #0xff	; 255
      000066 FF                     410 	.db #0xff	; 255
      000067 FF                     411 	.db #0xff	; 255
      000068 FF                     412 	.db #0xff	; 255
      000069 FF                     413 	.db #0xff	; 255
      00006A FF                     414 	.db #0xff	; 255
      00006B FF                     415 	.db #0xff	; 255
      00006C FF                     416 	.db #0xff	; 255
      00006D FF                     417 	.db #0xff	; 255
      00006E FF                     418 	.db #0xff	; 255
      00006F FF                     419 	.db #0xff	; 255
      000070                        420 __xinit__map1:
      000070 01                     421 	.db #0x01	; 1
      000071 01                     422 	.db #0x01	; 1
      000072 01                     423 	.db #0x01	; 1
      000073 00                     424 	.db #0x00	; 0
      000074 00                     425 	.db #0x00	; 0
      000075 00                     426 	.db #0x00	; 0
      000076 00                     427 	.db #0x00	; 0
      000077 00                     428 	.db #0x00	; 0
      000078 00                     429 	.db #0x00	; 0
      000079 01                     430 	.db #0x01	; 1
      00007A 01                     431 	.db #0x01	; 1
      00007B 01                     432 	.db #0x01	; 1
      00007C 00                     433 	.db #0x00	; 0
      00007D 00                     434 	.db #0x00	; 0
      00007E 00                     435 	.db #0x00	; 0
      00007F 02                     436 	.db #0x02	; 2
      000080 02                     437 	.db #0x02	; 2
      000081 02                     438 	.db #0x02	; 2
      000082 01                     439 	.db #0x01	; 1
      000083 01                     440 	.db #0x01	; 1
      000084 01                     441 	.db #0x01	; 1
      000085 01                     442 	.db #0x01	; 1
      000086 00                     443 	.db #0x00	; 0
      000087 00                     444 	.db #0x00	; 0
      000088 01                     445 	.db #0x01	; 1
      000089 01                     446 	.db #0x01	; 1
      00008A 00                     447 	.db #0x00	; 0
      00008B 00                     448 	.db #0x00	; 0
      00008C 00                     449 	.db #0x00	; 0
      00008D 00                     450 	.db #0x00	; 0
      00008E 00                     451 	.db #0x00	; 0
      00008F 00                     452 	.db #0x00	; 0
      000090 01                     453 	.db #0x01	; 1
      000091 02                     454 	.db #0x02	; 2
      000092 00                     455 	.db #0x00	; 0
      000093 02                     456 	.db #0x02	; 2
      000094 01                     457 	.db #0x01	; 1
      000095 02                     458 	.db #0x02	; 2
      000096 01                     459 	.db #0x01	; 1
      000097 01                     460 	.db #0x01	; 1
      000098 01                     461 	.db #0x01	; 1
      000099 01                     462 	.db #0x01	; 1
      00009A 00                     463 	.db #0x00	; 0
      00009B 02                     464 	.db #0x02	; 2
      00009C 02                     465 	.db #0x02	; 2
      00009D 02                     466 	.db #0x02	; 2
      00009E 01                     467 	.db #0x01	; 1
      00009F 01                     468 	.db #0x01	; 1
      0000A0 02                     469 	.db #0x02	; 2
      0000A1 00                     470 	.db #0x00	; 0
      0000A2 00                     471 	.db #0x00	; 0
      0000A3 02                     472 	.db #0x02	; 2
      0000A4 01                     473 	.db #0x01	; 1
      0000A5 01                     474 	.db #0x01	; 1
      0000A6 00                     475 	.db #0x00	; 0
      0000A7 02                     476 	.db #0x02	; 2
      0000A8 02                     477 	.db #0x02	; 2
      0000A9 02                     478 	.db #0x02	; 2
      0000AA 01                     479 	.db #0x01	; 1
      0000AB 02                     480 	.db #0x02	; 2
      0000AC 01                     481 	.db #0x01	; 1
      0000AD 01                     482 	.db #0x01	; 1
      0000AE 00                     483 	.db #0x00	; 0
      0000AF 02                     484 	.db #0x02	; 2
      0000B0 02                     485 	.db #0x02	; 2
      0000B1 02                     486 	.db #0x02	; 2
      0000B2 02                     487 	.db #0x02	; 2
      0000B3 02                     488 	.db #0x02	; 2
      0000B4 02                     489 	.db #0x02	; 2
      0000B5 00                     490 	.db #0x00	; 0
      0000B6 01                     491 	.db #0x01	; 1
      0000B7 02                     492 	.db #0x02	; 2
      0000B8 01                     493 	.db #0x01	; 1
      0000B9 02                     494 	.db #0x02	; 2
      0000BA 00                     495 	.db #0x00	; 0
      0000BB 01                     496 	.db #0x01	; 1
      0000BC 02                     497 	.db #0x02	; 2
      0000BD 02                     498 	.db #0x02	; 2
      0000BE 02                     499 	.db #0x02	; 2
      0000BF 02                     500 	.db #0x02	; 2
      0000C0 01                     501 	.db #0x01	; 1
      0000C1 02                     502 	.db #0x02	; 2
      0000C2 00                     503 	.db #0x00	; 0
      0000C3 02                     504 	.db #0x02	; 2
      0000C4 01                     505 	.db #0x01	; 1
      0000C5 01                     506 	.db #0x01	; 1
      0000C6 02                     507 	.db #0x02	; 2
      0000C7 02                     508 	.db #0x02	; 2
      0000C8 02                     509 	.db #0x02	; 2
      0000C9 02                     510 	.db #0x02	; 2
      0000CA 01                     511 	.db #0x01	; 1
      0000CB 01                     512 	.db #0x01	; 1
      0000CC 02                     513 	.db #0x02	; 2
      0000CD 02                     514 	.db #0x02	; 2
      0000CE 00                     515 	.db #0x00	; 0
      0000CF 01                     516 	.db #0x01	; 1
      0000D0 02                     517 	.db #0x02	; 2
      0000D1 02                     518 	.db #0x02	; 2
      0000D2 02                     519 	.db #0x02	; 2
      0000D3 02                     520 	.db #0x02	; 2
      0000D4 01                     521 	.db #0x01	; 1
      0000D5 02                     522 	.db #0x02	; 2
      0000D6 00                     523 	.db #0x00	; 0
      0000D7 02                     524 	.db #0x02	; 2
      0000D8 01                     525 	.db #0x01	; 1
      0000D9 01                     526 	.db #0x01	; 1
      0000DA 02                     527 	.db #0x02	; 2
      0000DB 02                     528 	.db #0x02	; 2
      0000DC 02                     529 	.db #0x02	; 2
      0000DD 00                     530 	.db #0x00	; 0
      0000DE 00                     531 	.db #0x00	; 0
      0000DF 01                     532 	.db #0x01	; 1
      0000E0 02                     533 	.db #0x02	; 2
      0000E1 02                     534 	.db #0x02	; 2
      0000E2 02                     535 	.db #0x02	; 2
      0000E3 00                     536 	.db #0x00	; 0
      0000E4 02                     537 	.db #0x02	; 2
      0000E5 02                     538 	.db #0x02	; 2
      0000E6 01                     539 	.db #0x01	; 1
      0000E7 02                     540 	.db #0x02	; 2
      0000E8 02                     541 	.db #0x02	; 2
      0000E9 02                     542 	.db #0x02	; 2
      0000EA 00                     543 	.db #0x00	; 0
      0000EB 00                     544 	.db #0x00	; 0
      0000EC 00                     545 	.db #0x00	; 0
      0000ED 00                     546 	.db #0x00	; 0
      0000EE 01                     547 	.db #0x01	; 1
      0000EF 02                     548 	.db #0x02	; 2
      0000F0 00                     549 	.db #0x00	; 0
      0000F1 01                     550 	.db #0x01	; 1
      0000F2 00                     551 	.db #0x00	; 0
      0000F3 02                     552 	.db #0x02	; 2
      0000F4 02                     553 	.db #0x02	; 2
      0000F5 02                     554 	.db #0x02	; 2
      0000F6 02                     555 	.db #0x02	; 2
      0000F7 00                     556 	.db #0x00	; 0
      0000F8 02                     557 	.db #0x02	; 2
      0000F9 01                     558 	.db #0x01	; 1
      0000FA 01                     559 	.db #0x01	; 1
      0000FB 01                     560 	.db #0x01	; 1
      0000FC 02                     561 	.db #0x02	; 2
      0000FD 01                     562 	.db #0x01	; 1
      0000FE 00                     563 	.db #0x00	; 0
      0000FF 00                     564 	.db #0x00	; 0
      000100 02                     565 	.db #0x02	; 2
      000101 00                     566 	.db #0x00	; 0
      000102 02                     567 	.db #0x02	; 2
      000103 02                     568 	.db #0x02	; 2
      000104 00                     569 	.db #0x00	; 0
      000105 01                     570 	.db #0x01	; 1
      000106 01                     571 	.db #0x01	; 1
      000107 02                     572 	.db #0x02	; 2
      000108 02                     573 	.db #0x02	; 2
      000109 02                     574 	.db #0x02	; 2
      00010A 00                     575 	.db #0x00	; 0
      00010B 00                     576 	.db #0x00	; 0
      00010C 00                     577 	.db #0x00	; 0
      00010D 02                     578 	.db #0x02	; 2
      00010E 02                     579 	.db #0x02	; 2
      00010F 00                     580 	.db #0x00	; 0
      000110 02                     581 	.db #0x02	; 2
      000111 02                     582 	.db #0x02	; 2
      000112 01                     583 	.db #0x01	; 1
      000113 02                     584 	.db #0x02	; 2
      000114 01                     585 	.db #0x01	; 1
      000115 00                     586 	.db #0x00	; 0
      000116 01                     587 	.db #0x01	; 1
      000117 00                     588 	.db #0x00	; 0
      000118 00                     589 	.db #0x00	; 0
      000119 01                     590 	.db #0x01	; 1
      00011A 01                     591 	.db #0x01	; 1
      00011B 02                     592 	.db #0x02	; 2
      00011C 01                     593 	.db #0x01	; 1
      00011D 02                     594 	.db #0x02	; 2
      00011E 01                     595 	.db #0x01	; 1
      00011F 01                     596 	.db #0x01	; 1
      000120 00                     597 	.db #0x00	; 0
      000121 01                     598 	.db #0x01	; 1
      000122 00                     599 	.db #0x00	; 0
      000123 00                     600 	.db #0x00	; 0
      000124 02                     601 	.db #0x02	; 2
      000125 02                     602 	.db #0x02	; 2
      000126 01                     603 	.db #0x01	; 1
      000127 02                     604 	.db #0x02	; 2
      000128 01                     605 	.db #0x01	; 1
      000129 00                     606 	.db #0x00	; 0
      00012A 00                     607 	.db #0x00	; 0
      00012B 00                     608 	.db #0x00	; 0
      00012C 02                     609 	.db #0x02	; 2
      00012D 01                     610 	.db #0x01	; 1
      00012E 02                     611 	.db #0x02	; 2
      00012F 01                     612 	.db #0x01	; 1
      000130 01                     613 	.db #0x01	; 1
      000131 02                     614 	.db #0x02	; 2
      000132 02                     615 	.db #0x02	; 2
      000133 01                     616 	.db #0x01	; 1
      000134 00                     617 	.db #0x00	; 0
      000135 00                     618 	.db #0x00	; 0
      000136 00                     619 	.db #0x00	; 0
      000137 01                     620 	.db #0x01	; 1
      000138 01                     621 	.db #0x01	; 1
      000139 01                     622 	.db #0x01	; 1
      00013A 01                     623 	.db #0x01	; 1
      00013B 01                     624 	.db #0x01	; 1
      00013C 02                     625 	.db #0x02	; 2
      00013D 01                     626 	.db #0x01	; 1
      00013E 01                     627 	.db #0x01	; 1
      00013F 02                     628 	.db #0x02	; 2
      000140 02                     629 	.db #0x02	; 2
      000141 01                     630 	.db #0x01	; 1
      000142 02                     631 	.db #0x02	; 2
      000143 01                     632 	.db #0x01	; 1
      000144 01                     633 	.db #0x01	; 1
      000145 01                     634 	.db #0x01	; 1
      000146 02                     635 	.db #0x02	; 2
      000147 02                     636 	.db #0x02	; 2
      000148 01                     637 	.db #0x01	; 1
      000149 00                     638 	.db #0x00	; 0
      00014A 00                     639 	.db #0x00	; 0
      00014B 02                     640 	.db #0x02	; 2
      00014C 01                     641 	.db #0x01	; 1
      00014D 01                     642 	.db #0x01	; 1
      00014E 01                     643 	.db #0x01	; 1
      00014F 01                     644 	.db #0x01	; 1
      000150 02                     645 	.db #0x02	; 2
      000151 02                     646 	.db #0x02	; 2
      000152 02                     647 	.db #0x02	; 2
      000153 02                     648 	.db #0x02	; 2
      000154 02                     649 	.db #0x02	; 2
      000155 02                     650 	.db #0x02	; 2
      000156 01                     651 	.db #0x01	; 1
      000157 02                     652 	.db #0x02	; 2
      000158 01                     653 	.db #0x01	; 1
      000159 01                     654 	.db #0x01	; 1
      00015A 02                     655 	.db #0x02	; 2
      00015B 02                     656 	.db #0x02	; 2
      00015C 02                     657 	.db #0x02	; 2
      00015D 01                     658 	.db #0x01	; 1
      00015E 01                     659 	.db #0x01	; 1
      00015F 01                     660 	.db #0x01	; 1
      000160 03                     661 	.db #0x03	; 3
      000161 03                     662 	.db #0x03	; 3
      000162 03                     663 	.db #0x03	; 3
      000163 03                     664 	.db #0x03	; 3
      000164 03                     665 	.db #0x03	; 3
      000165 03                     666 	.db #0x03	; 3
      000166 03                     667 	.db #0x03	; 3
      000167 03                     668 	.db #0x03	; 3
      000168 03                     669 	.db #0x03	; 3
      000169 03                     670 	.db #0x03	; 3
      00016A 03                     671 	.db #0x03	; 3
      00016B 03                     672 	.db #0x03	; 3
      00016C 03                     673 	.db #0x03	; 3
      00016D 03                     674 	.db #0x03	; 3
      00016E 03                     675 	.db #0x03	; 3
      00016F 03                     676 	.db #0x03	; 3
      000170 03                     677 	.db #0x03	; 3
      000171 03                     678 	.db #0x03	; 3
      000172 03                     679 	.db #0x03	; 3
      000173 03                     680 	.db #0x03	; 3
      000174 04                     681 	.db #0x04	; 4
      000175 04                     682 	.db #0x04	; 4
      000176 04                     683 	.db #0x04	; 4
      000177 04                     684 	.db #0x04	; 4
      000178 04                     685 	.db #0x04	; 4
      000179 04                     686 	.db #0x04	; 4
      00017A 04                     687 	.db #0x04	; 4
      00017B 04                     688 	.db #0x04	; 4
      00017C 04                     689 	.db #0x04	; 4
      00017D 04                     690 	.db #0x04	; 4
      00017E 04                     691 	.db #0x04	; 4
      00017F 04                     692 	.db #0x04	; 4
      000180 04                     693 	.db #0x04	; 4
      000181 04                     694 	.db #0x04	; 4
      000182 04                     695 	.db #0x04	; 4
      000183 04                     696 	.db #0x04	; 4
      000184 04                     697 	.db #0x04	; 4
      000185 04                     698 	.db #0x04	; 4
      000186 04                     699 	.db #0x04	; 4
      000187 04                     700 	.db #0x04	; 4
      000188 04                     701 	.db #0x04	; 4
      000189 04                     702 	.db #0x04	; 4
      00018A 04                     703 	.db #0x04	; 4
      00018B 04                     704 	.db #0x04	; 4
      00018C 04                     705 	.db #0x04	; 4
      00018D 04                     706 	.db #0x04	; 4
      00018E 04                     707 	.db #0x04	; 4
      00018F 04                     708 	.db #0x04	; 4
      000190 04                     709 	.db #0x04	; 4
      000191 04                     710 	.db #0x04	; 4
      000192 04                     711 	.db #0x04	; 4
      000193 04                     712 	.db #0x04	; 4
      000194 04                     713 	.db #0x04	; 4
      000195 04                     714 	.db #0x04	; 4
      000196 04                     715 	.db #0x04	; 4
      000197 04                     716 	.db #0x04	; 4
      000198 04                     717 	.db #0x04	; 4
      000199 04                     718 	.db #0x04	; 4
      00019A 04                     719 	.db #0x04	; 4
      00019B 04                     720 	.db #0x04	; 4
      00019C 04                     721 	.db #0x04	; 4
      00019D 04                     722 	.db #0x04	; 4
      00019E 04                     723 	.db #0x04	; 4
      00019F 04                     724 	.db #0x04	; 4
      0001A0 04                     725 	.db #0x04	; 4
      0001A1 04                     726 	.db #0x04	; 4
      0001A2 04                     727 	.db #0x04	; 4
      0001A3 04                     728 	.db #0x04	; 4
      0001A4 04                     729 	.db #0x04	; 4
      0001A5 04                     730 	.db #0x04	; 4
      0001A6 04                     731 	.db #0x04	; 4
      0001A7 04                     732 	.db #0x04	; 4
      0001A8 04                     733 	.db #0x04	; 4
      0001A9 04                     734 	.db #0x04	; 4
      0001AA 04                     735 	.db #0x04	; 4
      0001AB 04                     736 	.db #0x04	; 4
      0001AC 04                     737 	.db #0x04	; 4
      0001AD 04                     738 	.db #0x04	; 4
      0001AE 04                     739 	.db #0x04	; 4
      0001AF 04                     740 	.db #0x04	; 4
      0001B0 05                     741 	.db #0x05	; 5
      0001B1 05                     742 	.db #0x05	; 5
      0001B2 05                     743 	.db #0x05	; 5
      0001B3 05                     744 	.db #0x05	; 5
      0001B4 05                     745 	.db #0x05	; 5
      0001B5 05                     746 	.db #0x05	; 5
      0001B6 05                     747 	.db #0x05	; 5
      0001B7 05                     748 	.db #0x05	; 5
      0001B8 05                     749 	.db #0x05	; 5
      0001B9 05                     750 	.db #0x05	; 5
      0001BA 05                     751 	.db #0x05	; 5
      0001BB 05                     752 	.db #0x05	; 5
      0001BC 05                     753 	.db #0x05	; 5
      0001BD 05                     754 	.db #0x05	; 5
      0001BE 05                     755 	.db #0x05	; 5
      0001BF 05                     756 	.db #0x05	; 5
      0001C0 05                     757 	.db #0x05	; 5
      0001C1 05                     758 	.db #0x05	; 5
      0001C2 05                     759 	.db #0x05	; 5
      0001C3 05                     760 	.db #0x05	; 5
      0001C4 06                     761 	.db #0x06	; 6
      0001C5 06                     762 	.db #0x06	; 6
      0001C6 06                     763 	.db #0x06	; 6
      0001C7 06                     764 	.db #0x06	; 6
      0001C8 06                     765 	.db #0x06	; 6
      0001C9 06                     766 	.db #0x06	; 6
      0001CA 06                     767 	.db #0x06	; 6
      0001CB 06                     768 	.db #0x06	; 6
      0001CC 06                     769 	.db #0x06	; 6
      0001CD 06                     770 	.db #0x06	; 6
      0001CE 06                     771 	.db #0x06	; 6
      0001CF 06                     772 	.db #0x06	; 6
      0001D0 06                     773 	.db #0x06	; 6
      0001D1 06                     774 	.db #0x06	; 6
      0001D2 06                     775 	.db #0x06	; 6
      0001D3 06                     776 	.db #0x06	; 6
      0001D4 06                     777 	.db #0x06	; 6
      0001D5 06                     778 	.db #0x06	; 6
      0001D6 06                     779 	.db #0x06	; 6
      0001D7 06                     780 	.db #0x06	; 6
      0001D8                        781 __xinit__map2:
      0001D8 00                     782 	.db #0x00	; 0
      0001D9 00                     783 	.db #0x00	; 0
      0001DA 00                     784 	.db #0x00	; 0
      0001DB 00                     785 	.db #0x00	; 0
      0001DC 00                     786 	.db #0x00	; 0
      0001DD 00                     787 	.db #0x00	; 0
      0001DE 00                     788 	.db #0x00	; 0
      0001DF 00                     789 	.db #0x00	; 0
      0001E0 00                     790 	.db #0x00	; 0
      0001E1 00                     791 	.db #0x00	; 0
      0001E2 00                     792 	.db #0x00	; 0
      0001E3 00                     793 	.db #0x00	; 0
      0001E4 00                     794 	.db #0x00	; 0
      0001E5 00                     795 	.db #0x00	; 0
      0001E6 00                     796 	.db #0x00	; 0
      0001E7 00                     797 	.db #0x00	; 0
      0001E8 00                     798 	.db #0x00	; 0
      0001E9 00                     799 	.db #0x00	; 0
      0001EA 00                     800 	.db #0x00	; 0
      0001EB 00                     801 	.db #0x00	; 0
      0001EC 00                     802 	.db #0x00	; 0
      0001ED 00                     803 	.db #0x00	; 0
      0001EE 00                     804 	.db #0x00	; 0
      0001EF 00                     805 	.db #0x00	; 0
      0001F0 00                     806 	.db #0x00	; 0
      0001F1 00                     807 	.db #0x00	; 0
      0001F2 00                     808 	.db #0x00	; 0
      0001F3 00                     809 	.db #0x00	; 0
      0001F4 00                     810 	.db #0x00	; 0
      0001F5 00                     811 	.db #0x00	; 0
      0001F6 00                     812 	.db #0x00	; 0
      0001F7 00                     813 	.db #0x00	; 0
      0001F8 00                     814 	.db #0x00	; 0
      0001F9 00                     815 	.db #0x00	; 0
      0001FA 00                     816 	.db #0x00	; 0
      0001FB 00                     817 	.db #0x00	; 0
      0001FC 00                     818 	.db #0x00	; 0
      0001FD 00                     819 	.db #0x00	; 0
      0001FE 00                     820 	.db #0x00	; 0
      0001FF 00                     821 	.db #0x00	; 0
      000200 00                     822 	.db #0x00	; 0
      000201 00                     823 	.db #0x00	; 0
      000202 00                     824 	.db #0x00	; 0
      000203 00                     825 	.db #0x00	; 0
      000204 00                     826 	.db #0x00	; 0
      000205 00                     827 	.db #0x00	; 0
      000206 00                     828 	.db #0x00	; 0
      000207 00                     829 	.db #0x00	; 0
      000208 00                     830 	.db #0x00	; 0
      000209 00                     831 	.db #0x00	; 0
      00020A 00                     832 	.db #0x00	; 0
      00020B 00                     833 	.db #0x00	; 0
      00020C 00                     834 	.db #0x00	; 0
      00020D 00                     835 	.db #0x00	; 0
      00020E 00                     836 	.db #0x00	; 0
      00020F 00                     837 	.db #0x00	; 0
      000210 00                     838 	.db #0x00	; 0
      000211 00                     839 	.db #0x00	; 0
      000212 00                     840 	.db #0x00	; 0
      000213 00                     841 	.db #0x00	; 0
      000214 00                     842 	.db #0x00	; 0
      000215 00                     843 	.db #0x00	; 0
      000216 00                     844 	.db #0x00	; 0
      000217 00                     845 	.db #0x00	; 0
      000218 00                     846 	.db #0x00	; 0
      000219 00                     847 	.db #0x00	; 0
      00021A 00                     848 	.db #0x00	; 0
      00021B 00                     849 	.db #0x00	; 0
      00021C 00                     850 	.db #0x00	; 0
      00021D 00                     851 	.db #0x00	; 0
      00021E 00                     852 	.db #0x00	; 0
      00021F 00                     853 	.db #0x00	; 0
      000220 00                     854 	.db #0x00	; 0
      000221 00                     855 	.db #0x00	; 0
      000222 00                     856 	.db #0x00	; 0
      000223 00                     857 	.db #0x00	; 0
      000224 00                     858 	.db #0x00	; 0
      000225 00                     859 	.db #0x00	; 0
      000226 00                     860 	.db #0x00	; 0
      000227 00                     861 	.db #0x00	; 0
      000228 00                     862 	.db #0x00	; 0
      000229 00                     863 	.db #0x00	; 0
      00022A 00                     864 	.db #0x00	; 0
      00022B 00                     865 	.db #0x00	; 0
      00022C 00                     866 	.db #0x00	; 0
      00022D 00                     867 	.db #0x00	; 0
      00022E 00                     868 	.db #0x00	; 0
      00022F 00                     869 	.db #0x00	; 0
      000230 00                     870 	.db #0x00	; 0
      000231 00                     871 	.db #0x00	; 0
      000232 00                     872 	.db #0x00	; 0
      000233 00                     873 	.db #0x00	; 0
      000234 00                     874 	.db #0x00	; 0
      000235 00                     875 	.db #0x00	; 0
      000236 00                     876 	.db #0x00	; 0
      000237 00                     877 	.db #0x00	; 0
      000238 00                     878 	.db #0x00	; 0
      000239 00                     879 	.db #0x00	; 0
      00023A 00                     880 	.db #0x00	; 0
      00023B 00                     881 	.db #0x00	; 0
      00023C 00                     882 	.db #0x00	; 0
      00023D 00                     883 	.db #0x00	; 0
      00023E 00                     884 	.db #0x00	; 0
      00023F 00                     885 	.db #0x00	; 0
      000240 00                     886 	.db #0x00	; 0
      000241 00                     887 	.db #0x00	; 0
      000242 00                     888 	.db #0x00	; 0
      000243 00                     889 	.db #0x00	; 0
      000244 00                     890 	.db #0x00	; 0
      000245 00                     891 	.db #0x00	; 0
      000246 00                     892 	.db #0x00	; 0
      000247 00                     893 	.db #0x00	; 0
      000248 00                     894 	.db #0x00	; 0
      000249 00                     895 	.db #0x00	; 0
      00024A 00                     896 	.db #0x00	; 0
      00024B 00                     897 	.db #0x00	; 0
      00024C 00                     898 	.db #0x00	; 0
      00024D 00                     899 	.db #0x00	; 0
      00024E 00                     900 	.db #0x00	; 0
      00024F 00                     901 	.db #0x00	; 0
      000250 03                     902 	.db #0x03	; 3
      000251 03                     903 	.db #0x03	; 3
      000252 03                     904 	.db #0x03	; 3
      000253 03                     905 	.db #0x03	; 3
      000254 03                     906 	.db #0x03	; 3
      000255 03                     907 	.db #0x03	; 3
      000256 03                     908 	.db #0x03	; 3
      000257 03                     909 	.db #0x03	; 3
      000258 03                     910 	.db #0x03	; 3
      000259 03                     911 	.db #0x03	; 3
      00025A 03                     912 	.db #0x03	; 3
      00025B 03                     913 	.db #0x03	; 3
      00025C 03                     914 	.db #0x03	; 3
      00025D 03                     915 	.db #0x03	; 3
      00025E 03                     916 	.db #0x03	; 3
      00025F 03                     917 	.db #0x03	; 3
      000260 03                     918 	.db #0x03	; 3
      000261 03                     919 	.db #0x03	; 3
      000262 03                     920 	.db #0x03	; 3
      000263 03                     921 	.db #0x03	; 3
      000264 04                     922 	.db #0x04	; 4
      000265 04                     923 	.db #0x04	; 4
      000266 04                     924 	.db #0x04	; 4
      000267 04                     925 	.db #0x04	; 4
      000268 04                     926 	.db #0x04	; 4
      000269 04                     927 	.db #0x04	; 4
      00026A 04                     928 	.db #0x04	; 4
      00026B 04                     929 	.db #0x04	; 4
      00026C 04                     930 	.db #0x04	; 4
      00026D 04                     931 	.db #0x04	; 4
      00026E 04                     932 	.db #0x04	; 4
      00026F 04                     933 	.db #0x04	; 4
      000270 04                     934 	.db #0x04	; 4
      000271 04                     935 	.db #0x04	; 4
      000272 04                     936 	.db #0x04	; 4
      000273 04                     937 	.db #0x04	; 4
      000274 04                     938 	.db #0x04	; 4
      000275 04                     939 	.db #0x04	; 4
      000276 04                     940 	.db #0x04	; 4
      000277 04                     941 	.db #0x04	; 4
      000278 04                     942 	.db #0x04	; 4
      000279 04                     943 	.db #0x04	; 4
      00027A 04                     944 	.db #0x04	; 4
      00027B 04                     945 	.db #0x04	; 4
      00027C 04                     946 	.db #0x04	; 4
      00027D 04                     947 	.db #0x04	; 4
      00027E 04                     948 	.db #0x04	; 4
      00027F 04                     949 	.db #0x04	; 4
      000280 04                     950 	.db #0x04	; 4
      000281 04                     951 	.db #0x04	; 4
      000282 04                     952 	.db #0x04	; 4
      000283 04                     953 	.db #0x04	; 4
      000284 04                     954 	.db #0x04	; 4
      000285 04                     955 	.db #0x04	; 4
      000286 04                     956 	.db #0x04	; 4
      000287 04                     957 	.db #0x04	; 4
      000288 04                     958 	.db #0x04	; 4
      000289 04                     959 	.db #0x04	; 4
      00028A 04                     960 	.db #0x04	; 4
      00028B 04                     961 	.db #0x04	; 4
      00028C 05                     962 	.db #0x05	; 5
      00028D 05                     963 	.db #0x05	; 5
      00028E 05                     964 	.db #0x05	; 5
      00028F 05                     965 	.db #0x05	; 5
      000290 05                     966 	.db #0x05	; 5
      000291 05                     967 	.db #0x05	; 5
      000292 05                     968 	.db #0x05	; 5
      000293 05                     969 	.db #0x05	; 5
      000294 05                     970 	.db #0x05	; 5
      000295 05                     971 	.db #0x05	; 5
      000296 05                     972 	.db #0x05	; 5
      000297 05                     973 	.db #0x05	; 5
      000298 05                     974 	.db #0x05	; 5
      000299 05                     975 	.db #0x05	; 5
      00029A 05                     976 	.db #0x05	; 5
      00029B 05                     977 	.db #0x05	; 5
      00029C 05                     978 	.db #0x05	; 5
      00029D 05                     979 	.db #0x05	; 5
      00029E 05                     980 	.db #0x05	; 5
      00029F 05                     981 	.db #0x05	; 5
      0002A0 06                     982 	.db #0x06	; 6
      0002A1 06                     983 	.db #0x06	; 6
      0002A2 06                     984 	.db #0x06	; 6
      0002A3 06                     985 	.db #0x06	; 6
      0002A4 06                     986 	.db #0x06	; 6
      0002A5 06                     987 	.db #0x06	; 6
      0002A6 06                     988 	.db #0x06	; 6
      0002A7 06                     989 	.db #0x06	; 6
      0002A8 06                     990 	.db #0x06	; 6
      0002A9 06                     991 	.db #0x06	; 6
      0002AA 06                     992 	.db #0x06	; 6
      0002AB 06                     993 	.db #0x06	; 6
      0002AC 06                     994 	.db #0x06	; 6
      0002AD 06                     995 	.db #0x06	; 6
      0002AE 06                     996 	.db #0x06	; 6
      0002AF 06                     997 	.db #0x06	; 6
      0002B0 06                     998 	.db #0x06	; 6
      0002B1 06                     999 	.db #0x06	; 6
      0002B2 06                    1000 	.db #0x06	; 6
      0002B3 06                    1001 	.db #0x06	; 6
      0002B4 06                    1002 	.db #0x06	; 6
      0002B5 06                    1003 	.db #0x06	; 6
      0002B6 06                    1004 	.db #0x06	; 6
      0002B7 06                    1005 	.db #0x06	; 6
      0002B8 06                    1006 	.db #0x06	; 6
      0002B9 06                    1007 	.db #0x06	; 6
      0002BA 06                    1008 	.db #0x06	; 6
      0002BB 06                    1009 	.db #0x06	; 6
      0002BC 06                    1010 	.db #0x06	; 6
      0002BD 06                    1011 	.db #0x06	; 6
      0002BE 06                    1012 	.db #0x06	; 6
      0002BF 06                    1013 	.db #0x06	; 6
      0002C0 06                    1014 	.db #0x06	; 6
      0002C1 06                    1015 	.db #0x06	; 6
      0002C2 06                    1016 	.db #0x06	; 6
      0002C3 06                    1017 	.db #0x06	; 6
      0002C4 06                    1018 	.db #0x06	; 6
      0002C5 06                    1019 	.db #0x06	; 6
      0002C6 06                    1020 	.db #0x06	; 6
      0002C7 06                    1021 	.db #0x06	; 6
      0002C8 06                    1022 	.db #0x06	; 6
      0002C9 06                    1023 	.db #0x06	; 6
      0002CA 06                    1024 	.db #0x06	; 6
      0002CB 06                    1025 	.db #0x06	; 6
      0002CC 06                    1026 	.db #0x06	; 6
      0002CD 06                    1027 	.db #0x06	; 6
      0002CE 06                    1028 	.db #0x06	; 6
      0002CF 06                    1029 	.db #0x06	; 6
      0002D0 06                    1030 	.db #0x06	; 6
      0002D1 06                    1031 	.db #0x06	; 6
      0002D2 06                    1032 	.db #0x06	; 6
      0002D3 06                    1033 	.db #0x06	; 6
      0002D4 06                    1034 	.db #0x06	; 6
      0002D5 06                    1035 	.db #0x06	; 6
      0002D6 06                    1036 	.db #0x06	; 6
      0002D7 06                    1037 	.db #0x06	; 6
      0002D8 06                    1038 	.db #0x06	; 6
      0002D9 06                    1039 	.db #0x06	; 6
      0002DA 06                    1040 	.db #0x06	; 6
      0002DB 06                    1041 	.db #0x06	; 6
      0002DC 06                    1042 	.db #0x06	; 6
      0002DD 06                    1043 	.db #0x06	; 6
      0002DE 06                    1044 	.db #0x06	; 6
      0002DF 06                    1045 	.db #0x06	; 6
      0002E0 06                    1046 	.db #0x06	; 6
      0002E1 06                    1047 	.db #0x06	; 6
      0002E2 06                    1048 	.db #0x06	; 6
      0002E3 06                    1049 	.db #0x06	; 6
      0002E4 06                    1050 	.db #0x06	; 6
      0002E5 06                    1051 	.db #0x06	; 6
      0002E6 06                    1052 	.db #0x06	; 6
      0002E7 06                    1053 	.db #0x06	; 6
      0002E8 06                    1054 	.db #0x06	; 6
      0002E9 06                    1055 	.db #0x06	; 6
      0002EA 06                    1056 	.db #0x06	; 6
      0002EB 06                    1057 	.db #0x06	; 6
      0002EC 06                    1058 	.db #0x06	; 6
      0002ED 06                    1059 	.db #0x06	; 6
      0002EE 06                    1060 	.db #0x06	; 6
      0002EF 06                    1061 	.db #0x06	; 6
      0002F0 06                    1062 	.db #0x06	; 6
      0002F1 06                    1063 	.db #0x06	; 6
      0002F2 06                    1064 	.db #0x06	; 6
      0002F3 06                    1065 	.db #0x06	; 6
      0002F4 06                    1066 	.db #0x06	; 6
      0002F5 06                    1067 	.db #0x06	; 6
      0002F6 06                    1068 	.db #0x06	; 6
      0002F7 06                    1069 	.db #0x06	; 6
      0002F8 06                    1070 	.db #0x06	; 6
      0002F9 06                    1071 	.db #0x06	; 6
      0002FA 06                    1072 	.db #0x06	; 6
      0002FB 06                    1073 	.db #0x06	; 6
      0002FC 06                    1074 	.db #0x06	; 6
      0002FD 06                    1075 	.db #0x06	; 6
      0002FE 06                    1076 	.db #0x06	; 6
      0002FF 06                    1077 	.db #0x06	; 6
      000300 06                    1078 	.db #0x06	; 6
      000301 06                    1079 	.db #0x06	; 6
      000302 06                    1080 	.db #0x06	; 6
      000303 06                    1081 	.db #0x06	; 6
      000304 06                    1082 	.db #0x06	; 6
      000305 06                    1083 	.db #0x06	; 6
      000306 06                    1084 	.db #0x06	; 6
      000307 06                    1085 	.db #0x06	; 6
      000308 06                    1086 	.db #0x06	; 6
      000309 06                    1087 	.db #0x06	; 6
      00030A 06                    1088 	.db #0x06	; 6
      00030B 06                    1089 	.db #0x06	; 6
      00030C 06                    1090 	.db #0x06	; 6
      00030D 06                    1091 	.db #0x06	; 6
      00030E 06                    1092 	.db #0x06	; 6
      00030F 06                    1093 	.db #0x06	; 6
      000310 06                    1094 	.db #0x06	; 6
      000311 06                    1095 	.db #0x06	; 6
      000312 06                    1096 	.db #0x06	; 6
      000313 06                    1097 	.db #0x06	; 6
      000314 06                    1098 	.db #0x06	; 6
      000315 06                    1099 	.db #0x06	; 6
      000316 06                    1100 	.db #0x06	; 6
      000317 06                    1101 	.db #0x06	; 6
      000318 06                    1102 	.db #0x06	; 6
      000319 06                    1103 	.db #0x06	; 6
      00031A 06                    1104 	.db #0x06	; 6
      00031B 06                    1105 	.db #0x06	; 6
      00031C 06                    1106 	.db #0x06	; 6
      00031D 06                    1107 	.db #0x06	; 6
      00031E 06                    1108 	.db #0x06	; 6
      00031F 06                    1109 	.db #0x06	; 6
      000320 06                    1110 	.db #0x06	; 6
      000321 06                    1111 	.db #0x06	; 6
      000322 06                    1112 	.db #0x06	; 6
      000323 06                    1113 	.db #0x06	; 6
      000324 06                    1114 	.db #0x06	; 6
      000325 06                    1115 	.db #0x06	; 6
      000326 06                    1116 	.db #0x06	; 6
      000327 06                    1117 	.db #0x06	; 6
      000328 06                    1118 	.db #0x06	; 6
      000329 06                    1119 	.db #0x06	; 6
      00032A 06                    1120 	.db #0x06	; 6
      00032B 06                    1121 	.db #0x06	; 6
      00032C 06                    1122 	.db #0x06	; 6
      00032D 06                    1123 	.db #0x06	; 6
      00032E 06                    1124 	.db #0x06	; 6
      00032F 06                    1125 	.db #0x06	; 6
      000330 06                    1126 	.db #0x06	; 6
      000331 06                    1127 	.db #0x06	; 6
      000332 06                    1128 	.db #0x06	; 6
      000333 06                    1129 	.db #0x06	; 6
      000334 06                    1130 	.db #0x06	; 6
      000335 06                    1131 	.db #0x06	; 6
      000336 06                    1132 	.db #0x06	; 6
      000337 06                    1133 	.db #0x06	; 6
      000338 06                    1134 	.db #0x06	; 6
      000339 06                    1135 	.db #0x06	; 6
      00033A 06                    1136 	.db #0x06	; 6
      00033B 06                    1137 	.db #0x06	; 6
      00033C 06                    1138 	.db #0x06	; 6
      00033D 06                    1139 	.db #0x06	; 6
      00033E 06                    1140 	.db #0x06	; 6
      00033F 06                    1141 	.db #0x06	; 6
      000340                       1142 __xinit__player_sprites:
      000340 7E                    1143 	.db #0x7e	; 126
      000341 7E                    1144 	.db #0x7e	; 126
      000342 FF                    1145 	.db #0xff	; 255
      000343 81                    1146 	.db #0x81	; 129
      000344 FF                    1147 	.db #0xff	; 255
      000345 A5                    1148 	.db #0xa5	; 165
      000346 FF                    1149 	.db #0xff	; 255
      000347 A5                    1150 	.db #0xa5	; 165
      000348 DB                    1151 	.db #0xdb	; 219
      000349 A5                    1152 	.db #0xa5	; 165
      00034A FF                    1153 	.db #0xff	; 255
      00034B 99                    1154 	.db #0x99	; 153
      00034C FF                    1155 	.db #0xff	; 255
      00034D 81                    1156 	.db #0x81	; 129
      00034E 7E                    1157 	.db #0x7e	; 126
      00034F 7E                    1158 	.db #0x7e	; 126
      000350 7E                    1159 	.db #0x7e	; 126
      000351 7E                    1160 	.db #0x7e	; 126
      000352 FF                    1161 	.db #0xff	; 255
      000353 81                    1162 	.db #0x81	; 129
      000354 FF                    1163 	.db #0xff	; 255
      000355 A1                    1164 	.db #0xa1	; 161
      000356 FF                    1165 	.db #0xff	; 255
      000357 A1                    1166 	.db #0xa1	; 161
      000358 DF                    1167 	.db #0xdf	; 223
      000359 A1                    1168 	.db #0xa1	; 161
      00035A FF                    1169 	.db #0xff	; 255
      00035B C1                    1170 	.db #0xc1	; 193
      00035C FF                    1171 	.db #0xff	; 255
      00035D 81                    1172 	.db #0x81	; 129
      00035E 7E                    1173 	.db #0x7e	; 126
      00035F 7E                    1174 	.db #0x7e	; 126
      000360 7E                    1175 	.db #0x7e	; 126
      000361 7E                    1176 	.db #0x7e	; 126
      000362 FF                    1177 	.db #0xff	; 255
      000363 81                    1178 	.db #0x81	; 129
      000364 FF                    1179 	.db #0xff	; 255
      000365 85                    1180 	.db #0x85	; 133
      000366 FF                    1181 	.db #0xff	; 255
      000367 85                    1182 	.db #0x85	; 133
      000368 FB                    1183 	.db #0xfb	; 251
      000369 85                    1184 	.db #0x85	; 133
      00036A FF                    1185 	.db #0xff	; 255
      00036B 83                    1186 	.db #0x83	; 131
      00036C FF                    1187 	.db #0xff	; 255
      00036D 81                    1188 	.db #0x81	; 129
      00036E 7E                    1189 	.db #0x7e	; 126
      00036F 7E                    1190 	.db #0x7e	; 126
      000370 7E                    1191 	.db #0x7e	; 126
      000371 7E                    1192 	.db #0x7e	; 126
      000372 FF                    1193 	.db #0xff	; 255
      000373 81                    1194 	.db #0x81	; 129
      000374 FF                    1195 	.db #0xff	; 255
      000375 81                    1196 	.db #0x81	; 129
      000376 FF                    1197 	.db #0xff	; 255
      000377 81                    1198 	.db #0x81	; 129
      000378 FF                    1199 	.db #0xff	; 255
      000379 81                    1200 	.db #0x81	; 129
      00037A FF                    1201 	.db #0xff	; 255
      00037B 81                    1202 	.db #0x81	; 129
      00037C FF                    1203 	.db #0xff	; 255
      00037D 81                    1204 	.db #0x81	; 129
      00037E 7E                    1205 	.db #0x7e	; 126
      00037F 7E                    1206 	.db #0x7e	; 126
      000380 00                    1207 	.db #0x00	; 0
      000381 00                    1208 	.db #0x00	; 0
      000382 00                    1209 	.db #0x00	; 0
      000383 00                    1210 	.db #0x00	; 0
      000384 00                    1211 	.db #0x00	; 0
      000385 00                    1212 	.db #0x00	; 0
      000386 00                    1213 	.db #0x00	; 0
      000387 00                    1214 	.db #0x00	; 0
      000388 00                    1215 	.db #0x00	; 0
      000389 00                    1216 	.db #0x00	; 0
      00038A 00                    1217 	.db #0x00	; 0
      00038B 00                    1218 	.db #0x00	; 0
      00038C 00                    1219 	.db #0x00	; 0
      00038D 00                    1220 	.db #0x00	; 0
      00038E 00                    1221 	.db #0x00	; 0
      00038F 00                    1222 	.db #0x00	; 0
                                   1223 	.area _CABS (ABS)
